Component: Arm Compiler for Embedded 6.22 Tool: armlink [5ee90200]

==============================================================================

Section Cross References

    startup_stm32f103xb.o(STACK) refers (Special) to heapauxi.o(.text) for __use_two_region_memory
    startup_stm32f103xb.o(HEAP) refers (Special) to heapauxi.o(.text) for __use_two_region_memory
    startup_stm32f103xb.o(RESET) refers (Special) to heapauxi.o(.text) for __use_two_region_memory
    startup_stm32f103xb.o(RESET) refers to startup_stm32f103xb.o(STACK) for __initial_sp
    startup_stm32f103xb.o(RESET) refers to startup_stm32f103xb.o(.text) for Reset_Handler
    startup_stm32f103xb.o(RESET) refers to stm32f1xx_it.o(.text.NMI_Handler) for NMI_Handler
    startup_stm32f103xb.o(RESET) refers to stm32f1xx_it.o(.text.HardFault_Handler) for HardFault_Handler
    startup_stm32f103xb.o(RESET) refers to stm32f1xx_it.o(.text.MemManage_Handler) for MemManage_Handler
    startup_stm32f103xb.o(RESET) refers to stm32f1xx_it.o(.text.BusFault_Handler) for BusFault_Handler
    startup_stm32f103xb.o(RESET) refers to stm32f1xx_it.o(.text.UsageFault_Handler) for UsageFault_Handler
    startup_stm32f103xb.o(RESET) refers to stm32f1xx_it.o(.text.SVC_Handler) for SVC_Handler
    startup_stm32f103xb.o(RESET) refers to stm32f1xx_it.o(.text.DebugMon_Handler) for DebugMon_Handler
    startup_stm32f103xb.o(RESET) refers to stm32f1xx_it.o(.text.PendSV_Handler) for PendSV_Handler
    startup_stm32f103xb.o(RESET) refers to stm32f1xx_it.o(.text.SysTick_Handler) for SysTick_Handler
    startup_stm32f103xb.o(RESET) refers to stm32f1xx_it.o(.text.USART1_IRQHandler) for USART1_IRQHandler
    startup_stm32f103xb.o(RESET) refers to stm32f1xx_it.o(.text.USART2_IRQHandler) for USART2_IRQHandler
    startup_stm32f103xb.o(RESET) refers to stm32f1xx_it.o(.text.USART3_IRQHandler) for USART3_IRQHandler
    startup_stm32f103xb.o(.text) refers (Special) to heapauxi.o(.text) for __use_two_region_memory
    startup_stm32f103xb.o(.text) refers to system_stm32f1xx.o(.text.SystemInit) for SystemInit
    startup_stm32f103xb.o(.text) refers to __main.o(!!!main) for __main
    startup_stm32f103xb.o(.text) refers to startup_stm32f103xb.o(HEAP) for Heap_Mem
    startup_stm32f103xb.o(.text) refers to startup_stm32f103xb.o(STACK) for Stack_Mem
    BC260Y.o(.text) refers (Special) to _printf_percent.o(.ARM.Collect$$_printf_percent$$00000000) for _printf_percent
    BC260Y.o(.text) refers (Special) to _printf_d.o(.ARM.Collect$$_printf_percent$$00000009) for _printf_d
    BC260Y.o(.text) refers (Special) to _printf_dec.o(.text) for _printf_int_dec
    BC260Y.o(.text.Clear_Buffer) refers (Special) to _printf_percent.o(.ARM.Collect$$_printf_percent$$00000000) for _printf_percent
    BC260Y.o(.text.Clear_Buffer) refers (Special) to _printf_d.o(.ARM.Collect$$_printf_percent$$00000009) for _printf_d
    BC260Y.o(.text.Clear_Buffer) refers (Special) to _printf_dec.o(.text) for _printf_int_dec
    BC260Y.o(.text.Clear_Buffer) refers to BC260Y.o(.bss.BC260_RxBuffer) for BC260_RxBuffer
    BC260Y.o(.text.Clear_Buffer) refers to strlen.o(.text) for strlen
    BC260Y.o(.text.Clear_Buffer) refers to usart.o(.bss.huart2) for huart2
    BC260Y.o(.text.Clear_Buffer) refers to stm32f1xx_hal_uart.o(.text.HAL_UART_Transmit) for HAL_UART_Transmit
    BC260Y.o(.text.Clear_Buffer) refers to rt_memclr_w.o(.text) for __aeabi_memclr4
    BC260Y.o(.text.Clear_Buffer) refers to BC260Y.o(.bss.BC260_RxCounter) for BC260_RxCounter
    BC260Y.o(.ARM.exidx.text.Clear_Buffer) refers (Special) to _printf_percent.o(.ARM.Collect$$_printf_percent$$00000000) for _printf_percent
    BC260Y.o(.ARM.exidx.text.Clear_Buffer) refers (Special) to _printf_d.o(.ARM.Collect$$_printf_percent$$00000009) for _printf_d
    BC260Y.o(.ARM.exidx.text.Clear_Buffer) refers (Special) to _printf_dec.o(.text) for _printf_int_dec
    BC260Y.o(.ARM.exidx.text.Clear_Buffer) refers to BC260Y.o(.text.Clear_Buffer) for [Anonymous Symbol]
    BC260Y.o(.text.BC260Y_Init) refers (Special) to _printf_percent.o(.ARM.Collect$$_printf_percent$$00000000) for _printf_percent
    BC260Y.o(.text.BC260Y_Init) refers (Special) to _printf_d.o(.ARM.Collect$$_printf_percent$$00000009) for _printf_d
    BC260Y.o(.text.BC260Y_Init) refers (Special) to _printf_dec.o(.text) for _printf_int_dec
    BC260Y.o(.text.BC260Y_Init) refers to usart.o(.bss.huart2) for huart2
    BC260Y.o(.text.BC260Y_Init) refers to stm32f1xx_hal_uart.o(.text.HAL_UART_Transmit) for HAL_UART_Transmit
    BC260Y.o(.text.BC260Y_Init) refers to stm32f1xx_hal.o(.text.HAL_Delay) for HAL_Delay
    BC260Y.o(.text.BC260Y_Init) refers to BC260Y.o(.bss.BC260_RxBuffer) for BC260_RxBuffer
    BC260Y.o(.text.BC260Y_Init) refers to BC260Y.o(.rodata.str1.1) for .L.str
    BC260Y.o(.text.BC260Y_Init) refers to strstr.o(.text) for strstr
    BC260Y.o(.text.BC260Y_Init) refers to BC260Y.o(.bss.strx) for strx
    BC260Y.o(.text.BC260Y_Init) refers to strlen.o(.text) for strlen
[...]
    ../clib/stdio.c                          0x00000000   Number         0  streamlock.o ABSOLUTE
    ../clib/stdio.c                          0x00000000   Number         0  fopen.o ABSOLUTE
    ../clib/stdio.c                          0x00000000   Number         0  fclose.o ABSOLUTE
    ../clib/stdio.c                          0x00000000   Number         0  puts_locked.o ABSOLUTE
    ../clib/stdio.c                          0x00000000   Number         0  setvbuf_locked.o ABSOLUTE
    ../clib/stdio.c                          0x00000000   Number         0  fopen_locked.o ABSOLUTE
    ../clib/stdio.c                          0x00000000   Number         0  fwritefast_locked.o ABSOLUTE
    ../clib/stdio.c                          0x00000000   Number         0  fflush.o ABSOLUTE
    ../clib/stdio.c                          0x00000000   Number         0  fputs.o ABSOLUTE
    ../clib/stdio.c                          0x00000000   Number         0  fseek.o ABSOLUTE
    ../clib/stdio.c                          0x00000000   Number         0  fputs_locked.o ABSOLUTE
    ../clib/stdio.c                          0x00000000   Number         0  fflush_locked.o ABSOLUTE
    ../clib/stdio.c                          0x00000000   Number         0  ftell.o ABSOLUTE
    ../clib/stdlib.c                         0x00000000   Number         0  exit.o ABSOLUTE
    ../clib/string.c                         0x00000000   Number         0  strstr.o ABSOLUTE
    ../clib/string.c                         0x00000000   Number         0  strlen.o ABSOLUTE
    ../clib/wchar.c                          0x00000000   Number         0  flsbuf_fwide.o ABSOLUTE
    ../fplib/dretinf.s                       0x00000000   Number         0  dretinf.o ABSOLUTE
    ../fplib/f2d.s                           0x00000000   Number         0  f2d.o ABSOLUTE
    ../fplib/fdiv.s                          0x00000000   Number         0  fdiv.o ABSOLUTE
    ../fplib/fflt.s                          0x00000000   Number         0  fflt_clz.o ABSOLUTE
    ../fplib/fnaninf.s                       0x00000000   Number         0  fnaninf.o ABSOLUTE
    ../fplib/fpinit.s                        0x00000000   Number         0  fpinit.o ABSOLUTE
    ../fplib/fpinit_empty.s                  0x00000000   Number         0  fpinit_empty.o ABSOLUTE
    ../fplib/fretinf.s                       0x00000000   Number         0  fretinf.o ABSOLUTE
    ../fplib/istatus.s                       0x00000000   Number         0  istatus.o ABSOLUTE
    ../fplib/printf1.s                       0x00000000   Number         0  printf1.o ABSOLUTE
    ../fplib/usenofp.s                       0x00000000   Number         0  usenofp.o ABSOLUTE
    ../mathlib/fpclassify.c                  0x00000000   Number         0  fpclassify.o ABSOLUTE
    BC260Y.c                                 0x00000000   Number         0  BC260Y.o ABSOLUTE
    C:/Users/Michael_Chemic/Desktop/BC260Y_COD_MQTT/Remote_data_acquisition_system/MDK-ARM/startup_stm32f103xb.s 0x00000000   Number         0  startup_stm32f103xb.o ABSOLUTE
    COD.c                                    0x00000000   Number         0  COD.o ABSOLUTE
    dc.s                                     0x00000000   Number         0  dc.o ABSOLUTE
    gpio.c                                   0x00000000   Number         0  gpio.o ABSOLUTE
    main.c                                   0x00000000   Number         0  main.o ABSOLUTE
    stm32f1xx_hal.c                          0x00000000   Number         0  stm32f1xx_hal.o ABSOLUTE
    stm32f1xx_hal_cortex.c                   0x00000000   Number         0  stm32f1xx_hal_cortex.o ABSOLUTE
    stm32f1xx_hal_dma.c                      0x00000000   Number         0  stm32f1xx_hal_dma.o ABSOLUTE
    stm32f1xx_hal_exti.c                     0x00000000   Number         0  stm32f1xx_hal_exti.o ABSOLUTE
    stm32f1xx_hal_flash.c                    0x00000000   Number         0  stm32f1xx_hal_flash.o ABSOLUTE
    stm32f1xx_hal_flash_ex.c                 0x00000000   Number         0  stm32f1xx_hal_flash_ex.o ABSOLUTE
    stm32f1xx_hal_gpio.c                     0x00000000   Number         0  stm32f1xx_hal_gpio.o ABSOLUTE
    stm32f1xx_hal_gpio_ex.c                  0x00000000   Number         0  stm32f1xx_hal_gpio_ex.o ABSOLUTE
    stm32f1xx_hal_msp.c                      0x00000000   Number         0  stm32f1xx_hal_msp.o ABSOLUTE
    stm32f1xx_hal_pwr.c                      0x00000000   Number         0  stm32f1xx_hal_pwr.o ABSOLUTE
    stm32f1xx_hal_rcc.c                      0x00000000   Number         0  stm32f1xx_hal_rcc.o ABSOLUTE
    stm32f1xx_hal_rcc_ex.c                   0x00000000   Number         0  stm32f1xx_hal_rcc_ex.o ABSOLUTE
    stm32f1xx_hal_tim.c                      0x00000000   Number         0  stm32f1xx_hal_tim.o ABSOLUTE
    stm32f1xx_hal_tim_ex.c                   0x00000000   Number         0  stm32f1xx_hal_tim_ex.o ABSOLUTE
    stm32f1xx_hal_uart.c                     0x00000000   Number         0  stm32f1xx_hal_uart.o ABSOLUTE
    stm32f1xx_it.c                           0x00000000   Number         0  stm32f1xx_it.o ABSOLUTE
    system_stm32f1xx.c                       0x00000000   Number         0  system_stm32f1xx.o ABSOLUTE
    usart.c                                  0x00000000   Number         0  usart.o ABSOLUTE
    RESET                                    0x08000000   Section      236  startup_stm32f103xb.o(RESET)
    !!!main                                  0x080000ec   Section        8  __main.o(!!!main)
    !!!scatter                               0x080000f4   Section       92  __scatter.o(!!!scatter)
    !!handler_copy                           0x08000150   Section       26  __scatter_copy.o(!!handler_copy)
    !!handler_null                           0x0800016c   Section        2  __scatter.o(!!handler_null)
    !!handler_zi                             0x08000170   Section       28  __scatter_zi.o(!!handler_zi)
    .ARM.Collect$$_printf_percent$$00000000  0x0800018c   Section        0  _printf_percent.o(.ARM.Collect$$_printf_percent$$00000000)
    .ARM.Collect$$_printf_percent$$00000003  0x0800018c   Section        6  _printf_f.o(.ARM.Collect$$_printf_percent$$00000003)
    .ARM.Collect$$_printf_percent$$00000017  0x08000192   Section        4  _printf_percent_end.o(.ARM.Collect$$_printf_percent$$00000017)
    .ARM.Collect$$libinit$$00000000          0x08000196   Section        2  libinit.o(.ARM.Collect$$libinit$$00000000)
    .ARM.Collect$$libinit$$00000002          0x08000198   Section        0  libinit2.o(.ARM.Collect$$libinit$$00000002)
    .ARM.Collect$$libinit$$00000004          0x08000198   Section        0  libinit2.o(.ARM.Collect$$libinit$$00000004)
    .ARM.Collect$$libinit$$00000006          0x08000198   Section        0  libinit2.o(.ARM.Collect$$libinit$$00000006)
    .ARM.Collect$$libinit$$00000007          0x08000198   Section        8  libinit2.o(.ARM.Collect$$libinit$$00000007)
    .ARM.Collect$$libinit$$0000000C          0x080001a0   Section        0  libinit2.o(.ARM.Collect$$libinit$$0000000C)
    .ARM.Collect$$libinit$$0000000E          0x080001a0   Section        0  libinit2.o(.ARM.Collect$$libinit$$0000000E)
    .ARM.Collect$$libinit$$00000010          0x080001a0   Section        0  libinit2.o(.ARM.Collect$$libinit$$00000010)
    .ARM.Collect$$libinit$$00000011          0x080001a0   Section        6  libinit2.o(.ARM.Collect$$libinit$$00000011)
    .ARM.Collect$$libinit$$00000013          0x080001a6   Section        0  libinit2.o(.ARM.Collect$$libinit$$00000013)
    .ARM.Collect$$libinit$$00000015          0x080001a6   Section        0  libinit2.o(.ARM.Collect$$libinit$$00000015)
    .ARM.Collect$$libinit$$00000017          0x080001a6   Section        0  libinit2.o(.ARM.Collect$$libinit$$00000017)
    .ARM.Collect$$libinit$$00000018          0x080001a6   Section       10  libinit2.o(.ARM.Collect$$libinit$$00000018)
    .ARM.Collect$$libinit$$00000019          0x080001b0   Section        0  libinit2.o(.ARM.Collect$$libinit$$00000019)
    .ARM.Collect$$libinit$$0000001B          0x080001b0   Section        0  libinit2.o(.ARM.Collect$$libinit$$0000001B)
    .ARM.Collect$$libinit$$0000001D          0x080001b0   Section        0  libinit2.o(.ARM.Collect$$libinit$$0000001D)
    .ARM.Collect$$libinit$$0000001F          0x080001b0   Section        0  libinit2.o(.ARM.Collect$$libinit$$0000001F)
    .ARM.Collect$$libinit$$00000021          0x080001b0   Section        0  libinit2.o(.ARM.Collect$$libinit$$00000021)
    .ARM.Collect$$libinit$$00000023          0x080001b0   Section        0  libinit2.o(.ARM.Collect$$libinit$$00000023)
    .ARM.Collect$$libinit$$00000025          0x080001b0   Section        0  libinit2.o(.ARM.Collect$$libinit$$00000025)
    .ARM.Collect$$libinit$$00000026          0x080001b0   Section        4  libinit2.o(.ARM.Collect$$libinit$$00000026)
    .ARM.Collect$$libinit$$00000027          0x080001b4   Section        0  libinit2.o(.ARM.Collect$$libinit$$00000027)
    .ARM.Collect$$libinit$$0000002E          0x080001b4   Section        0  libinit2.o(.ARM.Collect$$libinit$$0000002E)
    .ARM.Collect$$libinit$$00000030          0x080001b4   Section        0  libinit2.o(.ARM.Collect$$libinit$$00000030)
    .ARM.Collect$$libinit$$00000032          0x080001b4   Section        0  libinit2.o(.ARM.Collect$$libinit$$00000032)
    .ARM.Collect$$libinit$$00000034          0x080001b4   Section        0  libinit2.o(.ARM.Collect$$libinit$$00000034)
    .ARM.Collect$$libinit$$00000035          0x080001b4   Section        2  libinit2.o(.ARM.Collect$$libinit$$00000035)
    .ARM.Collect$$libshutdown$$00000000      0x080001b6   Section        2  libshutdown.o(.ARM.Collect$$libshutdown$$00000000)
    .ARM.Collect$$libshutdown$$00000002      0x080001b8   Section        0  libshutdown2.o(.ARM.Collect$$libshutdown$$00000002)
    .ARM.Collect$$libshutdown$$00000003      0x080001b8   Section        4  libshutdown2.o(.ARM.Collect$$libshutdown$$00000003)
    .ARM.Collect$$libshutdown$$00000004      0x080001bc   Section        0  libshutdown2.o(.ARM.Collect$$libshutdown$$00000004)
    .ARM.Collect$$libshutdown$$00000007      0x080001bc   Section        0  libshutdown2.o(.ARM.Collect$$libshutdown$$00000007)
    .ARM.Collect$$libshutdown$$0000000A      0x080001bc   Section        0  libshutdown2.o(.ARM.Collect$$libshutdown$$0000000A)
    .ARM.Collect$$libshutdown$$0000000C      0x080001bc   Section        0  libshutdown2.o(.ARM.Collect$$libshutdown$$0000000C)
    .ARM.Collect$$libshutdown$$0000000F      0x080001bc   Section        0  libshutdown2.o(.ARM.Collect$$libshutdown$$0000000F)
    .ARM.Collect$$libshutdown$$00000010      0x080001bc   Section        2  libshutdown2.o(.ARM.Collect$$libshutdown$$00000010)
    .ARM.Collect$$rtentry$$00000000          0x080001be   Section        0  __rtentry.o(.ARM.Collect$$rtentry$$00000000)
    .ARM.Collect$$rtentry$$00000002          0x080001be   Section        0  __rtentry2.o(.ARM.Collect$$rtentry$$00000002)
    .ARM.Collect$$rtentry$$00000004          0x080001be   Section        6  __rtentry4.o(.ARM.Collect$$rtentry$$00000004)
    .ARM.Collect$$rtentry$$00000009          0x080001c4   Section        0  __rtentry2.o(.ARM.Collect$$rtentry$$00000009)
    .ARM.Collect$$rtentry$$0000000A          0x080001c4   Section        4  __rtentry2.o(.ARM.Collect$$rtentry$$0000000A)
    .ARM.Collect$$rtentry$$0000000C          0x080001c8   Section        0  __rtentry2.o(.ARM.Collect$$rtentry$$0000000C)
    .ARM.Collect$$rtentry$$0000000D          0x080001c8   Section        8  __rtentry2.o(.ARM.Collect$$rtentry$$0000000D)
    .ARM.Collect$$rtexit$$00000000           0x080001d0   Section        2  rtexit.o(.ARM.Collect$$rtexit$$00000000)
    .ARM.Collect$$rtexit$$00000002           0x080001d2   Section        0  rtexit2.o(.ARM.Collect$$rtexit$$00000002)
    .ARM.Collect$$rtexit$$00000003           0x080001d2   Section        4  rtexit2.o(.ARM.Collect$$rtexit$$00000003)
    .ARM.Collect$$rtexit$$00000004           0x080001d6   Section        6  rtexit2.o(.ARM.Collect$$rtexit$$00000004)
    .text                                    0x080001dc   Section       64  startup_stm32f103xb.o(.text)
    .text                                    0x0800021c   Section        0  noretval__2printf.o(.text)
    .text                                    0x08000234   Section        0  __printf_wp.o(.text)
    .text                                    0x08000344   Section        0  puts.o(.text)
    .text                                    0x08000370   Section        0  strlen.o(.text)
    .text                                    0x080003ae   Section       78  rt_memclr_w.o(.text)
    .text                                    0x080003fc   Section        0  heapauxi.o(.text)
    _fp_digits                               0x08000403   Thumb Code   432  _printf_fp_dec.o(.text)
    .text                                    0x08000402   Section        0  _printf_fp_dec.o(.text)
    _printf_input_char                       0x08000821   Thumb Code    10  _printf_char_common.o(.text)
    .text                                    0x08000820   Section        0  _printf_char_common.o(.text)
    .text                                    0x08000850   Section        0  _printf_char_file.o(.text)
    .text                                    0x08000874   Section        8  rt_locale_intlibspace.o(.text)
    .text                                    0x0800087c   Section      138  lludiv10.o(.text)
    .text                                    0x08000908   Section        0  _printf_fp_infnan.o(.text)
    .text                                    0x08000988   Section        0  bigflt0.o(.text)
    .text                                    0x08000a6c   Section        0  ferror.o(.text)
    .text                                    0x08000a74   Section        0  flsbuf.o(.text)
    .text                                    0x08000c58   Section        0  initio.o(.text)
    .text                                    0x08000d90   Section        0  sys_io.o(.text)
    .text                                    0x08000df8   Section        8  libspace.o(.text)
    .text                                    0x08000e00   Section       74  sys_stackheap_outer.o(.text)
    .text                                    0x08000e4a   Section        0  h1_alloc.o(.text)
    .text                                    0x08000ea8   Section        0  h1_free.o(.text)
    .text                                    0x08000ef6   Section        0  setvbuf.o(.text)
    .text                                    0x08000f3c   Section        0  stdio.o(.text)
    _freopen_locked                          0x08001045   Thumb Code     0  fopen.o(.text)
    .text                                    0x08001044   Section        0  fopen.o(.text)
    .text                                    0x08001134   Section        0  fclose.o(.text)
    .text                                    0x08001180   Section        0  exit.o(.text)
    .text                                    0x08001192   Section        0  defsig_rtred_outer.o(.text)
    .text                                    0x080011a0   Section      128  strcmpv7m.o(.text)
    .text                                    0x08001220   Section        2  use_no_semi.o(.text)
    .text                                    0x08001222   Section        0  indicate_semi.o(.text)
    .text                                    0x08001224   Section        8  rt_heap_descriptor_intlibspace.o(.text)
    .text                                    0x0800122c   Section        0  hguard.o(.text)
    .text                                    0x08001230   Section        0  init_alloc.o(.text)
    .text                                    0x080012ba   Section        0  h1_init.o(.text)
    .text                                    0x080012c8   Section        0  fseek.o(.text)
    .text                                    0x080013c0   Section        0  defsig_exit.o(.text)
    .text                                    0x080013cc   Section        0  defsig_rtred_inner.o(.text)
    .text                                    0x08001400   Section        0  sys_exit.o(.text)
    .text                                    0x0800140c   Section        0  maybetermalloc1.o(.text)
    .text                                    0x0800140c   Section        0  h1_extend.o(.text)
    .text                                    0x08001440   Section        0  ftell.o(.text)
    .text                                    0x08001482   Section        0  defsig_general.o(.text)
    .text                                    0x080014b4   Section        0  defsig_rtmem_outer.o(.text)
    .text                                    0x080014c2   Section        0  sys_wrch.o(.text)
    .text                                    0x080014d0   Section        8  rt_errno_addr_intlibspace.o(.text)
    .text                                    0x080014d8   Section        0  defsig_rtmem_inner.o(.text)
    [Anonymous Symbol]                       0x08001528   Section        0  stm32f1xx_it.o(.text.BusFault_Handler)
    [Anonymous Symbol]                       0x0800152c   Section        0  stm32f1xx_it.o(.text.DebugMon_Handler)
    [Anonymous Symbol]                       0x08001530   Section        0  main.o(.text.Error_Handler)
    [Anonymous Symbol]                       0x0800153c   Section        0  stm32f1xx_hal_dma.o(.text.HAL_DMA_Abort)
    [Anonymous Symbol]                       0x0800157c   Section        0  stm32f1xx_hal_dma.o(.text.HAL_DMA_Abort_IT)
    [Anonymous Symbol]                       0x08001630   Section        0  stm32f1xx_hal_gpio.o(.text.HAL_GPIO_Init)
    [Anonymous Symbol]                       0x08001834   Section        0  stm32f1xx_hal_gpio.o(.text.HAL_GPIO_WritePin)
    [Anonymous Symbol]                       0x08001840   Section        0  stm32f1xx_hal.o(.text.HAL_GetTick)
    [Anonymous Symbol]                       0x0800184c   Section        0  stm32f1xx_hal.o(.text.HAL_IncTick)
    [Anonymous Symbol]                       0x08001868   Section        0  stm32f1xx_hal.o(.text.HAL_Init)
    [Anonymous Symbol]                       0x08001890   Section        0  stm32f1xx_hal.o(.text.HAL_InitTick)
    [Anonymous Symbol]                       0x080018e0   Section        0  stm32f1xx_hal_msp.o(.text.HAL_MspInit)
    [Anonymous Symbol]                       0x08001924   Section        0  stm32f1xx_hal_cortex.o(.text.HAL_NVIC_EnableIRQ)
    [Anonymous Symbol]                       0x08001948   Section        0  stm32f1xx_hal_cortex.o(.text.HAL_NVIC_SetPriority)
    [Anonymous Symbol]                       0x080019a0   Section        0  stm32f1xx_hal_cortex.o(.text.HAL_NVIC_SetPriorityGrouping)
    [Anonymous Symbol]                       0x080019c0   Section        0  stm32f1xx_hal_rcc.o(.text.HAL_RCC_ClockConfig)
    [Anonymous Symbol]                       0x08001b74   Section        0  stm32f1xx_hal_rcc.o(.text.HAL_RCC_GetPCLK1Freq)
    [Anonymous Symbol]                       0x08001b9c   Section        0  stm32f1xx_hal_rcc.o(.text.HAL_RCC_GetPCLK2Freq)
    [Anonymous Symbol]                       0x08001bc4   Section        0  stm32f1xx_hal_rcc.o(.text.HAL_RCC_OscConfig)
    [Anonymous Symbol]                       0x08001efc   Section        0  stm32f1xx_hal_cortex.o(.text.HAL_SYSTICK_Config)
    [Anonymous Symbol]                       0x08001f28   Section        0  stm32f1xx_hal_uart.o(.text.HAL_UARTEx_RxEventCallback)
    [Anonymous Symbol]                       0x08001f2c   Section        0  stm32f1xx_hal_uart.o(.text.HAL_UART_ErrorCallback)
    [Anonymous Symbol]                       0x08001f30   Section        0  stm32f1xx_hal_uart.o(.text.HAL_UART_IRQHandler)
    [Anonymous Symbol]                       0x08002234   Section        0  stm32f1xx_hal_uart.o(.text.HAL_UART_Init)
    [Anonymous Symbol]                       0x08002314   Section        0  usart.o(.text.HAL_UART_MspInit)
    [Anonymous Symbol]                       0x08002468   Section        0  stm32f1xx_hal_uart.o(.text.HAL_UART_Receive)
    [Anonymous Symbol]                       0x080025bc   Section        0  stm32f1xx_hal_uart.o(.text.HAL_UART_RxCpltCallback)
    [Anonymous Symbol]                       0x080025c0   Section        0  stm32f1xx_hal_uart.o(.text.HAL_UART_Transmit)
    [Anonymous Symbol]                       0x080026b4   Section        0  stm32f1xx_hal_uart.o(.text.HAL_UART_TxCpltCallback)
    [Anonymous Symbol]                       0x080026b8   Section        0  stm32f1xx_it.o(.text.HardFault_Handler)
    [Anonymous Symbol]                       0x080026bc   Section        0  gpio.o(.text.MX_GPIO_Init)
    [Anonymous Symbol]                       0x0800274c   Section        0  usart.o(.text.MX_USART1_UART_Init)
    [Anonymous Symbol]                       0x08002788   Section        0  usart.o(.text.MX_USART2_UART_Init)
    [Anonymous Symbol]                       0x080027c4   Section        0  usart.o(.text.MX_USART3_UART_Init)
    [Anonymous Symbol]                       0x08002800   Section        0  stm32f1xx_it.o(.text.MemManage_Handler)
    [Anonymous Symbol]                       0x08002804   Section        0  COD.o(.text.Modbus_Read_Register)
    [Anonymous Symbol]                       0x08002874   Section        0  COD.o(.text.Modbus_Receive_Response)
    [Anonymous Symbol]                       0x0800298c   Section        0  stm32f1xx_it.o(.text.NMI_Handler)
    [Anonymous Symbol]                       0x08002990   Section        0  stm32f1xx_it.o(.text.PendSV_Handler)
    [Anonymous Symbol]                       0x08002994   Section        0  stm32f1xx_it.o(.text.SVC_Handler)
    [Anonymous Symbol]                       0x08002998   Section        0  stm32f1xx_it.o(.text.SysTick_Handler)
    [Anonymous Symbol]                       0x0800299c   Section        0  system_stm32f1xx.o(.text.SystemInit)
    UART_DMAAbortOnError                     0x080029a1   Thumb Code    12  stm32f1xx_hal_uart.o(.text.UART_DMAAbortOnError)
    [Anonymous Symbol]                       0x080029a0   Section        0  stm32f1xx_hal_uart.o(.text.UART_DMAAbortOnError)
    UART_Receive_IT                          0x080029ad   Thumb Code   192  stm32f1xx_hal_uart.o(.text.UART_Receive_IT)
    [Anonymous Symbol]                       0x080029ac   Section        0  stm32f1xx_hal_uart.o(.text.UART_Receive_IT)
    [Anonymous Symbol]                       0x08002a6c   Section        0  stm32f1xx_it.o(.text.USART1_IRQHandler)
    [Anonymous Symbol]                       0x08002a78   Section        0  stm32f1xx_it.o(.text.USART2_IRQHandler)
    [Anonymous Symbol]                       0x08002a84   Section        0  stm32f1xx_it.o(.text.USART3_IRQHandler)
    [Anonymous Symbol]                       0x08002a90   Section        0  stm32f1xx_it.o(.text.UsageFault_Handler)
    [Anonymous Symbol]                       0x08002a94   Section        0  main.o(.text.main)
    CL$$btod_d2e                             0x08002b2a   Section       62  btod.o(CL$$btod_d2e)
    CL$$btod_d2e_denorm_low                  0x08002b68   Section       70  btod.o(CL$$btod_d2e_denorm_low)
    CL$$btod_d2e_norm_op1                    0x08002bae   Section       96  btod.o(CL$$btod_d2e_norm_op1)
    CL$$btod_div_common                      0x08002c10   Section      824  btod.o(CL$$btod_div_common)
    CL$$btod_e2e                             0x08002f48   Section      220  btod.o(CL$$btod_e2e)
    CL$$btod_ediv                            0x08003024   Section       42  btod.o(CL$$btod_ediv)
    CL$$btod_emul                            0x0800304e   Section       42  btod.o(CL$$btod_emul)
    CL$$btod_mult_common                     0x08003078   Section      580  btod.o(CL$$btod_mult_common)
    i.__ARM_fpclassify                       0x080032bc   Section        0  fpclassify.o(i.__ARM_fpclassify)
    i._is_digit                              0x080032e4   Section        0  __printf_wp.o(i._is_digit)
    i.fputc                                  0x080032f2   Section        0  fputc.o(i.fputc)
    locale$$code                             0x08003310   Section       44  lc_numeric_c.o(locale$$code)
    x$fpl$dretinf                            0x0800333c   Section       12  dretinf.o(x$fpl$dretinf)
    x$fpl$f2d                                0x08003348   Section       86  f2d.o(x$fpl$f2d)
    _fdiv1                                   0x080033a1   Thumb Code     0  fdiv.o(x$fpl$fdiv)
    x$fpl$fdiv                               0x080033a0   Section      388  fdiv.o(x$fpl$fdiv)
    x$fpl$fflt                               0x08003524   Section       48  fflt_clz.o(x$fpl$fflt)
    x$fpl$fnaninf                            0x08003554   Section      140  fnaninf.o(x$fpl$fnaninf)
    x$fpl$fretinf                            0x080035e0   Section       10  fretinf.o(x$fpl$fretinf)
    x$fpl$printf1                            0x080035ea   Section        4  printf1.o(x$fpl$printf1)
    x$fpl$usenofp                            0x080035ee   Section        0  usenofp.o(x$fpl$usenofp)
    tenpwrs_x                                0x080035f0   Data          60  bigflt0.o(.constdata)
    .constdata                               0x080035f0   Section      148  bigflt0.o(.constdata)
    tenpwrs_i                                0x0800362c   Data          64  bigflt0.o(.constdata)
    .constdata                               0x08003684   Section        4  sys_io_names.o(.constdata)
    .constdata                               0x08003688   Section        4  sys_io_names.o(.constdata)
    .constdata                               0x0800368c   Section        4  sys_io_names.o(.constdata)
    HAL_RCC_GetSysClockFreq.aPredivFactorTable 0x080036a8   Data           2  stm32f1xx_hal_rcc.o(.rodata.HAL_RCC_GetSysClockFreq.aPredivFactorTable)
    [Anonymous Symbol]                       0x080036a8   Section        0  stm32f1xx_hal_rcc.o(.rodata.HAL_RCC_GetSysClockFreq.aPredivFactorTable)
    HAL_RCC_GetSysClockFreq.aPLLMULFactorTable 0x080036aa   Data          16  stm32f1xx_hal_rcc.o(.rodata.cst16)
    [Anonymous Symbol]                       0x080036aa   Section        0  stm32f1xx_hal_rcc.o(.rodata.cst16)
    locale$$data                             0x080036dc   Section       28  lc_numeric_c.o(locale$$data)
    __lcnum_c_name                           0x080036e0   Data           2  lc_numeric_c.o(locale$$data)
    __lcnum_c_start                          0x080036e8   Data           0  lc_numeric_c.o(locale$$data)
    __lcnum_c_point                          0x080036f4   Data           0  lc_numeric_c.o(locale$$data)
    __lcnum_c_thousands                      0x080036f6   Data           0  lc_numeric_c.o(locale$$data)
    __lcnum_c_grouping                       0x080036f7   Data           0  lc_numeric_c.o(locale$$data)
    __lcnum_c_end                            0x080036f8   Data           0  lc_numeric_c.o(locale$$data)
    .data                                    0x20000000   Section        4  stdio_streams.o(.data)
    .data                                    0x20000004   Section        4  stdio_streams.o(.data)
    .data                                    0x20000008   Section        4  stdio_streams.o(.data)
    .bss                                     0x20000018   Section       84  stdio_streams.o(.bss)
    .bss                                     0x2000006c   Section       84  stdio_streams.o(.bss)
    .bss                                     0x200000c0   Section       84  stdio_streams.o(.bss)
    .bss                                     0x20000114   Section       96  libspace.o(.bss)
    Heap_Mem                                 0x20000250   Data         512  startup_stm32f103xb.o(HEAP)
    HEAP                                     0x20000250   Section      512  startup_stm32f103xb.o(HEAP)
    Stack_Mem                                0x20000450   Data        1024  startup_stm32f103xb.o(STACK)
    STACK                                    0x20000450   Section     1024  startup_stm32f103xb.o(STACK)
    __initial_sp                             0x20000850   Data           0  startup_stm32f103xb.o(STACK)

    Global Symbols

    Symbol Name                              Value     Ov Type        Size  Object(Section)

    BuildAttributes$$THM_ISAv4$P$D$K$B$S$PE$A:L22UL41UL21$X:L11$S22US41US21$IEEE1$IW$~IW$USESV6$~STKCKD$USESV7$~SHL$OTIME$ROPI$IEEEJ$EBA8$UX$STANDARDLIB$REQ8$PRES8$EABIv2 0x00000000   Number         0  anon$$obj.o ABSOLUTE
    __fp_init_empty                          0x00000000   Number         0  fpinit_empty.o ABSOLUTE
    _printf_flags                            0x00000000   Number         0  printf_stubs.o ABSOLUTE
    _printf_return_value                     0x00000000   Number         0  printf_stubs.o ABSOLUTE
    _printf_sizespec                         0x00000000   Number         0  printf_stubs.o ABSOLUTE
    _printf_widthprec                        0x00000000   Number         0  printf_stubs.o ABSOLUTE
    __ARM_exceptions_init                     - Undefined Weak Reference
    __alloca_initialize                       - Undefined Weak Reference
    __arm_preinit_                            - Undefined Weak Reference
    __arm_relocate_pie_                       - Undefined Weak Reference
    __cpp_initialize__aeabi_                  - Undefined Weak Reference
    __cxa_finalize                            - Undefined Weak Reference
    __sigvec_lookup                           - Undefined Weak Reference
    __user_heap_extent                        - Undefined Weak Reference
    _atexit_init                              - Undefined Weak Reference
    _call_atexit_fns                          - Undefined Weak Reference
    _clock_init                               - Undefined Weak Reference
    _fp_trap_init                             - Undefined Weak Reference
    _fp_trap_shutdown                         - Undefined Weak Reference
    _get_lc_collate                           - Undefined Weak Reference
    _get_lc_ctype                             - Undefined Weak Reference
    _get_lc_monetary                          - Undefined Weak Reference
    _get_lc_time                              - Undefined Weak Reference
    _getenv_init                              - Undefined Weak Reference
    _handle_redirection                       - Undefined Weak Reference
    _mutex_acquire                            - Undefined Weak Reference
    _mutex_free                               - Undefined Weak Reference
    _mutex_release                            - Undefined Weak Reference
    _printf_post_padding                      - Undefined Weak Reference
    _printf_pre_padding                       - Undefined Weak Reference
    _printf_truncate_signed                   - Undefined Weak Reference
    _printf_truncate_unsigned                 - Undefined Weak Reference
    _rand_init                                - Undefined Weak Reference
    _signal_finish                            - Undefined Weak Reference
    _signal_init                              - Undefined Weak Reference
    __Vectors_Size                           0x000000ec   Number         0  startup_stm32f103xb.o ABSOLUTE
    __Vectors                                0x08000000   Data           4  startup_stm32f103xb.o(RESET)
    __Vectors_End                            0x080000ec   Data           0  startup_stm32f103xb.o(RESET)
    __main                                   0x080000ed   Thumb Code     8  __main.o(!!!main)
    __scatterload                            0x080000f5   Thumb Code     0  __scatter.o(!!!scatter)
    __scatterload_rt2                        0x080000f5   Thumb Code    84  __scatter.o(!!!scatter)
    __scatterload_rt2_thumb_only             0x080000f5   Thumb Code     0  __scatter.o(!!!scatter)
    __scatterload_loop                       0x080000ff   Thumb Code     0  __scatter.o(!!!scatter)
    __scatterload_copy                       0x08000151   Thumb Code    26  __scatter_copy.o(!!handler_copy)
    __scatterload_null                       0x0800016d   Thumb Code     2  __scatter.o(!!handler_null)
    __scatterload_zeroinit                   0x08000171   Thumb Code    28  __scatter_zi.o(!!handler_zi)
    _printf_f                                0x0800018d   Thumb Code     0  _printf_f.o(.ARM.Collect$$_printf_percent$$00000003)
    _printf_percent                          0x0800018d   Thumb Code     0  _printf_percent.o(.ARM.Collect$$_printf_percent$$00000000)
    _printf_percent_end                      0x08000193   Thumb Code     0  _printf_percent_end.o(.ARM.Collect$$_printf_percent$$00000017)
    __rt_lib_init                            0x08000197   Thumb Code     0  libinit.o(.ARM.Collect$$libinit$$00000000)
    __rt_lib_init_fp_1                       0x08000199   Thumb Code     0  libinit2.o(.ARM.Collect$$libinit$$00000002)
    __rt_lib_init_heap_2                     0x08000199   Thumb Code     0  libinit2.o(.ARM.Collect$$libinit$$00000007)
    __rt_lib_init_preinit_1                  0x08000199   Thumb Code     0  libinit2.o(.ARM.Collect$$libinit$$00000006)
    __rt_lib_init_relocate_pie_1             0x08000199   Thumb Code     0  libinit2.o(.ARM.Collect$$libinit$$00000004)
    __rt_lib_init_heap_1                     0x080001a1   Thumb Code     0  libinit2.o(.ARM.Collect$$libinit$$0000000C)
    __rt_lib_init_lc_common                  0x080001a1   Thumb Code     0  libinit2.o(.ARM.Collect$$libinit$$00000011)
    __rt_lib_init_rand_1                     0x080001a1   Thumb Code     0  libinit2.o(.ARM.Collect$$libinit$$00000010)
    __rt_lib_init_user_alloc_1               0x080001a1   Thumb Code     0  libinit2.o(.ARM.Collect$$libinit$$0000000E)
    __rt_lib_init_lc_collate_1               0x080001a7   Thumb Code     0  libinit2.o(.ARM.Collect$$libinit$$00000013)
    __rt_lib_init_lc_ctype_1                 0x080001a7   Thumb Code     0  libinit2.o(.ARM.Collect$$libinit$$00000015)
    __rt_lib_init_lc_monetary_1              0x080001a7   Thumb Code     0  libinit2.o(.ARM.Collect$$libinit$$00000017)
    __rt_lib_init_lc_numeric_2               0x080001a7   Thumb Code     0  libinit2.o(.ARM.Collect$$libinit$$00000018)
    __rt_lib_init_atexit_1                   0x080001b1   Thumb Code     0  libinit2.o(.ARM.Collect$$libinit$$0000001D)
    __rt_lib_init_clock_1                    0x080001b1   Thumb Code     0  libinit2.o(.ARM.Collect$$libinit$$00000023)
    __rt_lib_init_fp_trap_1                  0x080001b1   Thumb Code     0  libinit2.o(.ARM.Collect$$libinit$$00000021)
    __rt_lib_init_getenv_1                   0x080001b1   Thumb Code     0  libinit2.o(.ARM.Collect$$libinit$$00000025)
    __rt_lib_init_lc_numeric_1               0x080001b1   Thumb Code     0  libinit2.o(.ARM.Collect$$libinit$$00000019)
    __rt_lib_init_lc_time_1                  0x080001b1   Thumb Code     0  libinit2.o(.ARM.Collect$$libinit$$0000001B)
    __rt_lib_init_signal_1                   0x080001b1   Thumb Code     0  libinit2.o(.ARM.Collect$$libinit$$0000001F)
    __rt_lib_init_stdio_2                    0x080001b1   Thumb Code     0  libinit2.o(.ARM.Collect$$libinit$$00000026)
    __rt_lib_init_alloca_1                   0x080001b5   Thumb Code     0  libinit2.o(.ARM.Collect$$libinit$$00000030)
    __rt_lib_init_argv_1                     0x080001b5   Thumb Code     0  libinit2.o(.ARM.Collect$$libinit$$0000002E)
    __rt_lib_init_cpp_1                      0x080001b5   Thumb Code     0  libinit2.o(.ARM.Collect$$libinit$$00000034)
    __rt_lib_init_exceptions_1               0x080001b5   Thumb Code     0  libinit2.o(.ARM.Collect$$libinit$$00000032)
    __rt_lib_init_return                     0x080001b5   Thumb Code     0  libinit2.o(.ARM.Collect$$libinit$$00000035)
    __rt_lib_init_stdio_1                    0x080001b5   Thumb Code     0  libinit2.o(.ARM.Collect$$libinit$$00000027)
    __rt_lib_shutdown                        0x080001b7   Thumb Code     0  libshutdown.o(.ARM.Collect$$libshutdown$$00000000)
    __rt_lib_shutdown_cpp_1                  0x080001b9   Thumb Code     0  libshutdown2.o(.ARM.Collect$$libshutdown$$00000002)
    __rt_lib_shutdown_stdio_2                0x080001b9   Thumb Code     0  libshutdown2.o(.ARM.Collect$$libshutdown$$00000003)
    __rt_lib_shutdown_fp_trap_1              0x080001bd   Thumb Code     0  libshutdown2.o(.ARM.Collect$$libshutdown$$00000007)
    __rt_lib_shutdown_heap_1                 0x080001bd   Thumb Code     0  libshutdown2.o(.ARM.Collect$$libshutdown$$0000000F)
    __rt_lib_shutdown_return                 0x080001bd   Thumb Code     0  libshutdown2.o(.ARM.Collect$$libshutdown$$00000010)
    __rt_lib_shutdown_signal_1               0x080001bd   Thumb Code     0  libshutdown2.o(.ARM.Collect$$libshutdown$$0000000A)
    __rt_lib_shutdown_stdio_1                0x080001bd   Thumb Code     0  libshutdown2.o(.ARM.Collect$$libshutdown$$00000004)
    __rt_lib_shutdown_user_alloc_1           0x080001bd   Thumb Code     0  libshutdown2.o(.ARM.Collect$$libshutdown$$0000000C)
    __rt_entry                               0x080001bf   Thumb Code     0  __rtentry.o(.ARM.Collect$$rtentry$$00000000)
    __rt_entry_presh_1                       0x080001bf   Thumb Code     0  __rtentry2.o(.ARM.Collect$$rtentry$$00000002)
    __rt_entry_sh                            0x080001bf   Thumb Code     0  __rtentry4.o(.ARM.Collect$$rtentry$$00000004)
    __rt_entry_li                            0x080001c5   Thumb Code     0  __rtentry2.o(.ARM.Collect$$rtentry$$0000000A)
    __rt_entry_postsh_1                      0x080001c5   Thumb Code     0  __rtentry2.o(.ARM.Collect$$rtentry$$00000009)
    __rt_entry_main                          0x080001c9   Thumb Code     0  __rtentry2.o(.ARM.Collect$$rtentry$$0000000D)
    __rt_entry_postli_1                      0x080001c9   Thumb Code     0  __rtentry2.o(.ARM.Collect$$rtentry$$0000000C)
    __rt_exit                                0x080001d1   Thumb Code     0  rtexit.o(.ARM.Collect$$rtexit$$00000000)
    __rt_exit_ls                             0x080001d3   Thumb Code     0  rtexit2.o(.ARM.Collect$$rtexit$$00000003)
    __rt_exit_prels_1                        0x080001d3   Thumb Code     0  rtexit2.o(.ARM.Collect$$rtexit$$00000002)
    __rt_exit_exit                           0x080001d7   Thumb Code     0  rtexit2.o(.ARM.Collect$$rtexit$$00000004)
    Reset_Handler                            0x080001dd   Thumb Code     8  startup_stm32f103xb.o(.text)
    ADC1_2_IRQHandler                        0x080001f7   Thumb Code     0  startup_stm32f103xb.o(.text)
    CAN1_RX1_IRQHandler                      0x080001f7   Thumb Code     0  startup_stm32f103xb.o(.text)
    CAN1_SCE_IRQHandler                      0x080001f7   Thumb Code     0  startup_stm32f103xb.o(.text)
    DMA1_Channel1_IRQHandler                 0x080001f7   Thumb Code     0  startup_stm32f103xb.o(.text)
    DMA1_Channel2_IRQHandler                 0x080001f7   Thumb Code     0  startup_stm32f103xb.o(.text)
    DMA1_Channel3_IRQHandler                 0x080001f7   Thumb Code     0  startup_stm32f103xb.o(.text)
    DMA1_Channel4_IRQHandler                 0x080001f7   Thumb Code     0  startup_stm32f103xb.o(.text)
    DMA1_Channel5_IRQHandler                 0x080001f7   Thumb Code     0  startup_stm32f103xb.o(.text)
    DMA1_Channel6_IRQHandler                 0x080001f7   Thumb Code     0  startup_stm32f103xb.o(.text)
    DMA1_Channel7_IRQHandler                 0x080001f7   Thumb Code     0  startup_stm32f103xb.o(.text)
    EXTI0_IRQHandler                         0x080001f7   Thumb Code     0  startup_stm32f103xb.o(.text)
    EXTI15_10_IRQHandler                     0x080001f7   Thumb Code     0  startup_stm32f103xb.o(.text)
    EXTI1_IRQHandler                         0x080001f7   Thumb Code     0  startup_stm32f103xb.o(.text)
    EXTI2_IRQHandler                         0x080001f7   Thumb Code     0  startup_stm32f103xb.o(.text)
    EXTI3_IRQHandler                         0x080001f7   Thumb Code     0  startup_stm32f103xb.o(.text)
    EXTI4_IRQHandler                         0x080001f7   Thumb Code     0  startup_stm32f103xb.o(.text)
    EXTI9_5_IRQHandler                       0x080001f7   Thumb Code     0  startup_stm32f103xb.o(.text)
    FLASH_IRQHandler                         0x080001f7   Thumb Code     0  startup_stm32f103xb.o(.text)
    I2C1_ER_IRQHandler                       0x080001f7   Thumb Code     0  startup_stm32f103xb.o(.text)
    I2C1_EV_IRQHandler                       0x080001f7   Thumb Code     0  startup_stm32f103xb.o(.text)
    I2C2_ER_IRQHandler                       0x080001f7   Thumb Code     0  startup_stm32f103xb.o(.text)
    I2C2_EV_IRQHandler                       0x080001f7   Thumb Code     0  startup_stm32f103xb.o(.text)
    PVD_IRQHandler                           0x080001f7   Thumb Code     0  startup_stm32f103xb.o(.text)
    RCC_IRQHandler                           0x080001f7   Thumb Code     0  startup_stm32f103xb.o(.text)
    RTC_Alarm_IRQHandler                     0x080001f7   Thumb Code     0  startup_stm32f103xb.o(.text)
    RTC_IRQHandler                           0x080001f7   Thumb Code     0  startup_stm32f103xb.o(.text)
    SPI1_IRQHandler                          0x080001f7   Thumb Code     0  startup_stm32f103xb.o(.text)
    SPI2_IRQHandler                          0x080001f7   Thumb Code     0  startup_stm32f103xb.o(.text)
    TAMPER_IRQHandler                        0x080001f7   Thumb Code     0  startup_stm32f103xb.o(.text)
    TIM1_BRK_IRQHandler                      0x080001f7   Thumb Code     0  startup_stm32f103xb.o(.text)
    TIM1_CC_IRQHandler                       0x080001f7   Thumb Code     0  startup_stm32f103xb.o(.text)
    TIM1_TRG_COM_IRQHandler                  0x080001f7   Thumb Code     0  startup_stm32f103xb.o(.text)
    TIM1_UP_IRQHandler                       0x080001f7   Thumb Code     0  startup_stm32f103xb.o(.text)
    TIM2_IRQHandler                          0x080001f7   Thumb Code     0  startup_stm32f103xb.o(.text)
    TIM3_IRQHandler                          0x080001f7   Thumb Code     0  startup_stm32f103xb.o(.text)
    TIM4_IRQHandler                          0x080001f7   Thumb Code     0  startup_stm32f103xb.o(.text)
    USBWakeUp_IRQHandler                     0x080001f7   Thumb Code     0  startup_stm32f103xb.o(.text)
    USB_HP_CAN1_TX_IRQHandler                0x080001f7   Thumb Code     0  startup_stm32f103xb.o(.text)
    USB_LP_CAN1_RX0_IRQHandler               0x080001f7   Thumb Code     0  startup_stm32f103xb.o(.text)
    WWDG_IRQHandler                          0x080001f7   Thumb Code     0  startup_stm32f103xb.o(.text)
    __user_initial_stackheap                 0x080001f9   Thumb Code     0  startup_stm32f103xb.o(.text)
    __2printf                                0x0800021d   Thumb Code    20  noretval__2printf.o(.text)
    __printf                                 0x08000235   Thumb Code   270  __printf_wp.o(.text)
    puts                                     0x08000345   Thumb Code    40  puts.o(.text)
    strlen                                   0x08000371   Thumb Code    62  strlen.o(.text)
    __aeabi_memclr4                          0x080003af   Thumb Code     0  rt_memclr_w.o(.text)
    __aeabi_memclr8                          0x080003af   Thumb Code     0  rt_memclr_w.o(.text)
    __rt_memclr_w                            0x080003af   Thumb Code     0  rt_memclr_w.o(.text)
    _memset_w                                0x080003b3   Thumb Code    74  rt_memclr_w.o(.text)
    __use_two_region_memory                  0x080003fd   Thumb Code     2  heapauxi.o(.text)
    __rt_heap_escrow                         0x080003ff   Thumb Code     2  heapauxi.o(.text)
    __rt_heap_expand                         0x08000401   Thumb Code     2  heapauxi.o(.text)
    _printf_fp_dec_real                      0x080005b3   Thumb Code   620  _printf_fp_dec.o(.text)
    _printf_char_common                      0x0800082b   Thumb Code    32  _printf_char_common.o(.text)
    _printf_char_file                        0x08000851   Thumb Code    32  _printf_char_file.o(.text)
    __rt_locale                              0x08000875   Thumb Code     8  rt_locale_intlibspace.o(.text)
    _ll_udiv10                               0x0800087d   Thumb Code   138  lludiv10.o(.text)
    _printf_fp_infnan                        0x08000909   Thumb Code   112  _printf_fp_infnan.o(.text)
    _btod_etento                             0x08000989   Thumb Code   224  bigflt0.o(.text)
    ferror                                   0x08000a6d   Thumb Code     8  ferror.o(.text)
    __flsbuf                                 0x08000a75   Thumb Code   482  flsbuf.o(.text)
    __flsbuf_byte                            0x08000a75   Thumb Code     0  flsbuf.o(.text)
    __flsbuf_wide                            0x08000a75   Thumb Code     0  flsbuf.o(.text)
    _initio                                  0x08000c59   Thumb Code   210  initio.o(.text)
    _terminateio                             0x08000d2b   Thumb Code    56  initio.o(.text)
    _sys_open                                0x08000d91   Thumb Code    20  sys_io.o(.text)
    _sys_close                               0x08000da5   Thumb Code    12  sys_io.o(.text)
    _sys_write                               0x08000db1   Thumb Code    16  sys_io.o(.text)
    _sys_read                                0x08000dc1   Thumb Code    14  sys_io.o(.text)
    _sys_istty                               0x08000dcf   Thumb Code    12  sys_io.o(.text)
    _sys_seek                                0x08000ddb   Thumb Code    14  sys_io.o(.text)
    _sys_ensure                              0x08000de9   Thumb Code     2  sys_io.o(.text)
    _sys_flen                                0x08000deb   Thumb Code    12  sys_io.o(.text)
    __user_libspace                          0x08000df9   Thumb Code     8  libspace.o(.text)
    __user_perproc_libspace                  0x08000df9   Thumb Code     0  libspace.o(.text)
    __user_perthread_libspace                0x08000df9   Thumb Code     0  libspace.o(.text)
    __user_setup_stackheap                   0x08000e01   Thumb Code    74  sys_stackheap_outer.o(.text)
    malloc                                   0x08000e4b   Thumb Code    94  h1_alloc.o(.text)
    free                                     0x08000ea9   Thumb Code    78  h1_free.o(.text)
    setvbuf                                  0x08000ef7   Thumb Code    70  setvbuf.o(.text)
    _seterr                                  0x08000f3d   Thumb Code    20  stdio.o(.text)
    _writebuf                                0x08000f51   Thumb Code   108  stdio.o(.text)
    _fflush                                  0x08000fbd   Thumb Code    70  stdio.o(.text)
    _deferredlazyseek                        0x08001003   Thumb Code    60  stdio.o(.text)
    freopen                                  0x08001045   Thumb Code   160  fopen.o(.text)
    fopen                                    0x080010e5   Thumb Code    74  fopen.o(.text)
    _fclose_internal                         0x08001135   Thumb Code    76  fclose.o(.text)
    fclose                                   0x08001135   Thumb Code     0  fclose.o(.text)
    exit                                     0x08001181   Thumb Code    18  exit.o(.text)
    __rt_SIGRTRED                            0x08001193   Thumb Code    14  defsig_rtred_outer.o(.text)
    strcmp                                   0x080011a1   Thumb Code   128  strcmpv7m.o(.text)
    __I$use$semihosting                      0x08001221   Thumb Code     0  use_no_semi.o(.text)
    __use_no_semihosting_swi                 0x08001221   Thumb Code     2  use_no_semi.o(.text)
    __semihosting_library_function           0x08001223   Thumb Code     0  indicate_semi.o(.text)
    __rt_heap_descriptor                     0x08001225   Thumb Code     8  rt_heap_descriptor_intlibspace.o(.text)
    __use_no_heap                            0x0800122d   Thumb Code     2  hguard.o(.text)
    __heap$guard                             0x0800122f   Thumb Code     2  hguard.o(.text)
    _terminate_user_alloc                    0x08001231   Thumb Code     2  init_alloc.o(.text)
    _init_user_alloc                         0x08001233   Thumb Code     2  init_alloc.o(.text)
    __Heap_Full                              0x08001235   Thumb Code    34  init_alloc.o(.text)
    __Heap_Broken                            0x08001257   Thumb Code     6  init_alloc.o(.text)
    _init_alloc                              0x0800125d   Thumb Code    94  init_alloc.o(.text)
    __Heap_Initialize                        0x080012bb   Thumb Code     8  h1_init.o(.text)
    __Heap_DescSize                          0x080012c3   Thumb Code     4  h1_init.o(.text)
    _fseek                                   0x080012c9   Thumb Code   242  fseek.o(.text)
    fseek                                    0x080012c9   Thumb Code     0  fseek.o(.text)
    __sig_exit                               0x080013c1   Thumb Code    10  defsig_exit.o(.text)
    __rt_SIGRTRED_inner                      0x080013cd   Thumb Code    14  defsig_rtred_inner.o(.text)
    _sys_exit                                0x08001401   Thumb Code     8  sys_exit.o(.text)
    __Heap_ProvideMemory                     0x0800140d   Thumb Code    52  h1_extend.o(.text)
    _maybe_terminate_alloc                   0x0800140d   Thumb Code     0  maybetermalloc1.o(.text)
    _ftell_internal                          0x08001441   Thumb Code    66  ftell.o(.text)
    ftell                                    0x08001441   Thumb Code     0  ftell.o(.text)
    __default_signal_display                 0x08001483   Thumb Code    50  defsig_general.o(.text)
    __rt_SIGRTMEM                            0x080014b5   Thumb Code    14  defsig_rtmem_outer.o(.text)
    _ttywrch                                 0x080014c3   Thumb Code    14  sys_wrch.o(.text)
    __aeabi_errno_addr                       0x080014d1   Thumb Code     8  rt_errno_addr_intlibspace.o(.text)
    __errno$intlibspace                      0x080014d1   Thumb Code     0  rt_errno_addr_intlibspace.o(.text)
    __rt_errno_addr$intlibspace              0x080014d1   Thumb Code     0  rt_errno_addr_intlibspace.o(.text)
    __rt_SIGRTMEM_inner                      0x080014d9   Thumb Code    22  defsig_rtmem_inner.o(.text)
    BusFault_Handler                         0x08001529   Thumb Code     2  stm32f1xx_it.o(.text.BusFault_Handler)
    DebugMon_Handler                         0x0800152d   Thumb Code     2  stm32f1xx_it.o(.text.DebugMon_Handler)
    Error_Handler                            0x08001531   Thumb Code    10  main.o(.text.Error_Handler)
    HAL_DMA_Abort                            0x0800153d   Thumb Code    64  stm32f1xx_hal_dma.o(.text.HAL_DMA_Abort)
    HAL_DMA_Abort_IT                         0x0800157d   Thumb Code   178  stm32f1xx_hal_dma.o(.text.HAL_DMA_Abort_IT)
    HAL_GPIO_Init                            0x08001631   Thumb Code   514  stm32f1xx_hal_gpio.o(.text.HAL_GPIO_Init)
    HAL_GPIO_WritePin                        0x08001835   Thumb Code    10  stm32f1xx_hal_gpio.o(.text.HAL_GPIO_WritePin)
    HAL_GetTick                              0x08001841   Thumb Code    12  stm32f1xx_hal.o(.text.HAL_GetTick)
    HAL_IncTick                              0x0800184d   Thumb Code    26  stm32f1xx_hal.o(.text.HAL_IncTick)
    HAL_Init                                 0x08001869   Thumb Code    38  stm32f1xx_hal.o(.text.HAL_Init)
    HAL_InitTick                             0x08001891   Thumb Code    80  stm32f1xx_hal.o(.text.HAL_InitTick)
    HAL_MspInit                              0x080018e1   Thumb Code    66  stm32f1xx_hal_msp.o(.text.HAL_MspInit)
    HAL_NVIC_EnableIRQ                       0x08001925   Thumb Code    34  stm32f1xx_hal_cortex.o(.text.HAL_NVIC_EnableIRQ)
    HAL_NVIC_SetPriority                     0x08001949   Thumb Code    86  stm32f1xx_hal_cortex.o(.text.HAL_NVIC_SetPriority)
    HAL_NVIC_SetPriorityGrouping             0x080019a1   Thumb Code    32  stm32f1xx_hal_cortex.o(.text.HAL_NVIC_SetPriorityGrouping)
    HAL_RCC_ClockConfig                      0x080019c1   Thumb Code   434  stm32f1xx_hal_rcc.o(.text.HAL_RCC_ClockConfig)
    HAL_RCC_GetPCLK1Freq                     0x08001b75   Thumb Code    38  stm32f1xx_hal_rcc.o(.text.HAL_RCC_GetPCLK1Freq)
    HAL_RCC_GetPCLK2Freq                     0x08001b9d   Thumb Code    38  stm32f1xx_hal_rcc.o(.text.HAL_RCC_GetPCLK2Freq)
    HAL_RCC_OscConfig                        0x08001bc5   Thumb Code   824  stm32f1xx_hal_rcc.o(.text.HAL_RCC_OscConfig)
    HAL_SYSTICK_Config                       0x08001efd   Thumb Code    44  stm32f1xx_hal_cortex.o(.text.HAL_SYSTICK_Config)
    HAL_UARTEx_RxEventCallback               0x08001f29   Thumb Code     2  stm32f1xx_hal_uart.o(.text.HAL_UARTEx_RxEventCallback)
    HAL_UART_ErrorCallback                   0x08001f2d   Thumb Code     2  stm32f1xx_hal_uart.o(.text.HAL_UART_ErrorCallback)
    HAL_UART_IRQHandler                      0x08001f31   Thumb Code   770  stm32f1xx_hal_uart.o(.text.HAL_UART_IRQHandler)
    HAL_UART_Init                            0x08002235   Thumb Code   224  stm32f1xx_hal_uart.o(.text.HAL_UART_Init)
    HAL_UART_MspInit                         0x08002315   Thumb Code   340  usart.o(.text.HAL_UART_MspInit)
    HAL_UART_Receive                         0x08002469   Thumb Code   340  stm32f1xx_hal_uart.o(.text.HAL_UART_Receive)
    HAL_UART_RxCpltCallback                  0x080025bd   Thumb Code     2  stm32f1xx_hal_uart.o(.text.HAL_UART_RxCpltCallback)
    HAL_UART_Transmit                        0x080025c1   Thumb Code   244  stm32f1xx_hal_uart.o(.text.HAL_UART_Transmit)
    HAL_UART_TxCpltCallback                  0x080026b5   Thumb Code     2  stm32f1xx_hal_uart.o(.text.HAL_UART_TxCpltCallback)
    HardFault_Handler                        0x080026b9   Thumb Code     2  stm32f1xx_it.o(.text.HardFault_Handler)
    MX_GPIO_Init                             0x080026bd   Thumb Code   142  gpio.o(.text.MX_GPIO_Init)
    MX_USART1_UART_Init                      0x0800274d   Thumb Code    60  usart.o(.text.MX_USART1_UART_Init)
    MX_USART2_UART_Init                      0x08002789   Thumb Code    60  usart.o(.text.MX_USART2_UART_Init)
    MX_USART3_UART_Init                      0x080027c5   Thumb Code    60  usart.o(.text.MX_USART3_UART_Init)
    MemManage_Handler                        0x08002801   Thumb Code     2  stm32f1xx_it.o(.text.MemManage_Handler)
    Modbus_Read_Register                     0x08002805   Thumb Code   112  COD.o(.text.Modbus_Read_Register)
    Modbus_Receive_Response                  0x08002875   Thumb Code   208  COD.o(.text.Modbus_Receive_Response)
    NMI_Handler                              0x0800298d   Thumb Code     2  stm32f1xx_it.o(.text.NMI_Handler)
    PendSV_Handler                           0x08002991   Thumb Code     2  stm32f1xx_it.o(.text.PendSV_Handler)
    SVC_Handler                              0x08002995   Thumb Code     2  stm32f1xx_it.o(.text.SVC_Handler)
    SysTick_Handler                          0x08002999   Thumb Code     4  stm32f1xx_it.o(.text.SysTick_Handler)
    SystemInit                               0x0800299d   Thumb Code     2  system_stm32f1xx.o(.text.SystemInit)
    USART1_IRQHandler                        0x08002a6d   Thumb Code    12  stm32f1xx_it.o(.text.USART1_IRQHandler)
    USART2_IRQHandler                        0x08002a79   Thumb Code    12  stm32f1xx_it.o(.text.USART2_IRQHandler)
    USART3_IRQHandler                        0x08002a85   Thumb Code    12  stm32f1xx_it.o(.text.USART3_IRQHandler)
    UsageFault_Handler                       0x08002a91   Thumb Code     2  stm32f1xx_it.o(.text.UsageFault_Handler)
    main                                     0x08002a95   Thumb Code   150  main.o(.text.main)
    _btod_d2e                                0x08002b2b   Thumb Code    62  btod.o(CL$$btod_d2e)
    _d2e_denorm_low                          0x08002b69   Thumb Code    70  btod.o(CL$$btod_d2e_denorm_low)
    _d2e_norm_op1                            0x08002baf   Thumb Code    96  btod.o(CL$$btod_d2e_norm_op1)
    __btod_div_common                        0x08002c11   Thumb Code   696  btod.o(CL$$btod_div_common)
    _e2e                                     0x08002f49   Thumb Code   220  btod.o(CL$$btod_e2e)
    _btod_ediv                               0x08003025   Thumb Code    42  btod.o(CL$$btod_ediv)
    _btod_emul                               0x0800304f   Thumb Code    42  btod.o(CL$$btod_emul)
    __btod_mult_common                       0x08003079   Thumb Code   580  btod.o(CL$$btod_mult_common)
    __ARM_fpclassify                         0x080032bd   Thumb Code    40  fpclassify.o(i.__ARM_fpclassify)
    _is_digit                                0x080032e5   Thumb Code    14  __printf_wp.o(i._is_digit)
    fputc                                    0x080032f3   Thumb Code    28  fputc.o(i.fputc)
    _get_lc_numeric                          0x08003311   Thumb Code    44  lc_numeric_c.o(locale$$code)
    __fpl_dretinf                            0x0800333d   Thumb Code    12  dretinf.o(x$fpl$dretinf)
    __aeabi_f2d                              0x08003349   Thumb Code     0  f2d.o(x$fpl$f2d)
    _f2d                                     0x08003349   Thumb Code    86  f2d.o(x$fpl$f2d)
    __aeabi_fdiv                             0x080033a1   Thumb Code     0  fdiv.o(x$fpl$fdiv)
    _fdiv                                    0x080033a1   Thumb Code   384  fdiv.o(x$fpl$fdiv)
    __aeabi_i2f                              0x08003525   Thumb Code     0  fflt_clz.o(x$fpl$fflt)
    _fflt                                    0x08003525   Thumb Code    48  fflt_clz.o(x$fpl$fflt)
    __fpl_fnaninf                            0x08003555   Thumb Code   140  fnaninf.o(x$fpl$fnaninf)
    __fpl_fretinf                            0x080035e1   Thumb Code    10  fretinf.o(x$fpl$fretinf)
    _printf_fp_dec                           0x080035eb   Thumb Code     4  printf1.o(x$fpl$printf1)
    __I$use$fp                               0x080035ee   Number         0  usenofp.o(x$fpl$usenofp)
    __stdin_name                             0x08003684   Data           4  sys_io_names.o(.constdata)
    __stdout_name                            0x08003688   Data           4  sys_io_names.o(.constdata)
    __stderr_name                            0x0800368c   Data           4  sys_io_names.o(.constdata)
    AHBPrescTable                            0x08003690   Data          16  system_stm32f1xx.o(.rodata.AHBPrescTable)
    APBPrescTable                            0x080036a0   Data           8  system_stm32f1xx.o(.rodata.APBPrescTable)
    Region$$Table$$Base                      0x080036bc   Number         0  anon$$obj.o(Region$$Table)
    Region$$Table$$Limit                     0x080036dc   Number         0  anon$$obj.o(Region$$Table)
    __aeabi_stdin                            0x20000000   Data           4  stdio_streams.o(.data)
    __aeabi_stdout                           0x20000004   Data           4  stdio_streams.o(.data)
    __aeabi_stderr                           0x20000008   Data           4  stdio_streams.o(.data)
    SystemCoreClock                          0x2000000c   Data           4  system_stm32f1xx.o(.data.SystemCoreClock)
    uwTickFreq                               0x20000010   Data           1  stm32f1xx_hal.o(.data.uwTickFreq)
    uwTickPrio                               0x20000014   Data           4  stm32f1xx_hal.o(.data.uwTickPrio)
    __stdin                                  0x20000018   Data          84  stdio_streams.o(.bss)
    __stdout                                 0x2000006c   Data          84  stdio_streams.o(.bss)
    __stderr                                 0x200000c0   Data          84  stdio_streams.o(.bss)
    __libspace_start                         0x20000114   Data          96  libspace.o(.bss)
    __temporary_stack_top$libspace           0x20000174   Data           0  libspace.o(.bss)
    huart1                                   0x20000174   Data          72  usart.o(.bss.huart1)
    huart2                                   0x200001bc   Data          72  usart.o(.bss.huart2)
    huart3                                   0x20000204   Data          72  usart.o(.bss.huart3)
    uwTick                                   0x2000024c   Data           4  stm32f1xx_hal.o(.bss.uwTick)



==============================================================================

Memory Map of the image

  Image Entry point : 0x080000ed

  Load Region LR_IROM1 (Base: 0x08000000, Size: 0x00003710, Max: 0x00010000, ABSOLUTE)

    Execution Region ER_IROM1 (Exec base: 0x08000000, Load base: 0x08000000, Size: 0x000036f8, Max: 0x00010000, ABSOLUTE)

    Exec Addr    Load Addr    Size         Type   Attr      Idx    E Section Name        Object

    0x08000000   0x08000000   0x000000ec   Data   RO            3    RESET               startup_stm32f103xb.o
    0x080000ec   0x080000ec   0x00000008   Code   RO          669  * !!!main             c_w.l(__main.o)
    0x080000f4   0x080000f4   0x0000005c   Code   RO         1098    !!!scatter          c_w.l(__scatter.o)
    0x08000150   0x08000150   0x0000001a   Code   RO         1102    !!handler_copy      c_w.l(__scatter_copy.o)
    0x0800016a   0x0800016a   0x00000002   PAD
    0x0800016c   0x0800016c   0x00000002   Code   RO         1099    !!handler_null      c_w.l(__scatter.o)
    0x0800016e   0x0800016e   0x00000002   PAD
    0x08000170   0x08000170   0x0000001c   Code   RO         1104    !!handler_zi        c_w.l(__scatter_zi.o)
    0x0800018c   0x0800018c   0x00000000   Code   RO          654    .ARM.Collect$$_printf_percent$$00000000  c_w.l(_printf_percent.o)
    0x0800018c   0x0800018c   0x00000006   Code   RO          653    .ARM.Collect$$_printf_percent$$00000003  c_w.l(_printf_f.o)
    0x08000192   0x08000192   0x00000004   Code   RO          698    .ARM.Collect$$_printf_percent$$00000017  c_w.l(_printf_percent_end.o)
    0x08000196   0x08000196   0x00000002   Code   RO          904    .ARM.Collect$$libinit$$00000000  c_w.l(libinit.o)
    0x08000198   0x08000198   0x00000000   Code   RO          906    .ARM.Collect$$libinit$$00000002  c_w.l(libinit2.o)
    0x08000198   0x08000198   0x00000000   Code   RO          908    .ARM.Collect$$libinit$$00000004  c_w.l(libinit2.o)
    0x08000198   0x08000198   0x00000000   Code   RO          910    .ARM.Collect$$libinit$$00000006  c_w.l(libinit2.o)
    0x08000198   0x08000198   0x00000008   Code   RO          911    .ARM.Collect$$libinit$$00000007  c_w.l(libinit2.o)
    0x080001a0   0x080001a0   0x00000000   Code   RO          913    .ARM.Collect$$libinit$$0000000C  c_w.l(libinit2.o)
    0x080001a0   0x080001a0   0x00000000   Code   RO          915    .ARM.Collect$$libinit$$0000000E  c_w.l(libinit2.o)
    0x080001a0   0x080001a0   0x00000000   Code   RO          917    .ARM.Collect$$libinit$$00000010  c_w.l(libinit2.o)
    0x080001a0   0x080001a0   0x00000006   Code   RO          918    .ARM.Collect$$libinit$$00000011  c_w.l(libinit2.o)
    0x080001a6   0x080001a6   0x00000000   Code   RO          920    .ARM.Collect$$libinit$$00000013  c_w.l(libinit2.o)
    0x080001a6   0x080001a6   0x00000000   Code   RO          922    .ARM.Collect$$libinit$$00000015  c_w.l(libinit2.o)
    0x080001a6   0x080001a6   0x00000000   Code   RO          924    .ARM.Collect$$libinit$$00000017  c_w.l(libinit2.o)
    0x080001a6   0x080001a6   0x0000000a   Code   RO          925    .ARM.Collect$$libinit$$00000018  c_w.l(libinit2.o)
    0x080001b0   0x080001b0   0x00000000   Code   RO          926    .ARM.Collect$$libinit$$00000019  c_w.l(libinit2.o)
    0x080001b0   0x080001b0   0x00000000   Code   RO          928    .ARM.Collect$$libinit$$0000001B  c_w.l(libinit2.o)
    0x080001b0   0x080001b0   0x00000000   Code   RO          930    .ARM.Collect$$libinit$$0000001D  c_w.l(libinit2.o)
    0x080001b0   0x080001b0   0x00000000   Code   RO          932    .ARM.Collect$$libinit$$0000001F  c_w.l(libinit2.o)
    0x080001b0   0x080001b0   0x00000000   Code   RO          934    .ARM.Collect$$libinit$$00000021  c_w.l(libinit2.o)
    0x080001b0   0x080001b0   0x00000000   Code   RO          936    .ARM.Collect$$libinit$$00000023  c_w.l(libinit2.o)
    0x080001b0   0x080001b0   0x00000000   Code   RO          938    .ARM.Collect$$libinit$$00000025  c_w.l(libinit2.o)
    0x080001b0   0x080001b0   0x00000004   Code   RO          939    .ARM.Collect$$libinit$$00000026  c_w.l(libinit2.o)
    0x080001b4   0x080001b4   0x00000000   Code   RO          940    .ARM.Collect$$libinit$$00000027  c_w.l(libinit2.o)
    0x080001b4   0x080001b4   0x00000000   Code   RO          944    .ARM.Collect$$libinit$$0000002E  c_w.l(libinit2.o)
    0x080001b4   0x080001b4   0x00000000   Code   RO          946    .ARM.Collect$$libinit$$00000030  c_w.l(libinit2.o)
    0x080001b4   0x080001b4   0x00000000   Code   RO          948    .ARM.Collect$$libinit$$00000032  c_w.l(libinit2.o)
    0x080001b4   0x080001b4   0x00000000   Code   RO          950    .ARM.Collect$$libinit$$00000034  c_w.l(libinit2.o)
    0x080001b4   0x080001b4   0x00000002   Code   RO          951    .ARM.Collect$$libinit$$00000035  c_w.l(libinit2.o)
    0x080001b6   0x080001b6   0x00000002   Code   RO         1077    .ARM.Collect$$libshutdown$$00000000  c_w.l(libshutdown.o)
    0x080001b8   0x080001b8   0x00000000   Code   RO          953    .ARM.Collect$$libshutdown$$00000002  c_w.l(libshutdown2.o)
    0x080001b8   0x080001b8   0x00000004   Code   RO          954    .ARM.Collect$$libshutdown$$00000003  c_w.l(libshutdown2.o)
    0x080001bc   0x080001bc   0x00000000   Code   RO          955    .ARM.Collect$$libshutdown$$00000004  c_w.l(libshutdown2.o)
    0x080001bc   0x080001bc   0x00000000   Code   RO          958    .ARM.Collect$$libshutdown$$00000007  c_w.l(libshutdown2.o)
    0x080001bc   0x080001bc   0x00000000   Code   RO          961    .ARM.Collect$$libshutdown$$0000000A  c_w.l(libshutdown2.o)
    0x080001bc   0x080001bc   0x00000000   Code   RO          963    .ARM.Collect$$libshutdown$$0000000C  c_w.l(libshutdown2.o)
    0x080001bc   0x080001bc   0x00000000   Code   RO          966    .ARM.Collect$$libshutdown$$0000000F  c_w.l(libshutdown2.o)
    0x080001bc   0x080001bc   0x00000002   Code   RO          967    .ARM.Collect$$libshutdown$$00000010  c_w.l(libshutdown2.o)
    0x080001be   0x080001be   0x00000000   Code   RO          685    .ARM.Collect$$rtentry$$00000000  c_w.l(__rtentry.o)
    0x080001be   0x080001be   0x00000000   Code   RO          719    .ARM.Collect$$rtentry$$00000002  c_w.l(__rtentry2.o)
    0x080001be   0x080001be   0x00000006   Code   RO          731    .ARM.Collect$$rtentry$$00000004  c_w.l(__rtentry4.o)
    0x080001c4   0x080001c4   0x00000000   Code   RO          721    .ARM.Collect$$rtentry$$00000009  c_w.l(__rtentry2.o)
    0x080001c4   0x080001c4   0x00000004   Code   RO          722    .ARM.Collect$$rtentry$$0000000A  c_w.l(__rtentry2.o)
    0x080001c8   0x080001c8   0x00000000   Code   RO          724    .ARM.Collect$$rtentry$$0000000C  c_w.l(__rtentry2.o)
    0x080001c8   0x080001c8   0x00000008   Code   RO          725    .ARM.Collect$$rtentry$$0000000D  c_w.l(__rtentry2.o)
    0x080001d0   0x080001d0   0x00000002   Code   RO          971    .ARM.Collect$$rtexit$$00000000  c_w.l(rtexit.o)
    0x080001d2   0x080001d2   0x00000000   Code   RO         1029    .ARM.Collect$$rtexit$$00000002  c_w.l(rtexit2.o)
    0x080001d2   0x080001d2   0x00000004   Code   RO         1030    .ARM.Collect$$rtexit$$00000003  c_w.l(rtexit2.o)
    0x080001d6   0x080001d6   0x00000006   Code   RO         1031    .ARM.Collect$$rtexit$$00000004  c_w.l(rtexit2.o)
    0x080001dc   0x080001dc   0x00000040   Code   RO            4    .text               startup_stm32f103xb.o
    0x0800021c   0x0800021c   0x00000018   Code   RO          624    .text               c_w.l(noretval__2printf.o)
    0x08000234   0x08000234   0x0000010e   Code   RO          640    .text               c_w.l(__printf_wp.o)
    0x08000342   0x08000342   0x00000002   PAD
    0x08000344   0x08000344   0x0000002c   Code   RO          655    .text               c_w.l(puts.o)
    0x08000370   0x08000370   0x0000003e   Code   RO          659    .text               c_w.l(strlen.o)
    0x080003ae   0x080003ae   0x0000004e   Code   RO          665    .text               c_w.l(rt_memclr_w.o)
    0x080003fc   0x080003fc   0x00000006   Code   RO          667    .text               c_w.l(heapauxi.o)
    0x08000402   0x08000402   0x0000041c   Code   RO          688    .text               c_w.l(_printf_fp_dec.o)
    0x0800081e   0x0800081e   0x00000002   PAD
    0x08000820   0x08000820   0x00000030   Code   RO          692    .text               c_w.l(_printf_char_common.o)
    0x08000850   0x08000850   0x00000024   Code   RO          696    .text               c_w.l(_printf_char_file.o)
    0x08000874   0x08000874   0x00000008   Code   RO          736    .text               c_w.l(rt_locale_intlibspace.o)
    0x0800087c   0x0800087c   0x0000008a   Code   RO          738    .text               c_w.l(lludiv10.o)
    0x08000906   0x08000906   0x00000002   PAD
    0x08000908   0x08000908   0x00000080   Code   RO          740    .text               c_w.l(_printf_fp_infnan.o)
    0x08000988   0x08000988   0x000000e4   Code   RO          744    .text               c_w.l(bigflt0.o)
    0x08000a6c   0x08000a6c   0x00000008   Code   RO          771    .text               c_w.l(ferror.o)
    0x08000a74   0x08000a74   0x000001e2   Code   RO          773    .text               c_w.l(flsbuf.o)
    0x08000c56   0x08000c56   0x00000002   PAD
    0x08000c58   0x08000c58   0x00000138   Code   RO          775    .text               c_w.l(initio.o)
    0x08000d90   0x08000d90   0x00000066   Code   RO          790    .text               c_w.l(sys_io.o)
    0x08000df6   0x08000df6   0x00000002   PAD
    0x08000df8   0x08000df8   0x00000008   Code   RO          797    .text               c_w.l(libspace.o)
    0x08000e00   0x08000e00   0x0000004a   Code   RO          802    .text               c_w.l(sys_stackheap_outer.o)
    0x08000e4a   0x08000e4a   0x0000005e   Code   RO          808    .text               c_w.l(h1_alloc.o)
    0x08000ea8   0x08000ea8   0x0000004e   Code   RO          810    .text               c_w.l(h1_free.o)
    0x08000ef6   0x08000ef6   0x00000046   Code   RO          870    .text               c_w.l(setvbuf.o)
    0x08000f3c   0x08000f3c   0x00000108   Code   RO          872    .text               c_w.l(stdio.o)
    0x08001044   0x08001044   0x000000f0   Code   RO          877    .text               c_w.l(fopen.o)
    0x08001134   0x08001134   0x0000004c   Code   RO          879    .text               c_w.l(fclose.o)
    0x08001180   0x08001180   0x00000012   Code   RO          889    .text               c_w.l(exit.o)
    0x08001192   0x08001192   0x0000000e   Code   RO          891    .text               c_w.l(defsig_rtred_outer.o)
    0x080011a0   0x080011a0   0x00000080   Code   RO          897    .text               c_w.l(strcmpv7m.o)
    0x08001220   0x08001220   0x00000002   Code   RO          968    .text               c_w.l(use_no_semi.o)
    0x08001222   0x08001222   0x00000000   Code   RO          970    .text               c_w.l(indicate_semi.o)
    0x08001222   0x08001222   0x00000002   PAD
    0x08001224   0x08001224   0x00000008   Code   RO          978    .text               c_w.l(rt_heap_descriptor_intlibspace.o)
    0x0800122c   0x0800122c   0x00000004   Code   RO          980    .text               c_w.l(hguard.o)
    0x08001230   0x08001230   0x0000008a   Code   RO          982    .text               c_w.l(init_alloc.o)
    0x080012ba   0x080012ba   0x0000000c   Code   RO          986    .text               c_w.l(h1_init.o)
    0x080012c6   0x080012c6   0x00000002   PAD
    0x080012c8   0x080012c8   0x000000f8   Code   RO         1004    .text               c_w.l(fseek.o)
    0x080013c0   0x080013c0   0x0000000a   Code   RO         1010    .text               c_w.l(defsig_exit.o)
    0x080013ca   0x080013ca   0x00000002   PAD
    0x080013cc   0x080013cc   0x00000034   Code   RO         1012    .text               c_w.l(defsig_rtred_inner.o)
    0x08001400   0x08001400   0x0000000c   Code   RO         1022    .text               c_w.l(sys_exit.o)
    0x0800140c   0x0800140c   0x00000000   Code   RO         1037    .text               c_w.l(maybetermalloc1.o)
    0x0800140c   0x0800140c   0x00000034   Code   RO         1039    .text               c_w.l(h1_extend.o)
    0x08001440   0x08001440   0x00000042   Code   RO         1043    .text               c_w.l(ftell.o)
    0x08001482   0x08001482   0x00000032   Code   RO         1047    .text               c_w.l(defsig_general.o)
    0x080014b4   0x080014b4   0x0000000e   Code   RO         1049    .text               c_w.l(defsig_rtmem_outer.o)
    0x080014c2   0x080014c2   0x0000000e   Code   RO         1060    .text               c_w.l(sys_wrch.o)
    0x080014d0   0x080014d0   0x00000008   Code   RO         1067    .text               c_w.l(rt_errno_addr_intlibspace.o)
    0x080014d8   0x080014d8   0x00000050   Code   RO         1071    .text               c_w.l(defsig_rtmem_inner.o)
    0x08001528   0x08001528   0x00000002   Code   RO           88    .text.BusFault_Handler  stm32f1xx_it.o
    0x0800152a   0x0800152a   0x00000002   PAD
    0x0800152c   0x0800152c   0x00000002   Code   RO           94    .text.DebugMon_Handler  stm32f1xx_it.o
    0x0800152e   0x0800152e   0x00000002   PAD
    0x08001530   0x08001530   0x0000000a   Code   RO           62    .text.Error_Handler  main.o
    0x0800153a   0x0800153a   0x00000002   PAD
    0x0800153c   0x0800153c   0x00000040   Code   RO          258    .text.HAL_DMA_Abort  stm32f1xx_hal_dma.o
    0x0800157c   0x0800157c   0x000000b2   Code   RO          260    .text.HAL_DMA_Abort_IT  stm32f1xx_hal_dma.o
    0x0800162e   0x0800162e   0x00000002   PAD
    0x08001630   0x08001630   0x00000202   Code   RO          363    .text.HAL_GPIO_Init  stm32f1xx_hal_gpio.o
    0x08001832   0x08001832   0x00000002   PAD
    0x08001834   0x08001834   0x0000000a   Code   RO          369    .text.HAL_GPIO_WritePin  stm32f1xx_hal_gpio.o
    0x0800183e   0x0800183e   0x00000002   PAD
    0x08001840   0x08001840   0x0000000c   Code   RO          161    .text.HAL_GetTick   stm32f1xx_hal.o
    0x0800184c   0x0800184c   0x0000001a   Code   RO          159    .text.HAL_IncTick   stm32f1xx_hal.o
    0x08001866   0x08001866   0x00000002   PAD
    0x08001868   0x08001868   0x00000026   Code   RO          149    .text.HAL_Init      stm32f1xx_hal.o
    0x0800188e   0x0800188e   0x00000002   PAD
    0x08001890   0x08001890   0x00000050   Code   RO          151    .text.HAL_InitTick  stm32f1xx_hal.o
    0x080018e0   0x080018e0   0x00000042   Code   RO           73    .text.HAL_MspInit   stm32f1xx_hal_msp.o
    0x08001922   0x08001922   0x00000002   PAD
    0x08001924   0x08001924   0x00000022   Code   RO          214    .text.HAL_NVIC_EnableIRQ  stm32f1xx_hal_cortex.o
    0x08001946   0x08001946   0x00000002   PAD
    0x08001948   0x08001948   0x00000056   Code   RO          212    .text.HAL_NVIC_SetPriority  stm32f1xx_hal_cortex.o
    0x0800199e   0x0800199e   0x00000002   PAD
    0x080019a0   0x080019a0   0x00000020   Code   RO          210    .text.HAL_NVIC_SetPriorityGrouping  stm32f1xx_hal_cortex.o
    0x080019c0   0x080019c0   0x000001b2   Code   RO          449    .text.HAL_RCC_ClockConfig  stm32f1xx_hal_rcc.o
    0x08001b72   0x08001b72   0x00000002   PAD
    0x08001b74   0x08001b74   0x00000026   Code   RO          461    .text.HAL_RCC_GetPCLK1Freq  stm32f1xx_hal_rcc.o
    0x08001b9a   0x08001b9a   0x00000002   PAD
    0x08001b9c   0x08001b9c   0x00000026   Code   RO          463    .text.HAL_RCC_GetPCLK2Freq  stm32f1xx_hal_rcc.o
    0x08001bc2   0x08001bc2   0x00000002   PAD
    0x08001bc4   0x08001bc4   0x00000338   Code   RO          447    .text.HAL_RCC_OscConfig  stm32f1xx_hal_rcc.o
    0x08001efc   0x08001efc   0x0000002c   Code   RO          222    .text.HAL_SYSTICK_Config  stm32f1xx_hal_cortex.o
    0x08001f28   0x08001f28   0x00000002   Code   RO          583    .text.HAL_UARTEx_RxEventCallback  stm32f1xx_hal_uart.o
    0x08001f2a   0x08001f2a   0x00000002   PAD
    0x08001f2c   0x08001f2c   0x00000002   Code   RO          581    .text.HAL_UART_ErrorCallback  stm32f1xx_hal_uart.o
    0x08001f2e   0x08001f2e   0x00000002   PAD
    0x08001f30   0x08001f30   0x00000302   Code   RO          575    .text.HAL_UART_IRQHandler  stm32f1xx_hal_uart.o
    0x08002232   0x08002232   0x00000002   PAD
    0x08002234   0x08002234   0x000000e0   Code   RO          499    .text.HAL_UART_Init  stm32f1xx_hal_uart.o
    0x08002314   0x08002314   0x00000154   Code   RO          134    .text.HAL_UART_MspInit  usart.o
    0x08002468   0x08002468   0x00000154   Code   RO          515    .text.HAL_UART_Receive  stm32f1xx_hal_uart.o
    0x080025bc   0x080025bc   0x00000002   Code   RO          589    .text.HAL_UART_RxCpltCallback  stm32f1xx_hal_uart.o
    0x080025be   0x080025be   0x00000002   PAD
    0x080025c0   0x080025c0   0x000000f4   Code   RO          513    .text.HAL_UART_Transmit  stm32f1xx_hal_uart.o
    0x080026b4   0x080026b4   0x00000002   Code   RO          585    .text.HAL_UART_TxCpltCallback  stm32f1xx_hal_uart.o
    0x080026b6   0x080026b6   0x00000002   PAD
    0x080026b8   0x080026b8   0x00000002   Code   RO           84    .text.HardFault_Handler  stm32f1xx_it.o
    0x080026ba   0x080026ba   0x00000002   PAD
    0x080026bc   0x080026bc   0x0000008e   Code   RO           49    .text.MX_GPIO_Init  gpio.o
    0x0800274a   0x0800274a   0x00000002   PAD
    0x0800274c   0x0800274c   0x0000003c   Code   RO          128    .text.MX_USART1_UART_Init  usart.o
    0x08002788   0x08002788   0x0000003c   Code   RO          130    .text.MX_USART2_UART_Init  usart.o
    0x080027c4   0x080027c4   0x0000003c   Code   RO          132    .text.MX_USART3_UART_Init  usart.o
    0x08002800   0x08002800   0x00000002   Code   RO           86    .text.MemManage_Handler  stm32f1xx_it.o
    0x08002802   0x08002802   0x00000002   PAD
    0x08002804   0x08002804   0x00000070   Code   RO           37    .text.Modbus_Read_Register  COD.o
    0x08002874   0x08002874   0x00000118   Code   RO           39    .text.Modbus_Receive_Response  COD.o
    0x0800298c   0x0800298c   0x00000002   Code   RO           82    .text.NMI_Handler   stm32f1xx_it.o
    0x0800298e   0x0800298e   0x00000002   PAD
    0x08002990   0x08002990   0x00000002   Code   RO           96    .text.PendSV_Handler  stm32f1xx_it.o
    0x08002992   0x08002992   0x00000002   PAD
    0x08002994   0x08002994   0x00000002   Code   RO           92    .text.SVC_Handler   stm32f1xx_it.o
    0x08002996   0x08002996   0x00000002   PAD
    0x08002998   0x08002998   0x00000004   Code   RO           98    .text.SysTick_Handler  stm32f1xx_it.o
    0x0800299c   0x0800299c   0x00000002   Code   RO          113    .text.SystemInit    system_stm32f1xx.o
    0x0800299e   0x0800299e   0x00000002   PAD
    0x080029a0   0x080029a0   0x0000000c   Code   RO          579    .text.UART_DMAAbortOnError  stm32f1xx_hal_uart.o
    0x080029ac   0x080029ac   0x000000c0   Code   RO          577    .text.UART_Receive_IT  stm32f1xx_hal_uart.o
    0x08002a6c   0x08002a6c   0x0000000c   Code   RO          100    .text.USART1_IRQHandler  stm32f1xx_it.o
    0x08002a78   0x08002a78   0x0000000c   Code   RO          102    .text.USART2_IRQHandler  stm32f1xx_it.o
    0x08002a84   0x08002a84   0x0000000c   Code   RO          104    .text.USART3_IRQHandler  stm32f1xx_it.o
    0x08002a90   0x08002a90   0x00000002   Code   RO           90    .text.UsageFault_Handler  stm32f1xx_it.o
    0x08002a92   0x08002a92   0x00000002   PAD
    0x08002a94   0x08002a94   0x00000096   Code   RO           58    .text.main          main.o
    0x08002b2a   0x08002b2a   0x0000003e   Code   RO          747    CL$$btod_d2e        c_w.l(btod.o)
    0x08002b68   0x08002b68   0x00000046   Code   RO          749    CL$$btod_d2e_denorm_low  c_w.l(btod.o)
    0x08002bae   0x08002bae   0x00000060   Code   RO          748    CL$$btod_d2e_norm_op1  c_w.l(btod.o)
    0x08002c0e   0x08002c0e   0x00000002   PAD
    0x08002c10   0x08002c10   0x00000338   Code   RO          757    CL$$btod_div_common  c_w.l(btod.o)
    0x08002f48   0x08002f48   0x000000dc   Code   RO          754    CL$$btod_e2e        c_w.l(btod.o)
    0x08003024   0x08003024   0x0000002a   Code   RO          751    CL$$btod_ediv       c_w.l(btod.o)
    0x0800304e   0x0800304e   0x0000002a   Code   RO          750    CL$$btod_emul       c_w.l(btod.o)
    0x08003078   0x08003078   0x00000244   Code   RO          756    CL$$btod_mult_common  c_w.l(btod.o)
    0x080032bc   0x080032bc   0x00000028   Code   RO          788    i.__ARM_fpclassify  m_ws.l(fpclassify.o)
    0x080032e4   0x080032e4   0x0000000e   Code   RO          642    i._is_digit         c_w.l(__printf_wp.o)
    0x080032f2   0x080032f2   0x0000001c   Code   RO          700    i.fputc             c_w.l(fputc.o)
    0x0800330e   0x0800330e   0x00000002   PAD
    0x08003310   0x08003310   0x0000002c   Code   RO          782    locale$$code        c_w.l(lc_numeric_c.o)
    0x0800333c   0x0800333c   0x0000000c   Code   RO          711    x$fpl$dretinf       fz_ws.l(dretinf.o)
    0x08003348   0x08003348   0x00000056   Code   RO          671    x$fpl$f2d           fz_ws.l(f2d.o)
    0x0800339e   0x0800339e   0x00000002   PAD
    0x080033a0   0x080033a0   0x00000184   Code   RO          674    x$fpl$fdiv          fz_ws.l(fdiv.o)
    0x08003524   0x08003524   0x00000030   Code   RO          678    x$fpl$fflt          fz_ws.l(fflt_clz.o)
    0x08003554   0x08003554   0x0000008c   Code   RO          713    x$fpl$fnaninf       fz_ws.l(fnaninf.o)
    0x080035e0   0x080035e0   0x0000000a   Code   RO          715    x$fpl$fretinf       fz_ws.l(fretinf.o)
    0x080035ea   0x080035ea   0x00000004   Code   RO          683    x$fpl$printf1       fz_ws.l(printf1.o)
    0x080035ee   0x080035ee   0x00000000   Code   RO          717    x$fpl$usenofp       fz_ws.l(usenofp.o)
    0x080035ee   0x080035ee   0x00000002   PAD
    0x080035f0   0x080035f0   0x00000094   Data   RO          745    .constdata          c_w.l(bigflt0.o)
    0x08003684   0x08003684   0x00000004   Data   RO          792    .constdata          c_w.l(sys_io_names.o)
    0x08003688   0x08003688   0x00000004   Data   RO          793    .constdata          c_w.l(sys_io_names.o)
    0x0800368c   0x0800368c   0x00000004   Data   RO          794    .constdata          c_w.l(sys_io_names.o)
    0x08003690   0x08003690   0x00000010   Data   RO          118    .rodata.AHBPrescTable  system_stm32f1xx.o
    0x080036a0   0x080036a0   0x00000008   Data   RO          119    .rodata.APBPrescTable  system_stm32f1xx.o
    0x080036a8   0x080036a8   0x00000002   Data   RO          474    .rodata.HAL_RCC_GetSysClockFreq.aPredivFactorTable  stm32f1xx_hal_rcc.o
    0x080036aa   0x080036aa   0x00000010   Data   RO          473    .rodata.cst16       stm32f1xx_hal_rcc.o
    0x080036ba   0x080036ba   0x00000002   PAD
    0x080036bc   0x080036bc   0x00000020   Data   RO         1097    Region$$Table       anon$$obj.o
    0x080036dc   0x080036dc   0x0000001c   Data   RO          781    locale$$data        c_w.l(lc_numeric_c.o)


    Execution Region RW_IRAM1 (Exec base: 0x20000000, Load base: 0x080036f8, Size: 0x00000850, Max: 0x00005000, ABSOLUTE)

    Exec Addr    Load Addr    Size         Type   Attr      Idx    E Section Name        Object

    0x20000000   0x080036f8   0x00000004   Data   RW          706    .data               c_w.l(stdio_streams.o)
    0x20000004   0x080036fc   0x00000004   Data   RW          707    .data               c_w.l(stdio_streams.o)
    0x20000008   0x08003700   0x00000004   Data   RW          708    .data               c_w.l(stdio_streams.o)
    0x2000000c   0x08003704   0x00000004   Data   RW          117    .data.SystemCoreClock  system_stm32f1xx.o
    0x20000010   0x08003708   0x00000001   Data   RW          200    .data.uwTickFreq    stm32f1xx_hal.o
    0x20000011   0x08003709   0x00000003   PAD
    0x20000014   0x0800370c   0x00000004   Data   RW          199    .data.uwTickPrio    stm32f1xx_hal.o
    0x20000018        -       0x00000054   Zero   RW          703    .bss                c_w.l(stdio_streams.o)
    0x2000006c        -       0x00000054   Zero   RW          704    .bss                c_w.l(stdio_streams.o)
    0x200000c0        -       0x00000054   Zero   RW          705    .bss                c_w.l(stdio_streams.o)
    0x20000114        -       0x00000060   Zero   RW          798    .bss                c_w.l(libspace.o)
    0x20000174        -       0x00000048   Zero   RW          138    .bss.huart1         usart.o
    0x200001bc        -       0x00000048   Zero   RW          139    .bss.huart2         usart.o
    0x20000204        -       0x00000048   Zero   RW          140    .bss.huart3         usart.o
    0x2000024c        -       0x00000004   Zero   RW          201    .bss.uwTick         stm32f1xx_hal.o
    0x20000250        -       0x00000200   Zero   RW            2    HEAP                startup_stm32f103xb.o
    0x20000450        -       0x00000400   Zero   RW            1    STACK               startup_stm32f103xb.o


==============================================================================

Image component sizes


      Code (inc. data)   RO Data    RW Data    ZI Data      Debug   Object Name

       392         72          0          0          0       5574   COD.o
       142          0          0          0          0       2070   gpio.o
       160          0          0          0          0       3109   main.o
        64         26        236          0       1536       1040   startup_stm32f103xb.o
       156          0          0          5          4       6328   stm32f1xx_hal.o
       196          0          0          0          0       8910   stm32f1xx_hal_cortex.o
       242          0          0          0          0       7983   stm32f1xx_hal_dma.o
       524         20          0          0          0       5190   stm32f1xx_hal_gpio.o
        66          0          0          0          0       1632   stm32f1xx_hal_msp.o
      1334          0         18          0          0       8091   stm32f1xx_hal_rcc.o
      1790          0          0          0          0      27983   stm32f1xx_hal_uart.o
        56          0          0          0          0       4523   stm32f1xx_it.o
         2          0         24          4          0       2020   system_stm32f1xx.o
       520          0          0          0        216       6959   usart.o

    ----------------------------------------------------------------------
      5698        118        312         12       1756      91412   Object Totals
         0          0         32          0          0          0   (incl. Generated)
        54          0          2          3          0          0   (incl. Padding)

    ----------------------------------------------------------------------

      Code (inc. data)   RO Data    RW Data    ZI Data      Debug   Library Member Name

         8          0          0          0          0         68   __main.o
       284          0          0          0          0        156   __printf_wp.o
         0          0          0          0          0          0   __rtentry.o
        12          0          0          0          0          0   __rtentry2.o
         6          0          0          0          0          0   __rtentry4.o
        94          8          0          0          0          0   __scatter.o
        26          0          0          0          0          0   __scatter_copy.o
        28          0          0          0          0          0   __scatter_zi.o
        48          6          0          0          0         96   _printf_char_common.o
        36          4          0          0          0         80   _printf_char_file.o
         6          0          0          0          0          0   _printf_f.o
      1052          0          0          0          0        148   _printf_fp_dec.o
       128         16          0          0          0         84   _printf_fp_infnan.o
         0          0          0          0          0          0   _printf_percent.o
         4          0          0          0          0          0   _printf_percent_end.o
       228          4        148          0          0         96   bigflt0.o
      1936        128          0          0          0        668   btod.o
        10          0          0          0          0         68   defsig_exit.o
        50          0          0          0          0         88   defsig_general.o
        80         58          0          0          0         76   defsig_rtmem_inner.o
        14          0          0          0          0         80   defsig_rtmem_outer.o
        52         38          0          0          0         76   defsig_rtred_inner.o
        14          0          0          0          0         80   defsig_rtred_outer.o
        18          0          0          0          0         80   exit.o
        76          0          0          0          0         88   fclose.o
         8          0          0          0          0         68   ferror.o
       482          0          0          0          0         92   flsbuf.o
       240          6          0          0          0        128   fopen.o
        28          0          0          0          0         68   fputc.o
       248          6          0          0          0         84   fseek.o
        66          0          0          0          0         76   ftell.o
        94          0          0          0          0         80   h1_alloc.o
        52          0          0          0          0         68   h1_extend.o
        78          0          0          0          0         80   h1_free.o
        12          0          0          0          0         84   h1_init.o
         6          0          0          0          0        152   heapauxi.o
         4          0          0          0          0        136   hguard.o
         0          0          0          0          0          0   indicate_semi.o
       138          0          0          0          0        168   init_alloc.o
       312         46          0          0          0        112   initio.o
        44         10         28          0          0         76   lc_numeric_c.o
         2          0          0          0          0          0   libinit.o
        30          0          0          0          0          0   libinit2.o
         2          0          0          0          0          0   libshutdown.o
         6          0          0          0          0          0   libshutdown2.o
         8          4          0          0         96         68   libspace.o
       138          0          0          0          0         80   lludiv10.o
         0          0          0          0          0          0   maybetermalloc1.o
        24          4          0          0          0         84   noretval__2printf.o
        44          4          0          0          0         84   puts.o
         8          4          0          0          0         68   rt_errno_addr_intlibspace.o
         8          4          0          0          0         68   rt_heap_descriptor_intlibspace.o
         8          4          0          0          0         68   rt_locale_intlibspace.o
        78          0          0          0          0         80   rt_memclr_w.o
         2          0          0          0          0          0   rtexit.o
        10          0          0          0          0          0   rtexit2.o
        70          0          0          0          0         80   setvbuf.o
       264          6          0          0          0        160   stdio.o
         0          0          0         12        252          0   stdio_streams.o
       128          0          0          0          0         68   strcmpv7m.o
        62          0          0          0          0         76   strlen.o
        12          4          0          0          0         68   sys_exit.o
       102          0          0          0          0        240   sys_io.o
         0          0         12          0          0          0   sys_io_names.o
        74          0          0          0          0         80   sys_stackheap_outer.o
        14          0          0          0          0         76   sys_wrch.o
         2          0          0          0          0         68   use_no_semi.o
        12          0          0          0          0         68   dretinf.o
        86          4          0          0          0         84   f2d.o
       388         76          0          0          0         96   fdiv.o
        48          0          0          0          0         68   fflt_clz.o
       140          4          0          0          0         84   fnaninf.o
        10          0          0          0          0         68   fretinf.o
         4          0          0          0          0         68   printf1.o
         0          0          0          0          0          0   usenofp.o
        40          0          0          0          0         68   fpclassify.o

    ----------------------------------------------------------------------
      7874        448        188         12        348       5624   Library Totals
        28          0          0          0          0          0   (incl. Padding)

    ----------------------------------------------------------------------

      Code (inc. data)   RO Data    RW Data    ZI Data      Debug   Library Name

      7118        364        188         12        348       5020   c_w.l
       688         84          0          0          0        536   fz_ws.l
        40          0          0          0          0         68   m_ws.l

    ----------------------------------------------------------------------
      7874        448        188         12        348       5624   Library Totals

    ----------------------------------------------------------------------

==============================================================================


      Code (inc. data)   RO Data    RW Data    ZI Data      Debug   

     13572        566        500         24       2104      93740   Grand Totals
     13572        566        500         24       2104      93740   ELF Image Totals
     13572        566        500         24          0          0   ROM Totals

==============================================================================

    Total RO  Size (Code + RO Data)                14072 (  13.74kB)
    Total RW  Size (RW Data + ZI Data)              2128 (   2.08kB)
    Total ROM Size (Code + RO Data + RW Data)      14096 (  13.77kB)

==============================================================================

