Component: Arm Compiler for Embedded 6.18 Tool: armlink [5e4cc100]

==============================================================================

Section Cross References

    startup_stm32f103xb.o(STACK) refers (Special) to heapauxi.o(.text) for __use_two_region_memory
    startup_stm32f103xb.o(HEAP) refers (Special) to heapauxi.o(.text) for __use_two_region_memory
    startup_stm32f103xb.o(RESET) refers (Special) to heapauxi.o(.text) for __use_two_region_memory
    startup_stm32f103xb.o(RESET) refers to startup_stm32f103xb.o(STACK) for __initial_sp
    startup_stm32f103xb.o(RESET) refers to startup_stm32f103xb.o(.text) for Reset_Handler
    startup_stm32f103xb.o(RESET) refers to stm32f1xx_it.o(.text.NMI_Handler) for NMI_Handler
    startup_stm32f103xb.o(RESET) refers to stm32f1xx_it.o(.text.HardFault_Handler) for HardFault_Handler
    startup_stm32f103xb.o(RESET) refers to stm32f1xx_it.o(.text.MemManage_Handler) for MemManage_Handler
    startup_stm32f103xb.o(RESET) refers to stm32f1xx_it.o(.text.BusFault_Handler) for BusFault_Handler
    startup_stm32f103xb.o(RESET) refers to stm32f1xx_it.o(.text.UsageFault_Handler) for UsageFault_Handler
    startup_stm32f103xb.o(RESET) refers to stm32f1xx_it.o(.text.SVC_Handler) for SVC_Handler
    startup_stm32f103xb.o(RESET) refers to stm32f1xx_it.o(.text.DebugMon_Handler) for DebugMon_Handler
    startup_stm32f103xb.o(RESET) refers to stm32f1xx_it.o(.text.PendSV_Handler) for PendSV_Handler
    startup_stm32f103xb.o(RESET) refers to stm32f1xx_it.o(.text.SysTick_Handler) for SysTick_Handler
    startup_stm32f103xb.o(RESET) refers to stm32f1xx_it.o(.text.USART1_IRQHandler) for USART1_IRQHandler
    startup_stm32f103xb.o(RESET) refers to stm32f1xx_it.o(.text.USART2_IRQHandler) for USART2_IRQHandler
    startup_stm32f103xb.o(RESET) refers to stm32f1xx_it.o(.text.USART3_IRQHandler) for USART3_IRQHandler
    startup_stm32f103xb.o(.text) refers (Special) to heapauxi.o(.text) for __use_two_region_memory
    startup_stm32f103xb.o(.text) refers to system_stm32f1xx.o(.text.SystemInit) for SystemInit
    startup_stm32f103xb.o(.text) refers to __main.o(!!!main) for __main
    startup_stm32f103xb.o(.text) refers to startup_stm32f103xb.o(HEAP) for Heap_Mem
    startup_stm32f103xb.o(.text) refers to startup_stm32f103xb.o(STACK) for Stack_Mem
    bc260y.o(.text) refers (Special) to _printf_percent.o(.ARM.Collect$$_printf_percent$$00000000) for _printf_percent
    bc260y.o(.text) refers (Special) to _printf_pad.o(.text) for _printf_pre_padding
    bc260y.o(.text) refers (Special) to _printf_truncate.o(.text) for _printf_truncate_unsigned
    bc260y.o(.text) refers (Special) to _printf_c.o(.ARM.Collect$$_printf_percent$$00000013) for _printf_c
    bc260y.o(.text) refers (Special) to _printf_x.o(.ARM.Collect$$_printf_percent$$0000000C) for _printf_x
    bc260y.o(.text) refers (Special) to _printf_o.o(.ARM.Collect$$_printf_percent$$0000000B) for _printf_o
    bc260y.o(.text) refers (Special) to _printf_i.o(.ARM.Collect$$_printf_percent$$00000008) for _printf_i
    bc260y.o(.text) refers (Special) to _printf_d.o(.ARM.Collect$$_printf_percent$$00000009) for _printf_d
    bc260y.o(.text) refers (Special) to _printf_u.o(.ARM.Collect$$_printf_percent$$0000000A) for _printf_u
    bc260y.o(.text) refers (Special) to _printf_lc.o(.ARM.Collect$$_printf_percent$$00000015) for _printf_lc
    bc260y.o(.text) refers (Special) to _printf_dec.o(.text) for _printf_int_dec
    bc260y.o(.text) refers (Special) to _printf_oct_int.o(.text) for _printf_longlong_oct
    bc260y.o(.text) refers (Special) to _printf_hex_int.o(.text) for _printf_longlong_hex
    bc260y.o(.text) refers (Special) to _printf_str.o(.text) for _printf_str
    bc260y.o(.text) refers (Special) to _printf_wctomb.o(.text) for _printf_wctomb
    bc260y.o(.text.Clear_Buffer) refers (Special) to _printf_percent.o(.ARM.Collect$$_printf_percent$$00000000) for _printf_percent
    bc260y.o(.text.Clear_Buffer) refers (Special) to _printf_pad.o(.text) for _printf_pre_padding
    bc260y.o(.text.Clear_Buffer) refers (Special) to _printf_truncate.o(.text) for _printf_truncate_unsigned
    bc260y.o(.text.Clear_Buffer) refers (Special) to _printf_c.o(.ARM.Collect$$_printf_percent$$00000013) for _printf_c
    bc260y.o(.text.Clear_Buffer) refers (Special) to _printf_x.o(.ARM.Collect$$_printf_percent$$0000000C) for _printf_x
    bc260y.o(.text.Clear_Buffer) refers (Special) to _printf_o.o(.ARM.Collect$$_printf_percent$$0000000B) for _printf_o
    bc260y.o(.text.Clear_Buffer) refers (Special) to _printf_i.o(.ARM.Collect$$_printf_percent$$00000008) for _printf_i
    bc260y.o(.text.Clear_Buffer) refers (Special) to _printf_d.o(.ARM.Collect$$_printf_percent$$00000009) for _printf_d
    bc260y.o(.text.Clear_Buffer) refers (Special) to _printf_u.o(.ARM.Collect$$_printf_percent$$0000000A) for _printf_u
    bc260y.o(.text.Clear_Buffer) refers (Special) to _printf_lc.o(.ARM.Collect$$_printf_percent$$00000015) for _printf_lc
[...]
    ../fplib/dretinf.s                       0x00000000   Number         0  dretinf.o ABSOLUTE
    ../fplib/f2d.s                           0x00000000   Number         0  f2d.o ABSOLUTE
    ../fplib/fdiv.s                          0x00000000   Number         0  fdiv.o ABSOLUTE
    ../fplib/fflt.s                          0x00000000   Number         0  fflt_clz.o ABSOLUTE
    ../fplib/fnaninf.s                       0x00000000   Number         0  fnaninf.o ABSOLUTE
    ../fplib/fpinit.s                        0x00000000   Number         0  fpinit.o ABSOLUTE
    ../fplib/fpinit_empty.s                  0x00000000   Number         0  fpinit_empty.o ABSOLUTE
    ../fplib/fretinf.s                       0x00000000   Number         0  fretinf.o ABSOLUTE
    ../fplib/istatus.s                       0x00000000   Number         0  istatus.o ABSOLUTE
    ../fplib/printf1.s                       0x00000000   Number         0  printf1.o ABSOLUTE
    ../fplib/usenofp.s                       0x00000000   Number         0  usenofp.o ABSOLUTE
    ../mathlib/fpclassify.c                  0x00000000   Number         0  fpclassify.o ABSOLUTE
    BC260Y.c                                 0x00000000   Number         0  bc260y.o ABSOLUTE
    COD.c                                    0x00000000   Number         0  cod.o ABSOLUTE
    crc.c                                    0x00000000   Number         0  crc.o ABSOLUTE
    dc.s                                     0x00000000   Number         0  dc.o ABSOLUTE
    gpio.c                                   0x00000000   Number         0  gpio.o ABSOLUTE
    main.c                                   0x00000000   Number         0  main.o ABSOLUTE
    startup_stm32f103xb.s                    0x00000000   Number         0  startup_stm32f103xb.o ABSOLUTE
    stm32f1xx_hal.c                          0x00000000   Number         0  stm32f1xx_hal.o ABSOLUTE
    stm32f1xx_hal_cortex.c                   0x00000000   Number         0  stm32f1xx_hal_cortex.o ABSOLUTE
    stm32f1xx_hal_crc.c                      0x00000000   Number         0  stm32f1xx_hal_crc.o ABSOLUTE
    stm32f1xx_hal_dma.c                      0x00000000   Number         0  stm32f1xx_hal_dma.o ABSOLUTE
    stm32f1xx_hal_exti.c                     0x00000000   Number         0  stm32f1xx_hal_exti.o ABSOLUTE
    stm32f1xx_hal_flash.c                    0x00000000   Number         0  stm32f1xx_hal_flash.o ABSOLUTE
    stm32f1xx_hal_flash_ex.c                 0x00000000   Number         0  stm32f1xx_hal_flash_ex.o ABSOLUTE
    stm32f1xx_hal_gpio.c                     0x00000000   Number         0  stm32f1xx_hal_gpio.o ABSOLUTE
    stm32f1xx_hal_gpio_ex.c                  0x00000000   Number         0  stm32f1xx_hal_gpio_ex.o ABSOLUTE
    stm32f1xx_hal_msp.c                      0x00000000   Number         0  stm32f1xx_hal_msp.o ABSOLUTE
    stm32f1xx_hal_pwr.c                      0x00000000   Number         0  stm32f1xx_hal_pwr.o ABSOLUTE
    stm32f1xx_hal_rcc.c                      0x00000000   Number         0  stm32f1xx_hal_rcc.o ABSOLUTE
    stm32f1xx_hal_rcc_ex.c                   0x00000000   Number         0  stm32f1xx_hal_rcc_ex.o ABSOLUTE
    stm32f1xx_hal_tim.c                      0x00000000   Number         0  stm32f1xx_hal_tim.o ABSOLUTE
    stm32f1xx_hal_tim_ex.c                   0x00000000   Number         0  stm32f1xx_hal_tim_ex.o ABSOLUTE
    stm32f1xx_hal_uart.c                     0x00000000   Number         0  stm32f1xx_hal_uart.o ABSOLUTE
    stm32f1xx_it.c                           0x00000000   Number         0  stm32f1xx_it.o ABSOLUTE
    system_stm32f1xx.c                       0x00000000   Number         0  system_stm32f1xx.o ABSOLUTE
    usart.c                                  0x00000000   Number         0  usart.o ABSOLUTE
    RESET                                    0x08000000   Section      236  startup_stm32f103xb.o(RESET)
    !!!main                                  0x080000ec   Section        8  __main.o(!!!main)
    !!!scatter                               0x080000f4   Section       52  __scatter.o(!!!scatter)
    !!handler_copy                           0x08000128   Section       26  __scatter_copy.o(!!handler_copy)
    !!handler_zi                             0x08000144   Section       28  __scatter_zi.o(!!handler_zi)
    .ARM.Collect$$_printf_percent$$00000000  0x08000160   Section        0  _printf_percent.o(.ARM.Collect$$_printf_percent$$00000000)
    .ARM.Collect$$_printf_percent$$00000003  0x08000160   Section        6  _printf_f.o(.ARM.Collect$$_printf_percent$$00000003)
    .ARM.Collect$$_printf_percent$$00000017  0x08000166   Section        4  _printf_percent_end.o(.ARM.Collect$$_printf_percent$$00000017)
    .ARM.Collect$$libinit$$00000000          0x0800016a   Section        2  libinit.o(.ARM.Collect$$libinit$$00000000)
    .ARM.Collect$$libinit$$00000002          0x0800016c   Section        0  libinit2.o(.ARM.Collect$$libinit$$00000002)
    .ARM.Collect$$libinit$$00000004          0x0800016c   Section        0  libinit2.o(.ARM.Collect$$libinit$$00000004)
    .ARM.Collect$$libinit$$00000006          0x0800016c   Section        0  libinit2.o(.ARM.Collect$$libinit$$00000006)
    .ARM.Collect$$libinit$$00000007          0x0800016c   Section        8  libinit2.o(.ARM.Collect$$libinit$$00000007)
    .ARM.Collect$$libinit$$0000000C          0x08000174   Section        0  libinit2.o(.ARM.Collect$$libinit$$0000000C)
    .ARM.Collect$$libinit$$0000000E          0x08000174   Section        0  libinit2.o(.ARM.Collect$$libinit$$0000000E)
    .ARM.Collect$$libinit$$00000010          0x08000174   Section        0  libinit2.o(.ARM.Collect$$libinit$$00000010)
    .ARM.Collect$$libinit$$00000011          0x08000174   Section        6  libinit2.o(.ARM.Collect$$libinit$$00000011)
    .ARM.Collect$$libinit$$00000013          0x0800017a   Section        0  libinit2.o(.ARM.Collect$$libinit$$00000013)
    .ARM.Collect$$libinit$$00000015          0x0800017a   Section        0  libinit2.o(.ARM.Collect$$libinit$$00000015)
    .ARM.Collect$$libinit$$00000017          0x0800017a   Section        0  libinit2.o(.ARM.Collect$$libinit$$00000017)
    .ARM.Collect$$libinit$$00000018          0x0800017a   Section       10  libinit2.o(.ARM.Collect$$libinit$$00000018)
    .ARM.Collect$$libinit$$00000019          0x08000184   Section        0  libinit2.o(.ARM.Collect$$libinit$$00000019)
    .ARM.Collect$$libinit$$0000001B          0x08000184   Section        0  libinit2.o(.ARM.Collect$$libinit$$0000001B)
    .ARM.Collect$$libinit$$0000001D          0x08000184   Section        0  libinit2.o(.ARM.Collect$$libinit$$0000001D)
    .ARM.Collect$$libinit$$0000001F          0x08000184   Section        0  libinit2.o(.ARM.Collect$$libinit$$0000001F)
    .ARM.Collect$$libinit$$00000021          0x08000184   Section        0  libinit2.o(.ARM.Collect$$libinit$$00000021)
    .ARM.Collect$$libinit$$00000023          0x08000184   Section        0  libinit2.o(.ARM.Collect$$libinit$$00000023)
    .ARM.Collect$$libinit$$00000025          0x08000184   Section        0  libinit2.o(.ARM.Collect$$libinit$$00000025)
    .ARM.Collect$$libinit$$00000026          0x08000184   Section        4  libinit2.o(.ARM.Collect$$libinit$$00000026)
    .ARM.Collect$$libinit$$00000027          0x08000188   Section        0  libinit2.o(.ARM.Collect$$libinit$$00000027)
    .ARM.Collect$$libinit$$0000002E          0x08000188   Section        0  libinit2.o(.ARM.Collect$$libinit$$0000002E)
    .ARM.Collect$$libinit$$00000030          0x08000188   Section        0  libinit2.o(.ARM.Collect$$libinit$$00000030)
    .ARM.Collect$$libinit$$00000032          0x08000188   Section        0  libinit2.o(.ARM.Collect$$libinit$$00000032)
    .ARM.Collect$$libinit$$00000034          0x08000188   Section        0  libinit2.o(.ARM.Collect$$libinit$$00000034)
    .ARM.Collect$$libinit$$00000035          0x08000188   Section        2  libinit2.o(.ARM.Collect$$libinit$$00000035)
    .ARM.Collect$$libshutdown$$00000000      0x0800018a   Section        2  libshutdown.o(.ARM.Collect$$libshutdown$$00000000)
    .ARM.Collect$$libshutdown$$00000002      0x0800018c   Section        0  libshutdown2.o(.ARM.Collect$$libshutdown$$00000002)
    .ARM.Collect$$libshutdown$$00000003      0x0800018c   Section        4  libshutdown2.o(.ARM.Collect$$libshutdown$$00000003)
    .ARM.Collect$$libshutdown$$00000004      0x08000190   Section        0  libshutdown2.o(.ARM.Collect$$libshutdown$$00000004)
    .ARM.Collect$$libshutdown$$00000007      0x08000190   Section        0  libshutdown2.o(.ARM.Collect$$libshutdown$$00000007)
    .ARM.Collect$$libshutdown$$0000000A      0x08000190   Section        0  libshutdown2.o(.ARM.Collect$$libshutdown$$0000000A)
    .ARM.Collect$$libshutdown$$0000000C      0x08000190   Section        0  libshutdown2.o(.ARM.Collect$$libshutdown$$0000000C)
    .ARM.Collect$$libshutdown$$0000000F      0x08000190   Section        0  libshutdown2.o(.ARM.Collect$$libshutdown$$0000000F)
    .ARM.Collect$$libshutdown$$00000010      0x08000190   Section        2  libshutdown2.o(.ARM.Collect$$libshutdown$$00000010)
    .ARM.Collect$$rtentry$$00000000          0x08000192   Section        0  __rtentry.o(.ARM.Collect$$rtentry$$00000000)
    .ARM.Collect$$rtentry$$00000002          0x08000192   Section        0  __rtentry2.o(.ARM.Collect$$rtentry$$00000002)
    .ARM.Collect$$rtentry$$00000004          0x08000192   Section        6  __rtentry4.o(.ARM.Collect$$rtentry$$00000004)
    .ARM.Collect$$rtentry$$00000009          0x08000198   Section        0  __rtentry2.o(.ARM.Collect$$rtentry$$00000009)
    .ARM.Collect$$rtentry$$0000000A          0x08000198   Section        4  __rtentry2.o(.ARM.Collect$$rtentry$$0000000A)
    .ARM.Collect$$rtentry$$0000000C          0x0800019c   Section        0  __rtentry2.o(.ARM.Collect$$rtentry$$0000000C)
    .ARM.Collect$$rtentry$$0000000D          0x0800019c   Section        8  __rtentry2.o(.ARM.Collect$$rtentry$$0000000D)
    .ARM.Collect$$rtexit$$00000000           0x080001a4   Section        2  rtexit.o(.ARM.Collect$$rtexit$$00000000)
    .ARM.Collect$$rtexit$$00000002           0x080001a6   Section        0  rtexit2.o(.ARM.Collect$$rtexit$$00000002)
    .ARM.Collect$$rtexit$$00000003           0x080001a6   Section        4  rtexit2.o(.ARM.Collect$$rtexit$$00000003)
    .ARM.Collect$$rtexit$$00000004           0x080001aa   Section        6  rtexit2.o(.ARM.Collect$$rtexit$$00000004)
    .text                                    0x080001b0   Section       64  startup_stm32f103xb.o(.text)
    .text                                    0x080001f0   Section        0  noretval__2printf.o(.text)
    .text                                    0x08000208   Section        0  __printf_flags_ss_wp.o(.text)
    .text                                    0x08000390   Section        0  puts.o(.text)
    .text                                    0x080003bc   Section        0  strlen.o(.text)
    .text                                    0x080003fa   Section       78  rt_memclr_w.o(.text)
    .text                                    0x08000448   Section        0  heapauxi.o(.text)
    _fp_digits                               0x0800044f   Thumb Code   432  _printf_fp_dec.o(.text)
    .text                                    0x0800044e   Section        0  _printf_fp_dec.o(.text)
    _printf_input_char                       0x0800086d   Thumb Code    10  _printf_char_common.o(.text)
    .text                                    0x0800086c   Section        0  _printf_char_common.o(.text)
    .text                                    0x0800089c   Section        0  _printf_char_file.o(.text)
    .text                                    0x080008c0   Section        8  rt_locale_intlibspace.o(.text)
    .text                                    0x080008c8   Section      138  lludiv10.o(.text)
    .text                                    0x08000954   Section        0  _printf_fp_infnan.o(.text)
    .text                                    0x080009d4   Section        0  bigflt0.o(.text)
    .text                                    0x08000ab8   Section        0  ferror.o(.text)
    .text                                    0x08000ac0   Section        0  flsbuf.o(.text)
    .text                                    0x08000ca4   Section        0  initio.o(.text)
    .text                                    0x08000ddc   Section        0  sys_io.o(.text)
    .text                                    0x08000e44   Section        8  libspace.o(.text)
    .text                                    0x08000e4c   Section       74  sys_stackheap_outer.o(.text)
    .text                                    0x08000e96   Section        0  h1_alloc.o(.text)
    .text                                    0x08000ef4   Section        0  h1_free.o(.text)
    .text                                    0x08000f42   Section        0  setvbuf.o(.text)
    .text                                    0x08000f88   Section        0  stdio.o(.text)
    _freopen_locked                          0x08001079   Thumb Code     0  fopen.o(.text)
    .text                                    0x08001078   Section        0  fopen.o(.text)
    .text                                    0x08001168   Section        0  fclose.o(.text)
    .text                                    0x080011b4   Section        0  exit.o(.text)
    .text                                    0x080011c6   Section        0  defsig_rtred_outer.o(.text)
    .text                                    0x080011d4   Section      128  strcmpv7m.o(.text)
    .text                                    0x08001254   Section        2  use_no_semi.o(.text)
    .text                                    0x08001256   Section        0  indicate_semi.o(.text)
    .text                                    0x08001258   Section        8  rt_heap_descriptor_intlibspace.o(.text)
    .text                                    0x08001260   Section        0  hguard.o(.text)
    .text                                    0x08001264   Section        0  init_alloc.o(.text)
    .text                                    0x080012ee   Section        0  h1_init.o(.text)
    .text                                    0x080012fc   Section        0  fseek.o(.text)
    .text                                    0x080013f4   Section        0  defsig_exit.o(.text)
    .text                                    0x08001400   Section        0  defsig_rtred_inner.o(.text)
    .text                                    0x08001434   Section        0  sys_exit.o(.text)
    .text                                    0x08001440   Section        0  maybetermalloc1.o(.text)
    .text                                    0x08001440   Section        0  h1_extend.o(.text)
    .text                                    0x08001474   Section        0  ftell.o(.text)
    .text                                    0x080014b6   Section        0  defsig_general.o(.text)
    .text                                    0x080014e8   Section        0  defsig_rtmem_outer.o(.text)
    .text                                    0x080014f6   Section        0  sys_wrch.o(.text)
    .text                                    0x08001504   Section        8  rt_errno_addr_intlibspace.o(.text)
    .text                                    0x0800150c   Section        0  defsig_rtmem_inner.o(.text)
    [Anonymous Symbol]                       0x0800155c   Section        0  stm32f1xx_it.o(.text.BusFault_Handler)
    [Anonymous Symbol]                       0x08001560   Section        0  stm32f1xx_it.o(.text.DebugMon_Handler)
    [Anonymous Symbol]                       0x08001564   Section        0  main.o(.text.Error_Handler)
    [Anonymous Symbol]                       0x08001570   Section        0  stm32f1xx_hal_crc.o(.text.HAL_CRC_Init)
    [Anonymous Symbol]                       0x0800159c   Section        0  crc.o(.text.HAL_CRC_MspInit)
    [Anonymous Symbol]                       0x080015d0   Section        0  stm32f1xx_hal_dma.o(.text.HAL_DMA_Abort)
    [Anonymous Symbol]                       0x08001618   Section        0  stm32f1xx_hal_dma.o(.text.HAL_DMA_Abort_IT)
    [Anonymous Symbol]                       0x080016cc   Section        0  stm32f1xx_hal_gpio.o(.text.HAL_GPIO_Init)
    [Anonymous Symbol]                       0x080018e0   Section        0  stm32f1xx_hal_gpio.o(.text.HAL_GPIO_WritePin)
    [Anonymous Symbol]                       0x080018ec   Section        0  stm32f1xx_hal.o(.text.HAL_GetTick)
    [Anonymous Symbol]                       0x080018f8   Section        0  stm32f1xx_hal.o(.text.HAL_IncTick)
    [Anonymous Symbol]                       0x08001914   Section        0  stm32f1xx_hal.o(.text.HAL_Init)
    [Anonymous Symbol]                       0x0800193c   Section        0  stm32f1xx_hal.o(.text.HAL_InitTick)
    [Anonymous Symbol]                       0x08001984   Section        0  stm32f1xx_hal_msp.o(.text.HAL_MspInit)
    [Anonymous Symbol]                       0x080019c8   Section        0  stm32f1xx_hal_cortex.o(.text.HAL_NVIC_EnableIRQ)
    [Anonymous Symbol]                       0x080019e8   Section        0  stm32f1xx_hal_cortex.o(.text.HAL_NVIC_SetPriority)
    [Anonymous Symbol]                       0x08001a40   Section        0  stm32f1xx_hal_cortex.o(.text.HAL_NVIC_SetPriorityGrouping)
    [Anonymous Symbol]                       0x08001a60   Section        0  stm32f1xx_hal_rcc.o(.text.HAL_RCC_ClockConfig)
    [Anonymous Symbol]                       0x08001c20   Section        0  stm32f1xx_hal_rcc.o(.text.HAL_RCC_GetPCLK1Freq)
    [Anonymous Symbol]                       0x08001c48   Section        0  stm32f1xx_hal_rcc.o(.text.HAL_RCC_GetPCLK2Freq)
    [Anonymous Symbol]                       0x08001c70   Section        0  stm32f1xx_hal_rcc.o(.text.HAL_RCC_OscConfig)
    [Anonymous Symbol]                       0x08002024   Section        0  stm32f1xx_hal_cortex.o(.text.HAL_SYSTICK_Config)
    [Anonymous Symbol]                       0x08002050   Section        0  stm32f1xx_hal_uart.o(.text.HAL_UARTEx_RxEventCallback)
    [Anonymous Symbol]                       0x08002054   Section        0  stm32f1xx_hal_uart.o(.text.HAL_UART_ErrorCallback)
    [Anonymous Symbol]                       0x08002058   Section        0  stm32f1xx_hal_uart.o(.text.HAL_UART_IRQHandler)
    [Anonymous Symbol]                       0x080025bc   Section        0  stm32f1xx_hal_uart.o(.text.HAL_UART_Init)
    [Anonymous Symbol]                       0x0800269c   Section        0  usart.o(.text.HAL_UART_MspInit)
    [Anonymous Symbol]                       0x080027f0   Section        0  stm32f1xx_hal_uart.o(.text.HAL_UART_Receive)
    [Anonymous Symbol]                       0x08002a10   Section        0  stm32f1xx_hal_uart.o(.text.HAL_UART_RxCpltCallback)
    [Anonymous Symbol]                       0x08002a14   Section        0  stm32f1xx_hal_uart.o(.text.HAL_UART_Transmit)
    [Anonymous Symbol]                       0x08002b7c   Section        0  stm32f1xx_hal_uart.o(.text.HAL_UART_TxCpltCallback)
    [Anonymous Symbol]                       0x08002b80   Section        0  stm32f1xx_it.o(.text.HardFault_Handler)
    [Anonymous Symbol]                       0x08002b84   Section        0  crc.o(.text.MX_CRC_Init)
    [Anonymous Symbol]                       0x08002bac   Section        0  gpio.o(.text.MX_GPIO_Init)
    [Anonymous Symbol]                       0x08002c34   Section        0  usart.o(.text.MX_USART1_UART_Init)
    [Anonymous Symbol]                       0x08002c70   Section        0  usart.o(.text.MX_USART2_UART_Init)
    [Anonymous Symbol]                       0x08002cac   Section        0  usart.o(.text.MX_USART3_UART_Init)
    [Anonymous Symbol]                       0x08002ce8   Section        0  stm32f1xx_it.o(.text.MemManage_Handler)
    [Anonymous Symbol]                       0x08002cec   Section        0  cod.o(.text.Modbus_Read_Register)
    [Anonymous Symbol]                       0x08002ec0   Section        0  cod.o(.text.Modbus_Receive_Response)
    [Anonymous Symbol]                       0x08003074   Section        0  stm32f1xx_it.o(.text.NMI_Handler)
    [Anonymous Symbol]                       0x08003078   Section        0  stm32f1xx_it.o(.text.PendSV_Handler)
    [Anonymous Symbol]                       0x0800307c   Section        0  stm32f1xx_it.o(.text.SVC_Handler)
    [Anonymous Symbol]                       0x08003080   Section        0  stm32f1xx_it.o(.text.SysTick_Handler)
    [Anonymous Symbol]                       0x08003084   Section        0  system_stm32f1xx.o(.text.SystemInit)
    UART_DMAAbortOnError                     0x08003089   Thumb Code    12  stm32f1xx_hal_uart.o(.text.UART_DMAAbortOnError)
    [Anonymous Symbol]                       0x08003088   Section        0  stm32f1xx_hal_uart.o(.text.UART_DMAAbortOnError)
    UART_Receive_IT                          0x08003095   Thumb Code   254  stm32f1xx_hal_uart.o(.text.UART_Receive_IT)
    [Anonymous Symbol]                       0x08003094   Section        0  stm32f1xx_hal_uart.o(.text.UART_Receive_IT)
    [Anonymous Symbol]                       0x08003194   Section        0  stm32f1xx_it.o(.text.USART1_IRQHandler)
    [Anonymous Symbol]                       0x080031a0   Section        0  stm32f1xx_it.o(.text.USART2_IRQHandler)
    [Anonymous Symbol]                       0x080031ac   Section        0  stm32f1xx_it.o(.text.USART3_IRQHandler)
    [Anonymous Symbol]                       0x080031b8   Section        0  stm32f1xx_it.o(.text.UsageFault_Handler)
    [Anonymous Symbol]                       0x080031bc   Section        0  main.o(.text.main)
    CL$$btod_d2e                             0x0800324a   Section       62  btod.o(CL$$btod_d2e)
    CL$$btod_d2e_denorm_low                  0x08003288   Section       70  btod.o(CL$$btod_d2e_denorm_low)
    CL$$btod_d2e_norm_op1                    0x080032ce   Section       96  btod.o(CL$$btod_d2e_norm_op1)
    CL$$btod_div_common                      0x08003330   Section      824  btod.o(CL$$btod_div_common)
    CL$$btod_e2e                             0x08003668   Section      220  btod.o(CL$$btod_e2e)
    CL$$btod_ediv                            0x08003744   Section       42  btod.o(CL$$btod_ediv)
    CL$$btod_emul                            0x0800376e   Section       42  btod.o(CL$$btod_emul)
    CL$$btod_mult_common                     0x08003798   Section      580  btod.o(CL$$btod_mult_common)
    i.__ARM_fpclassify                       0x080039dc   Section        0  fpclassify.o(i.__ARM_fpclassify)
    i._is_digit                              0x08003a04   Section        0  __printf_wp.o(i._is_digit)
    i.fputc                                  0x08003a12   Section        0  fputc.o(i.fputc)
    locale$$code                             0x08003a30   Section       44  lc_numeric_c.o(locale$$code)
    x$fpl$dretinf                            0x08003a5c   Section       12  dretinf.o(x$fpl$dretinf)
    x$fpl$f2d                                0x08003a68   Section       86  f2d.o(x$fpl$f2d)
    _fdiv1                                   0x08003ac1   Thumb Code     0  fdiv.o(x$fpl$fdiv)
    x$fpl$fdiv                               0x08003ac0   Section      388  fdiv.o(x$fpl$fdiv)
    x$fpl$fflt                               0x08003c44   Section       48  fflt_clz.o(x$fpl$fflt)
    x$fpl$fnaninf                            0x08003c74   Section      140  fnaninf.o(x$fpl$fnaninf)
    x$fpl$fretinf                            0x08003d00   Section       10  fretinf.o(x$fpl$fretinf)
    x$fpl$printf1                            0x08003d0a   Section        4  printf1.o(x$fpl$printf1)
    maptable                                 0x08003d0e   Data          17  __printf_flags_ss_wp.o(.constdata)
    .constdata                               0x08003d0e   Section       17  __printf_flags_ss_wp.o(.constdata)
    x$fpl$usenofp                            0x08003d0e   Section        0  usenofp.o(x$fpl$usenofp)
    tenpwrs_x                                0x08003d20   Data          60  bigflt0.o(.constdata)
    .constdata                               0x08003d20   Section      148  bigflt0.o(.constdata)
    tenpwrs_i                                0x08003d5c   Data          64  bigflt0.o(.constdata)
    .constdata                               0x08003db4   Section        4  sys_io_names.o(.constdata)
    .constdata                               0x08003db8   Section        4  sys_io_names.o(.constdata)
    .constdata                               0x08003dbc   Section        4  sys_io_names.o(.constdata)
    HAL_RCC_GetSysClockFreq.aPredivFactorTable 0x08003dd8   Data           2  stm32f1xx_hal_rcc.o(.rodata.HAL_RCC_GetSysClockFreq.aPredivFactorTable)
    [Anonymous Symbol]                       0x08003dd8   Section        0  stm32f1xx_hal_rcc.o(.rodata.HAL_RCC_GetSysClockFreq.aPredivFactorTable)
    HAL_RCC_GetSysClockFreq.aPLLMULFactorTable 0x08003dda   Data          16  stm32f1xx_hal_rcc.o(.rodata.cst16)
    [Anonymous Symbol]                       0x08003dda   Section        0  stm32f1xx_hal_rcc.o(.rodata.cst16)
    locale$$data                             0x08003e0c   Section       28  lc_numeric_c.o(locale$$data)
    __lcnum_c_name                           0x08003e10   Data           2  lc_numeric_c.o(locale$$data)
    __lcnum_c_start                          0x08003e18   Data           0  lc_numeric_c.o(locale$$data)
    __lcnum_c_point                          0x08003e24   Data           0  lc_numeric_c.o(locale$$data)
    __lcnum_c_thousands                      0x08003e26   Data           0  lc_numeric_c.o(locale$$data)
    __lcnum_c_grouping                       0x08003e27   Data           0  lc_numeric_c.o(locale$$data)
    __lcnum_c_end                            0x08003e28   Data           0  lc_numeric_c.o(locale$$data)
    .data                                    0x20000000   Section        4  stdio_streams.o(.data)
    .data                                    0x20000004   Section        4  stdio_streams.o(.data)
    .data                                    0x20000008   Section        4  stdio_streams.o(.data)
    .L_MergedGlobals                         0x2000000c   Data           8  stm32f1xx_hal.o(.data..L_MergedGlobals)
    [Anonymous Symbol]                       0x2000000c   Section        0  stm32f1xx_hal.o(.data..L_MergedGlobals)
    .bss                                     0x20000018   Section       84  stdio_streams.o(.bss)
    .bss                                     0x2000006c   Section       84  stdio_streams.o(.bss)
    .bss                                     0x200000c0   Section       84  stdio_streams.o(.bss)
    .bss                                     0x20000114   Section       96  libspace.o(.bss)
    Heap_Mem                                 0x20000258   Data         512  startup_stm32f103xb.o(HEAP)
    HEAP                                     0x20000258   Section      512  startup_stm32f103xb.o(HEAP)
    Stack_Mem                                0x20000458   Data        1024  startup_stm32f103xb.o(STACK)
    STACK                                    0x20000458   Section     1024  startup_stm32f103xb.o(STACK)
    __initial_sp                             0x20000858   Data           0  startup_stm32f103xb.o(STACK)

    Global Symbols

    Symbol Name                              Value     Ov Type        Size  Object(Section)

    BuildAttributes$$THM_ISAv4$P$D$K$B$S$PE$A:L22UL41UL21$X:L11$S22US41US21$IEEE1$IW$~IW$USESV6$~STKCKD$USESV7$~SHL$OTIME$ROPI$IEEEJ$EBA8$UX$STANDARDLIB$REQ8$PRES8$EABIv2 0x00000000   Number         0  anon$$obj.o ABSOLUTE
    __fp_init_empty                          0x00000000   Number         0  fpinit_empty.o ABSOLUTE
    _printf_flags                            0x00000000   Number         0  printf_stubs.o ABSOLUTE
    _printf_return_value                     0x00000000   Number         0  printf_stubs.o ABSOLUTE
    _printf_sizespec                         0x00000000   Number         0  printf_stubs.o ABSOLUTE
    _printf_widthprec                        0x00000000   Number         0  printf_stubs.o ABSOLUTE
    __ARM_exceptions_init                     - Undefined Weak Reference
    __alloca_initialize                       - Undefined Weak Reference
    __arm_preinit_                            - Undefined Weak Reference
    __arm_relocate_pie_                       - Undefined Weak Reference
    __cpp_initialize__aeabi_                  - Undefined Weak Reference
    __cxa_finalize                            - Undefined Weak Reference
    __sigvec_lookup                           - Undefined Weak Reference
    __user_heap_extent                        - Undefined Weak Reference
    _atexit_init                              - Undefined Weak Reference
    _call_atexit_fns                          - Undefined Weak Reference
    _clock_init                               - Undefined Weak Reference
    _fp_trap_init                             - Undefined Weak Reference
    _fp_trap_shutdown                         - Undefined Weak Reference
    _get_lc_collate                           - Undefined Weak Reference
    _get_lc_monetary                          - Undefined Weak Reference
    _get_lc_time                              - Undefined Weak Reference
    _getenv_init                              - Undefined Weak Reference
    _handle_redirection                       - Undefined Weak Reference
    _mutex_acquire                            - Undefined Weak Reference
    _mutex_free                               - Undefined Weak Reference
    _mutex_release                            - Undefined Weak Reference
    _printf_mbtowc                            - Undefined Weak Reference
    _printf_wc                                - Undefined Weak Reference
    _rand_init                                - Undefined Weak Reference
    _signal_finish                            - Undefined Weak Reference
    _signal_init                              - Undefined Weak Reference
    __Vectors_Size                           0x000000ec   Number         0  startup_stm32f103xb.o ABSOLUTE
    __Vectors                                0x08000000   Data           4  startup_stm32f103xb.o(RESET)
    __Vectors_End                            0x080000ec   Data           0  startup_stm32f103xb.o(RESET)
    __main                                   0x080000ed   Thumb Code     8  __main.o(!!!main)
    __scatterload                            0x080000f5   Thumb Code     0  __scatter.o(!!!scatter)
    __scatterload_rt2                        0x080000f5   Thumb Code    44  __scatter.o(!!!scatter)
    __scatterload_rt2_thumb_only             0x080000f5   Thumb Code     0  __scatter.o(!!!scatter)
    __scatterload_null                       0x08000103   Thumb Code     0  __scatter.o(!!!scatter)
    __scatterload_copy                       0x08000129   Thumb Code    26  __scatter_copy.o(!!handler_copy)
    __scatterload_zeroinit                   0x08000145   Thumb Code    28  __scatter_zi.o(!!handler_zi)
    _printf_f                                0x08000161   Thumb Code     0  _printf_f.o(.ARM.Collect$$_printf_percent$$00000003)
    _printf_percent                          0x08000161   Thumb Code     0  _printf_percent.o(.ARM.Collect$$_printf_percent$$00000000)
    _printf_percent_end                      0x08000167   Thumb Code     0  _printf_percent_end.o(.ARM.Collect$$_printf_percent$$00000017)
    __rt_lib_init                            0x0800016b   Thumb Code     0  libinit.o(.ARM.Collect$$libinit$$00000000)
    __rt_lib_init_fp_1                       0x0800016d   Thumb Code     0  libinit2.o(.ARM.Collect$$libinit$$00000002)
    __rt_lib_init_heap_2                     0x0800016d   Thumb Code     0  libinit2.o(.ARM.Collect$$libinit$$00000007)
    __rt_lib_init_preinit_1                  0x0800016d   Thumb Code     0  libinit2.o(.ARM.Collect$$libinit$$00000006)
    __rt_lib_init_relocate_pie_1             0x0800016d   Thumb Code     0  libinit2.o(.ARM.Collect$$libinit$$00000004)
    __rt_lib_init_heap_1                     0x08000175   Thumb Code     0  libinit2.o(.ARM.Collect$$libinit$$0000000C)
    __rt_lib_init_lc_common                  0x08000175   Thumb Code     0  libinit2.o(.ARM.Collect$$libinit$$00000011)
    __rt_lib_init_rand_1                     0x08000175   Thumb Code     0  libinit2.o(.ARM.Collect$$libinit$$00000010)
    __rt_lib_init_user_alloc_1               0x08000175   Thumb Code     0  libinit2.o(.ARM.Collect$$libinit$$0000000E)
    __rt_lib_init_lc_collate_1               0x0800017b   Thumb Code     0  libinit2.o(.ARM.Collect$$libinit$$00000013)
    __rt_lib_init_lc_ctype_1                 0x0800017b   Thumb Code     0  libinit2.o(.ARM.Collect$$libinit$$00000015)
    __rt_lib_init_lc_monetary_1              0x0800017b   Thumb Code     0  libinit2.o(.ARM.Collect$$libinit$$00000017)
    __rt_lib_init_lc_numeric_2               0x0800017b   Thumb Code     0  libinit2.o(.ARM.Collect$$libinit$$00000018)
    __rt_lib_init_atexit_1                   0x08000185   Thumb Code     0  libinit2.o(.ARM.Collect$$libinit$$0000001D)
    __rt_lib_init_clock_1                    0x08000185   Thumb Code     0  libinit2.o(.ARM.Collect$$libinit$$00000023)
    __rt_lib_init_fp_trap_1                  0x08000185   Thumb Code     0  libinit2.o(.ARM.Collect$$libinit$$00000021)
    __rt_lib_init_getenv_1                   0x08000185   Thumb Code     0  libinit2.o(.ARM.Collect$$libinit$$00000025)
    __rt_lib_init_lc_numeric_1               0x08000185   Thumb Code     0  libinit2.o(.ARM.Collect$$libinit$$00000019)
    __rt_lib_init_lc_time_1                  0x08000185   Thumb Code     0  libinit2.o(.ARM.Collect$$libinit$$0000001B)
    __rt_lib_init_signal_1                   0x08000185   Thumb Code     0  libinit2.o(.ARM.Collect$$libinit$$0000001F)
    __rt_lib_init_stdio_2                    0x08000185   Thumb Code     0  libinit2.o(.ARM.Collect$$libinit$$00000026)
    __rt_lib_init_alloca_1                   0x08000189   Thumb Code     0  libinit2.o(.ARM.Collect$$libinit$$00000030)
    __rt_lib_init_argv_1                     0x08000189   Thumb Code     0  libinit2.o(.ARM.Collect$$libinit$$0000002E)
    __rt_lib_init_cpp_1                      0x08000189   Thumb Code     0  libinit2.o(.ARM.Collect$$libinit$$00000034)
    __rt_lib_init_exceptions_1               0x08000189   Thumb Code     0  libinit2.o(.ARM.Collect$$libinit$$00000032)
    __rt_lib_init_return                     0x08000189   Thumb Code     0  libinit2.o(.ARM.Collect$$libinit$$00000035)
    __rt_lib_init_stdio_1                    0x08000189   Thumb Code     0  libinit2.o(.ARM.Collect$$libinit$$00000027)
    __rt_lib_shutdown                        0x0800018b   Thumb Code     0  libshutdown.o(.ARM.Collect$$libshutdown$$00000000)
    __rt_lib_shutdown_cpp_1                  0x0800018d   Thumb Code     0  libshutdown2.o(.ARM.Collect$$libshutdown$$00000002)
    __rt_lib_shutdown_stdio_2                0x0800018d   Thumb Code     0  libshutdown2.o(.ARM.Collect$$libshutdown$$00000003)
    __rt_lib_shutdown_fp_trap_1              0x08000191   Thumb Code     0  libshutdown2.o(.ARM.Collect$$libshutdown$$00000007)
    __rt_lib_shutdown_heap_1                 0x08000191   Thumb Code     0  libshutdown2.o(.ARM.Collect$$libshutdown$$0000000F)
    __rt_lib_shutdown_return                 0x08000191   Thumb Code     0  libshutdown2.o(.ARM.Collect$$libshutdown$$00000010)
    __rt_lib_shutdown_signal_1               0x08000191   Thumb Code     0  libshutdown2.o(.ARM.Collect$$libshutdown$$0000000A)
    __rt_lib_shutdown_stdio_1                0x08000191   Thumb Code     0  libshutdown2.o(.ARM.Collect$$libshutdown$$00000004)
    __rt_lib_shutdown_user_alloc_1           0x08000191   Thumb Code     0  libshutdown2.o(.ARM.Collect$$libshutdown$$0000000C)
    __rt_entry                               0x08000193   Thumb Code     0  __rtentry.o(.ARM.Collect$$rtentry$$00000000)
    __rt_entry_presh_1                       0x08000193   Thumb Code     0  __rtentry2.o(.ARM.Collect$$rtentry$$00000002)
    __rt_entry_sh                            0x08000193   Thumb Code     0  __rtentry4.o(.ARM.Collect$$rtentry$$00000004)
    __rt_entry_li                            0x08000199   Thumb Code     0  __rtentry2.o(.ARM.Collect$$rtentry$$0000000A)
    __rt_entry_postsh_1                      0x08000199   Thumb Code     0  __rtentry2.o(.ARM.Collect$$rtentry$$00000009)
    __rt_entry_main                          0x0800019d   Thumb Code     0  __rtentry2.o(.ARM.Collect$$rtentry$$0000000D)
    __rt_entry_postli_1                      0x0800019d   Thumb Code     0  __rtentry2.o(.ARM.Collect$$rtentry$$0000000C)
    __rt_exit                                0x080001a5   Thumb Code     0  rtexit.o(.ARM.Collect$$rtexit$$00000000)
    __rt_exit_ls                             0x080001a7   Thumb Code     0  rtexit2.o(.ARM.Collect$$rtexit$$00000003)
    __rt_exit_prels_1                        0x080001a7   Thumb Code     0  rtexit2.o(.ARM.Collect$$rtexit$$00000002)
    __rt_exit_exit                           0x080001ab   Thumb Code     0  rtexit2.o(.ARM.Collect$$rtexit$$00000004)
    Reset_Handler                            0x080001b1   Thumb Code     8  startup_stm32f103xb.o(.text)
    ADC1_2_IRQHandler                        0x080001cb   Thumb Code     0  startup_stm32f103xb.o(.text)
    CAN1_RX1_IRQHandler                      0x080001cb   Thumb Code     0  startup_stm32f103xb.o(.text)
    CAN1_SCE_IRQHandler                      0x080001cb   Thumb Code     0  startup_stm32f103xb.o(.text)
    DMA1_Channel1_IRQHandler                 0x080001cb   Thumb Code     0  startup_stm32f103xb.o(.text)
    DMA1_Channel2_IRQHandler                 0x080001cb   Thumb Code     0  startup_stm32f103xb.o(.text)
    DMA1_Channel3_IRQHandler                 0x080001cb   Thumb Code     0  startup_stm32f103xb.o(.text)
    DMA1_Channel4_IRQHandler                 0x080001cb   Thumb Code     0  startup_stm32f103xb.o(.text)
    DMA1_Channel5_IRQHandler                 0x080001cb   Thumb Code     0  startup_stm32f103xb.o(.text)
    DMA1_Channel6_IRQHandler                 0x080001cb   Thumb Code     0  startup_stm32f103xb.o(.text)
    DMA1_Channel7_IRQHandler                 0x080001cb   Thumb Code     0  startup_stm32f103xb.o(.text)
    EXTI0_IRQHandler                         0x080001cb   Thumb Code     0  startup_stm32f103xb.o(.text)
    EXTI15_10_IRQHandler                     0x080001cb   Thumb Code     0  startup_stm32f103xb.o(.text)
    EXTI1_IRQHandler                         0x080001cb   Thumb Code     0  startup_stm32f103xb.o(.text)
    EXTI2_IRQHandler                         0x080001cb   Thumb Code     0  startup_stm32f103xb.o(.text)
    EXTI3_IRQHandler                         0x080001cb   Thumb Code     0  startup_stm32f103xb.o(.text)
    EXTI4_IRQHandler                         0x080001cb   Thumb Code     0  startup_stm32f103xb.o(.text)
    EXTI9_5_IRQHandler                       0x080001cb   Thumb Code     0  startup_stm32f103xb.o(.text)
    FLASH_IRQHandler                         0x080001cb   Thumb Code     0  startup_stm32f103xb.o(.text)
    I2C1_ER_IRQHandler                       0x080001cb   Thumb Code     0  startup_stm32f103xb.o(.text)
    I2C1_EV_IRQHandler                       0x080001cb   Thumb Code     0  startup_stm32f103xb.o(.text)
    I2C2_ER_IRQHandler                       0x080001cb   Thumb Code     0  startup_stm32f103xb.o(.text)
    I2C2_EV_IRQHandler                       0x080001cb   Thumb Code     0  startup_stm32f103xb.o(.text)
    PVD_IRQHandler                           0x080001cb   Thumb Code     0  startup_stm32f103xb.o(.text)
    RCC_IRQHandler                           0x080001cb   Thumb Code     0  startup_stm32f103xb.o(.text)
    RTC_Alarm_IRQHandler                     0x080001cb   Thumb Code     0  startup_stm32f103xb.o(.text)
    RTC_IRQHandler                           0x080001cb   Thumb Code     0  startup_stm32f103xb.o(.text)
    SPI1_IRQHandler                          0x080001cb   Thumb Code     0  startup_stm32f103xb.o(.text)
    SPI2_IRQHandler                          0x080001cb   Thumb Code     0  startup_stm32f103xb.o(.text)
    TAMPER_IRQHandler                        0x080001cb   Thumb Code     0  startup_stm32f103xb.o(.text)
    TIM1_BRK_IRQHandler                      0x080001cb   Thumb Code     0  startup_stm32f103xb.o(.text)
    TIM1_CC_IRQHandler                       0x080001cb   Thumb Code     0  startup_stm32f103xb.o(.text)
    TIM1_TRG_COM_IRQHandler                  0x080001cb   Thumb Code     0  startup_stm32f103xb.o(.text)
    TIM1_UP_IRQHandler                       0x080001cb   Thumb Code     0  startup_stm32f103xb.o(.text)
    TIM2_IRQHandler                          0x080001cb   Thumb Code     0  startup_stm32f103xb.o(.text)
    TIM3_IRQHandler                          0x080001cb   Thumb Code     0  startup_stm32f103xb.o(.text)
    TIM4_IRQHandler                          0x080001cb   Thumb Code     0  startup_stm32f103xb.o(.text)
    USBWakeUp_IRQHandler                     0x080001cb   Thumb Code     0  startup_stm32f103xb.o(.text)
    USB_HP_CAN1_TX_IRQHandler                0x080001cb   Thumb Code     0  startup_stm32f103xb.o(.text)
    USB_LP_CAN1_RX0_IRQHandler               0x080001cb   Thumb Code     0  startup_stm32f103xb.o(.text)
    WWDG_IRQHandler                          0x080001cb   Thumb Code     0  startup_stm32f103xb.o(.text)
    __user_initial_stackheap                 0x080001cd   Thumb Code     0  startup_stm32f103xb.o(.text)
    __2printf                                0x080001f1   Thumb Code    20  noretval__2printf.o(.text)
    __printf                                 0x08000209   Thumb Code   388  __printf_flags_ss_wp.o(.text)
    puts                                     0x08000391   Thumb Code    40  puts.o(.text)
    strlen                                   0x080003bd   Thumb Code    62  strlen.o(.text)
    __aeabi_memclr4                          0x080003fb   Thumb Code     0  rt_memclr_w.o(.text)
    __aeabi_memclr8                          0x080003fb   Thumb Code     0  rt_memclr_w.o(.text)
    __rt_memclr_w                            0x080003fb   Thumb Code     0  rt_memclr_w.o(.text)
    _memset_w                                0x080003ff   Thumb Code    74  rt_memclr_w.o(.text)
    __use_two_region_memory                  0x08000449   Thumb Code     2  heapauxi.o(.text)
    __rt_heap_escrow                         0x0800044b   Thumb Code     2  heapauxi.o(.text)
    __rt_heap_expand                         0x0800044d   Thumb Code     2  heapauxi.o(.text)
    _printf_fp_dec_real                      0x080005ff   Thumb Code   620  _printf_fp_dec.o(.text)
    _printf_char_common                      0x08000877   Thumb Code    32  _printf_char_common.o(.text)
    _printf_char_file                        0x0800089d   Thumb Code    32  _printf_char_file.o(.text)
    __rt_locale                              0x080008c1   Thumb Code     8  rt_locale_intlibspace.o(.text)
    _ll_udiv10                               0x080008c9   Thumb Code   138  lludiv10.o(.text)
    _printf_fp_infnan                        0x08000955   Thumb Code   112  _printf_fp_infnan.o(.text)
    _btod_etento                             0x080009d5   Thumb Code   224  bigflt0.o(.text)
    ferror                                   0x08000ab9   Thumb Code     8  ferror.o(.text)
    __flsbuf                                 0x08000ac1   Thumb Code   482  flsbuf.o(.text)
    __flsbuf_byte                            0x08000ac1   Thumb Code     0  flsbuf.o(.text)
    __flsbuf_wide                            0x08000ac1   Thumb Code     0  flsbuf.o(.text)
    _initio                                  0x08000ca5   Thumb Code   210  initio.o(.text)
    _terminateio                             0x08000d77   Thumb Code    56  initio.o(.text)
    _sys_open                                0x08000ddd   Thumb Code    20  sys_io.o(.text)
    _sys_close                               0x08000df1   Thumb Code    12  sys_io.o(.text)
    _sys_write                               0x08000dfd   Thumb Code    16  sys_io.o(.text)
    _sys_read                                0x08000e0d   Thumb Code    14  sys_io.o(.text)
    _sys_istty                               0x08000e1b   Thumb Code    12  sys_io.o(.text)
    _sys_seek                                0x08000e27   Thumb Code    14  sys_io.o(.text)
    _sys_ensure                              0x08000e35   Thumb Code     2  sys_io.o(.text)
    _sys_flen                                0x08000e37   Thumb Code    12  sys_io.o(.text)
    __user_libspace                          0x08000e45   Thumb Code     8  libspace.o(.text)
    __user_perproc_libspace                  0x08000e45   Thumb Code     0  libspace.o(.text)
    __user_perthread_libspace                0x08000e45   Thumb Code     0  libspace.o(.text)
    __user_setup_stackheap                   0x08000e4d   Thumb Code    74  sys_stackheap_outer.o(.text)
    malloc                                   0x08000e97   Thumb Code    94  h1_alloc.o(.text)
    free                                     0x08000ef5   Thumb Code    78  h1_free.o(.text)
    setvbuf                                  0x08000f43   Thumb Code    70  setvbuf.o(.text)
    _seterr                                  0x08000f89   Thumb Code    20  stdio.o(.text)
    _writebuf                                0x08000f9d   Thumb Code    84  stdio.o(.text)
    _fflush                                  0x08000ff1   Thumb Code    70  stdio.o(.text)
    _deferredlazyseek                        0x08001037   Thumb Code    60  stdio.o(.text)
    freopen                                  0x08001079   Thumb Code   160  fopen.o(.text)
    fopen                                    0x08001119   Thumb Code    74  fopen.o(.text)
    _fclose_internal                         0x08001169   Thumb Code    76  fclose.o(.text)
    fclose                                   0x08001169   Thumb Code     0  fclose.o(.text)
    exit                                     0x080011b5   Thumb Code    18  exit.o(.text)
    __rt_SIGRTRED                            0x080011c7   Thumb Code    14  defsig_rtred_outer.o(.text)
    strcmp                                   0x080011d5   Thumb Code   128  strcmpv7m.o(.text)
    __I$use$semihosting                      0x08001255   Thumb Code     0  use_no_semi.o(.text)
    __use_no_semihosting_swi                 0x08001255   Thumb Code     2  use_no_semi.o(.text)
    __semihosting_library_function           0x08001257   Thumb Code     0  indicate_semi.o(.text)
    __rt_heap_descriptor                     0x08001259   Thumb Code     8  rt_heap_descriptor_intlibspace.o(.text)
    __use_no_heap                            0x08001261   Thumb Code     2  hguard.o(.text)
    __heap$guard                             0x08001263   Thumb Code     2  hguard.o(.text)
    _terminate_user_alloc                    0x08001265   Thumb Code     2  init_alloc.o(.text)
    _init_user_alloc                         0x08001267   Thumb Code     2  init_alloc.o(.text)
    __Heap_Full                              0x08001269   Thumb Code    34  init_alloc.o(.text)
    __Heap_Broken                            0x0800128b   Thumb Code     6  init_alloc.o(.text)
    _init_alloc                              0x08001291   Thumb Code    94  init_alloc.o(.text)
    __Heap_Initialize                        0x080012ef   Thumb Code    10  h1_init.o(.text)
    __Heap_DescSize                          0x080012f9   Thumb Code     4  h1_init.o(.text)
    _fseek                                   0x080012fd   Thumb Code   242  fseek.o(.text)
    fseek                                    0x080012fd   Thumb Code     0  fseek.o(.text)
    __sig_exit                               0x080013f5   Thumb Code    10  defsig_exit.o(.text)
    __rt_SIGRTRED_inner                      0x08001401   Thumb Code    14  defsig_rtred_inner.o(.text)
    _sys_exit                                0x08001435   Thumb Code     8  sys_exit.o(.text)
    __Heap_ProvideMemory                     0x08001441   Thumb Code    52  h1_extend.o(.text)
    _maybe_terminate_alloc                   0x08001441   Thumb Code     0  maybetermalloc1.o(.text)
    _ftell_internal                          0x08001475   Thumb Code    66  ftell.o(.text)
    ftell                                    0x08001475   Thumb Code     0  ftell.o(.text)
    __default_signal_display                 0x080014b7   Thumb Code    50  defsig_general.o(.text)
    __rt_SIGRTMEM                            0x080014e9   Thumb Code    14  defsig_rtmem_outer.o(.text)
    _ttywrch                                 0x080014f7   Thumb Code    14  sys_wrch.o(.text)
    __aeabi_errno_addr                       0x08001505   Thumb Code     8  rt_errno_addr_intlibspace.o(.text)
    __errno$intlibspace                      0x08001505   Thumb Code     0  rt_errno_addr_intlibspace.o(.text)
    __rt_errno_addr$intlibspace              0x08001505   Thumb Code     0  rt_errno_addr_intlibspace.o(.text)
    __rt_SIGRTMEM_inner                      0x0800150d   Thumb Code    22  defsig_rtmem_inner.o(.text)
    BusFault_Handler                         0x0800155d   Thumb Code     2  stm32f1xx_it.o(.text.BusFault_Handler)
    DebugMon_Handler                         0x08001561   Thumb Code     2  stm32f1xx_it.o(.text.DebugMon_Handler)
    Error_Handler                            0x08001565   Thumb Code    10  main.o(.text.Error_Handler)
    HAL_CRC_Init                             0x08001571   Thumb Code    42  stm32f1xx_hal_crc.o(.text.HAL_CRC_Init)
    HAL_CRC_MspInit                          0x0800159d   Thumb Code    50  crc.o(.text.HAL_CRC_MspInit)
    HAL_DMA_Abort                            0x080015d1   Thumb Code    70  stm32f1xx_hal_dma.o(.text.HAL_DMA_Abort)
    HAL_DMA_Abort_IT                         0x08001619   Thumb Code   178  stm32f1xx_hal_dma.o(.text.HAL_DMA_Abort_IT)
    HAL_GPIO_Init                            0x080016cd   Thumb Code   530  stm32f1xx_hal_gpio.o(.text.HAL_GPIO_Init)
    HAL_GPIO_WritePin                        0x080018e1   Thumb Code    10  stm32f1xx_hal_gpio.o(.text.HAL_GPIO_WritePin)
    HAL_GetTick                              0x080018ed   Thumb Code    12  stm32f1xx_hal.o(.text.HAL_GetTick)
    HAL_IncTick                              0x080018f9   Thumb Code    26  stm32f1xx_hal.o(.text.HAL_IncTick)
    HAL_Init                                 0x08001915   Thumb Code    38  stm32f1xx_hal.o(.text.HAL_Init)
    HAL_InitTick                             0x0800193d   Thumb Code    72  stm32f1xx_hal.o(.text.HAL_InitTick)
    HAL_MspInit                              0x08001985   Thumb Code    66  stm32f1xx_hal_msp.o(.text.HAL_MspInit)
    HAL_NVIC_EnableIRQ                       0x080019c9   Thumb Code    32  stm32f1xx_hal_cortex.o(.text.HAL_NVIC_EnableIRQ)
    HAL_NVIC_SetPriority                     0x080019e9   Thumb Code    86  stm32f1xx_hal_cortex.o(.text.HAL_NVIC_SetPriority)
    HAL_NVIC_SetPriorityGrouping             0x08001a41   Thumb Code    32  stm32f1xx_hal_cortex.o(.text.HAL_NVIC_SetPriorityGrouping)
    HAL_RCC_ClockConfig                      0x08001a61   Thumb Code   446  stm32f1xx_hal_rcc.o(.text.HAL_RCC_ClockConfig)
    HAL_RCC_GetPCLK1Freq                     0x08001c21   Thumb Code    38  stm32f1xx_hal_rcc.o(.text.HAL_RCC_GetPCLK1Freq)
    HAL_RCC_GetPCLK2Freq                     0x08001c49   Thumb Code    38  stm32f1xx_hal_rcc.o(.text.HAL_RCC_GetPCLK2Freq)
    HAL_RCC_OscConfig                        0x08001c71   Thumb Code   948  stm32f1xx_hal_rcc.o(.text.HAL_RCC_OscConfig)
    HAL_SYSTICK_Config                       0x08002025   Thumb Code    44  stm32f1xx_hal_cortex.o(.text.HAL_SYSTICK_Config)
    HAL_UARTEx_RxEventCallback               0x08002051   Thumb Code     2  stm32f1xx_hal_uart.o(.text.HAL_UARTEx_RxEventCallback)
    HAL_UART_ErrorCallback                   0x08002055   Thumb Code     2  stm32f1xx_hal_uart.o(.text.HAL_UART_ErrorCallback)
    HAL_UART_IRQHandler                      0x08002059   Thumb Code  1380  stm32f1xx_hal_uart.o(.text.HAL_UART_IRQHandler)
    HAL_UART_Init                            0x080025bd   Thumb Code   222  stm32f1xx_hal_uart.o(.text.HAL_UART_Init)
    HAL_UART_MspInit                         0x0800269d   Thumb Code   340  usart.o(.text.HAL_UART_MspInit)
    HAL_UART_Receive                         0x080027f1   Thumb Code   542  stm32f1xx_hal_uart.o(.text.HAL_UART_Receive)
    HAL_UART_RxCpltCallback                  0x08002a11   Thumb Code     2  stm32f1xx_hal_uart.o(.text.HAL_UART_RxCpltCallback)
    HAL_UART_Transmit                        0x08002a15   Thumb Code   358  stm32f1xx_hal_uart.o(.text.HAL_UART_Transmit)
    HAL_UART_TxCpltCallback                  0x08002b7d   Thumb Code     2  stm32f1xx_hal_uart.o(.text.HAL_UART_TxCpltCallback)
    HardFault_Handler                        0x08002b81   Thumb Code     2  stm32f1xx_it.o(.text.HardFault_Handler)
    MX_CRC_Init                              0x08002b85   Thumb Code    38  crc.o(.text.MX_CRC_Init)
    MX_GPIO_Init                             0x08002bad   Thumb Code   134  gpio.o(.text.MX_GPIO_Init)
    MX_USART1_UART_Init                      0x08002c35   Thumb Code    60  usart.o(.text.MX_USART1_UART_Init)
    MX_USART2_UART_Init                      0x08002c71   Thumb Code    60  usart.o(.text.MX_USART2_UART_Init)
    MX_USART3_UART_Init                      0x08002cad   Thumb Code    60  usart.o(.text.MX_USART3_UART_Init)
    MemManage_Handler                        0x08002ce9   Thumb Code     2  stm32f1xx_it.o(.text.MemManage_Handler)
    Modbus_Read_Register                     0x08002ced   Thumb Code   468  cod.o(.text.Modbus_Read_Register)
    Modbus_Receive_Response                  0x08002ec1   Thumb Code   364  cod.o(.text.Modbus_Receive_Response)
    NMI_Handler                              0x08003075   Thumb Code     2  stm32f1xx_it.o(.text.NMI_Handler)
    PendSV_Handler                           0x08003079   Thumb Code     2  stm32f1xx_it.o(.text.PendSV_Handler)
    SVC_Handler                              0x0800307d   Thumb Code     2  stm32f1xx_it.o(.text.SVC_Handler)
    SysTick_Handler                          0x08003081   Thumb Code     4  stm32f1xx_it.o(.text.SysTick_Handler)
    SystemInit                               0x08003085   Thumb Code     2  system_stm32f1xx.o(.text.SystemInit)
    USART1_IRQHandler                        0x08003195   Thumb Code    12  stm32f1xx_it.o(.text.USART1_IRQHandler)
    USART2_IRQHandler                        0x080031a1   Thumb Code    12  stm32f1xx_it.o(.text.USART2_IRQHandler)
    USART3_IRQHandler                        0x080031ad   Thumb Code    12  stm32f1xx_it.o(.text.USART3_IRQHandler)
    UsageFault_Handler                       0x080031b9   Thumb Code     2  stm32f1xx_it.o(.text.UsageFault_Handler)
    main                                     0x080031bd   Thumb Code   142  main.o(.text.main)
    _btod_d2e                                0x0800324b   Thumb Code    62  btod.o(CL$$btod_d2e)
    _d2e_denorm_low                          0x08003289   Thumb Code    70  btod.o(CL$$btod_d2e_denorm_low)
    _d2e_norm_op1                            0x080032cf   Thumb Code    96  btod.o(CL$$btod_d2e_norm_op1)
    __btod_div_common                        0x08003331   Thumb Code   696  btod.o(CL$$btod_div_common)
    _e2e                                     0x08003669   Thumb Code   220  btod.o(CL$$btod_e2e)
    _btod_ediv                               0x08003745   Thumb Code    42  btod.o(CL$$btod_ediv)
    _btod_emul                               0x0800376f   Thumb Code    42  btod.o(CL$$btod_emul)
    __btod_mult_common                       0x08003799   Thumb Code   580  btod.o(CL$$btod_mult_common)
    __ARM_fpclassify                         0x080039dd   Thumb Code    40  fpclassify.o(i.__ARM_fpclassify)
    _is_digit                                0x08003a05   Thumb Code    14  __printf_wp.o(i._is_digit)
    fputc                                    0x08003a13   Thumb Code    28  fputc.o(i.fputc)
    _get_lc_numeric                          0x08003a31   Thumb Code    44  lc_numeric_c.o(locale$$code)
    __fpl_dretinf                            0x08003a5d   Thumb Code    12  dretinf.o(x$fpl$dretinf)
    __aeabi_f2d                              0x08003a69   Thumb Code     0  f2d.o(x$fpl$f2d)
    _f2d                                     0x08003a69   Thumb Code    86  f2d.o(x$fpl$f2d)
    __aeabi_fdiv                             0x08003ac1   Thumb Code     0  fdiv.o(x$fpl$fdiv)
    _fdiv                                    0x08003ac1   Thumb Code   384  fdiv.o(x$fpl$fdiv)
    __aeabi_i2f                              0x08003c45   Thumb Code     0  fflt_clz.o(x$fpl$fflt)
    _fflt                                    0x08003c45   Thumb Code    48  fflt_clz.o(x$fpl$fflt)
    __fpl_fnaninf                            0x08003c75   Thumb Code   140  fnaninf.o(x$fpl$fnaninf)
    __fpl_fretinf                            0x08003d01   Thumb Code    10  fretinf.o(x$fpl$fretinf)
    _printf_fp_dec                           0x08003d0b   Thumb Code     4  printf1.o(x$fpl$printf1)
    __I$use$fp                               0x08003d0e   Number         0  usenofp.o(x$fpl$usenofp)
    __stdin_name                             0x08003db4   Data           4  sys_io_names.o(.constdata)
    __stdout_name                            0x08003db8   Data           4  sys_io_names.o(.constdata)
    __stderr_name                            0x08003dbc   Data           4  sys_io_names.o(.constdata)
    AHBPrescTable                            0x08003dc0   Data          16  system_stm32f1xx.o(.rodata.AHBPrescTable)
    APBPrescTable                            0x08003dd0   Data           8  system_stm32f1xx.o(.rodata.APBPrescTable)
    Region$$Table$$Base                      0x08003dec   Number         0  anon$$obj.o(Region$$Table)
    Region$$Table$$Limit                     0x08003e0c   Number         0  anon$$obj.o(Region$$Table)
    __aeabi_stdin                            0x20000000   Data           4  stdio_streams.o(.data)
    __aeabi_stdout                           0x20000004   Data           4  stdio_streams.o(.data)
    __aeabi_stderr                           0x20000008   Data           4  stdio_streams.o(.data)
    uwTickFreq                               0x2000000c   Data           1  stm32f1xx_hal.o(.data..L_MergedGlobals)
    uwTickPrio                               0x20000010   Data           4  stm32f1xx_hal.o(.data..L_MergedGlobals)
    SystemCoreClock                          0x20000014   Data           4  system_stm32f1xx.o(.data.SystemCoreClock)
    __stdin                                  0x20000018   Data          84  stdio_streams.o(.bss)
    __stdout                                 0x2000006c   Data          84  stdio_streams.o(.bss)
    __stderr                                 0x200000c0   Data          84  stdio_streams.o(.bss)
    __libspace_start                         0x20000114   Data          96  libspace.o(.bss)
    __temporary_stack_top$libspace           0x20000174   Data           0  libspace.o(.bss)
    hcrc                                     0x20000174   Data           8  crc.o(.bss.hcrc)
    huart1                                   0x2000017c   Data          72  usart.o(.bss.huart1)
    huart2                                   0x200001c4   Data          72  usart.o(.bss.huart2)
    huart3                                   0x2000020c   Data          72  usart.o(.bss.huart3)
    uwTick                                   0x20000254   Data           4  stm32f1xx_hal.o(.bss.uwTick)



==============================================================================

Memory Map of the image

  Image Entry point : 0x080000ed

  Load Region LR_IROM1 (Base: 0x08000000, Size: 0x00003e40, Max: 0x00010000, ABSOLUTE)

    Execution Region ER_IROM1 (Exec base: 0x08000000, Load base: 0x08000000, Size: 0x00003e28, Max: 0x00010000, ABSOLUTE)

    Exec Addr    Load Addr    Size         Type   Attr      Idx    E Section Name        Object

    0x08000000   0x08000000   0x000000ec   Data   RO            3    RESET               startup_stm32f103xb.o
    0x080000ec   0x080000ec   0x00000008   Code   RO          748  * !!!main             c_w.l(__main.o)
    0x080000f4   0x080000f4   0x00000034   Code   RO         1189    !!!scatter          c_w.l(__scatter.o)
    0x08000128   0x08000128   0x0000001a   Code   RO         1191    !!handler_copy      c_w.l(__scatter_copy.o)
    0x08000142   0x08000142   0x00000002   PAD
    0x08000144   0x08000144   0x0000001c   Code   RO         1193    !!handler_zi        c_w.l(__scatter_zi.o)
    0x08000160   0x08000160   0x00000000   Code   RO          732    .ARM.Collect$$_printf_percent$$00000000  c_w.l(_printf_percent.o)
    0x08000160   0x08000160   0x00000006   Code   RO          731    .ARM.Collect$$_printf_percent$$00000003  c_w.l(_printf_f.o)
    0x08000166   0x08000166   0x00000004   Code   RO          781    .ARM.Collect$$_printf_percent$$00000017  c_w.l(_printf_percent_end.o)
    0x0800016a   0x0800016a   0x00000002   Code   RO          995    .ARM.Collect$$libinit$$00000000  c_w.l(libinit.o)
    0x0800016c   0x0800016c   0x00000000   Code   RO          997    .ARM.Collect$$libinit$$00000002  c_w.l(libinit2.o)
    0x0800016c   0x0800016c   0x00000000   Code   RO          999    .ARM.Collect$$libinit$$00000004  c_w.l(libinit2.o)
    0x0800016c   0x0800016c   0x00000000   Code   RO         1001    .ARM.Collect$$libinit$$00000006  c_w.l(libinit2.o)
    0x0800016c   0x0800016c   0x00000008   Code   RO         1002    .ARM.Collect$$libinit$$00000007  c_w.l(libinit2.o)
    0x08000174   0x08000174   0x00000000   Code   RO         1004    .ARM.Collect$$libinit$$0000000C  c_w.l(libinit2.o)
    0x08000174   0x08000174   0x00000000   Code   RO         1006    .ARM.Collect$$libinit$$0000000E  c_w.l(libinit2.o)
    0x08000174   0x08000174   0x00000000   Code   RO         1008    .ARM.Collect$$libinit$$00000010  c_w.l(libinit2.o)
    0x08000174   0x08000174   0x00000006   Code   RO         1009    .ARM.Collect$$libinit$$00000011  c_w.l(libinit2.o)
    0x0800017a   0x0800017a   0x00000000   Code   RO         1011    .ARM.Collect$$libinit$$00000013  c_w.l(libinit2.o)
    0x0800017a   0x0800017a   0x00000000   Code   RO         1013    .ARM.Collect$$libinit$$00000015  c_w.l(libinit2.o)
    0x0800017a   0x0800017a   0x00000000   Code   RO         1015    .ARM.Collect$$libinit$$00000017  c_w.l(libinit2.o)
    0x0800017a   0x0800017a   0x0000000a   Code   RO         1016    .ARM.Collect$$libinit$$00000018  c_w.l(libinit2.o)
    0x08000184   0x08000184   0x00000000   Code   RO         1017    .ARM.Collect$$libinit$$00000019  c_w.l(libinit2.o)
    0x08000184   0x08000184   0x00000000   Code   RO         1019    .ARM.Collect$$libinit$$0000001B  c_w.l(libinit2.o)
    0x08000184   0x08000184   0x00000000   Code   RO         1021    .ARM.Collect$$libinit$$0000001D  c_w.l(libinit2.o)
    0x08000184   0x08000184   0x00000000   Code   RO         1023    .ARM.Collect$$libinit$$0000001F  c_w.l(libinit2.o)
    0x08000184   0x08000184   0x00000000   Code   RO         1025    .ARM.Collect$$libinit$$00000021  c_w.l(libinit2.o)
    0x08000184   0x08000184   0x00000000   Code   RO         1027    .ARM.Collect$$libinit$$00000023  c_w.l(libinit2.o)
    0x08000184   0x08000184   0x00000000   Code   RO         1029    .ARM.Collect$$libinit$$00000025  c_w.l(libinit2.o)
    0x08000184   0x08000184   0x00000004   Code   RO         1030    .ARM.Collect$$libinit$$00000026  c_w.l(libinit2.o)
    0x08000188   0x08000188   0x00000000   Code   RO         1031    .ARM.Collect$$libinit$$00000027  c_w.l(libinit2.o)
    0x08000188   0x08000188   0x00000000   Code   RO         1035    .ARM.Collect$$libinit$$0000002E  c_w.l(libinit2.o)
    0x08000188   0x08000188   0x00000000   Code   RO         1037    .ARM.Collect$$libinit$$00000030  c_w.l(libinit2.o)
    0x08000188   0x08000188   0x00000000   Code   RO         1039    .ARM.Collect$$libinit$$00000032  c_w.l(libinit2.o)
    0x08000188   0x08000188   0x00000000   Code   RO         1041    .ARM.Collect$$libinit$$00000034  c_w.l(libinit2.o)
    0x08000188   0x08000188   0x00000002   Code   RO         1042    .ARM.Collect$$libinit$$00000035  c_w.l(libinit2.o)
    0x0800018a   0x0800018a   0x00000002   Code   RO         1168    .ARM.Collect$$libshutdown$$00000000  c_w.l(libshutdown.o)
    0x0800018c   0x0800018c   0x00000000   Code   RO         1044    .ARM.Collect$$libshutdown$$00000002  c_w.l(libshutdown2.o)
    0x0800018c   0x0800018c   0x00000004   Code   RO         1045    .ARM.Collect$$libshutdown$$00000003  c_w.l(libshutdown2.o)
    0x08000190   0x08000190   0x00000000   Code   RO         1046    .ARM.Collect$$libshutdown$$00000004  c_w.l(libshutdown2.o)
    0x08000190   0x08000190   0x00000000   Code   RO         1049    .ARM.Collect$$libshutdown$$00000007  c_w.l(libshutdown2.o)
    0x08000190   0x08000190   0x00000000   Code   RO         1052    .ARM.Collect$$libshutdown$$0000000A  c_w.l(libshutdown2.o)
    0x08000190   0x08000190   0x00000000   Code   RO         1054    .ARM.Collect$$libshutdown$$0000000C  c_w.l(libshutdown2.o)
    0x08000190   0x08000190   0x00000000   Code   RO         1057    .ARM.Collect$$libshutdown$$0000000F  c_w.l(libshutdown2.o)
    0x08000190   0x08000190   0x00000002   Code   RO         1058    .ARM.Collect$$libshutdown$$00000010  c_w.l(libshutdown2.o)
    0x08000192   0x08000192   0x00000000   Code   RO          764    .ARM.Collect$$rtentry$$00000000  c_w.l(__rtentry.o)
    0x08000192   0x08000192   0x00000000   Code   RO          805    .ARM.Collect$$rtentry$$00000002  c_w.l(__rtentry2.o)
    0x08000192   0x08000192   0x00000006   Code   RO          817    .ARM.Collect$$rtentry$$00000004  c_w.l(__rtentry4.o)
    0x08000198   0x08000198   0x00000000   Code   RO          807    .ARM.Collect$$rtentry$$00000009  c_w.l(__rtentry2.o)
    0x08000198   0x08000198   0x00000004   Code   RO          808    .ARM.Collect$$rtentry$$0000000A  c_w.l(__rtentry2.o)
    0x0800019c   0x0800019c   0x00000000   Code   RO          810    .ARM.Collect$$rtentry$$0000000C  c_w.l(__rtentry2.o)
    0x0800019c   0x0800019c   0x00000008   Code   RO          811    .ARM.Collect$$rtentry$$0000000D  c_w.l(__rtentry2.o)
    0x080001a4   0x080001a4   0x00000002   Code   RO         1062    .ARM.Collect$$rtexit$$00000000  c_w.l(rtexit.o)
    0x080001a6   0x080001a6   0x00000000   Code   RO         1120    .ARM.Collect$$rtexit$$00000002  c_w.l(rtexit2.o)
    0x080001a6   0x080001a6   0x00000004   Code   RO         1121    .ARM.Collect$$rtexit$$00000003  c_w.l(rtexit2.o)
    0x080001aa   0x080001aa   0x00000006   Code   RO         1122    .ARM.Collect$$rtexit$$00000004  c_w.l(rtexit2.o)
    0x080001b0   0x080001b0   0x00000040   Code   RO            4    .text               startup_stm32f103xb.o
    0x080001f0   0x080001f0   0x00000018   Code   RO          661    .text               c_w.l(noretval__2printf.o)
    0x08000208   0x08000208   0x00000188   Code   RO          722    .text               c_w.l(__printf_flags_ss_wp.o)
    0x08000390   0x08000390   0x0000002c   Code   RO          734    .text               c_w.l(puts.o)
    0x080003bc   0x080003bc   0x0000003e   Code   RO          738    .text               c_w.l(strlen.o)
    0x080003fa   0x080003fa   0x0000004e   Code   RO          744    .text               c_w.l(rt_memclr_w.o)
    0x08000448   0x08000448   0x00000006   Code   RO          746    .text               c_w.l(heapauxi.o)
    0x0800044e   0x0800044e   0x0000041c   Code   RO          767    .text               c_w.l(_printf_fp_dec.o)
    0x0800086a   0x0800086a   0x00000002   PAD
    0x0800086c   0x0800086c   0x00000030   Code   RO          771    .text               c_w.l(_printf_char_common.o)
    0x0800089c   0x0800089c   0x00000024   Code   RO          777    .text               c_w.l(_printf_char_file.o)
    0x080008c0   0x080008c0   0x00000008   Code   RO          824    .text               c_w.l(rt_locale_intlibspace.o)
    0x080008c8   0x080008c8   0x0000008a   Code   RO          826    .text               c_w.l(lludiv10.o)
    0x08000952   0x08000952   0x00000002   PAD
    0x08000954   0x08000954   0x00000080   Code   RO          828    .text               c_w.l(_printf_fp_infnan.o)
    0x080009d4   0x080009d4   0x000000e4   Code   RO          832    .text               c_w.l(bigflt0.o)
    0x08000ab8   0x08000ab8   0x00000008   Code   RO          859    .text               c_w.l(ferror.o)
    0x08000ac0   0x08000ac0   0x000001e2   Code   RO          861    .text               c_w.l(flsbuf.o)
    0x08000ca2   0x08000ca2   0x00000002   PAD
    0x08000ca4   0x08000ca4   0x00000138   Code   RO          863    .text               c_w.l(initio.o)
    0x08000ddc   0x08000ddc   0x00000066   Code   RO          878    .text               c_w.l(sys_io.o)
    0x08000e42   0x08000e42   0x00000002   PAD
    0x08000e44   0x08000e44   0x00000008   Code   RO          885    .text               c_w.l(libspace.o)
    0x08000e4c   0x08000e4c   0x0000004a   Code   RO          890    .text               c_w.l(sys_stackheap_outer.o)
    0x08000e96   0x08000e96   0x0000005e   Code   RO          896    .text               c_w.l(h1_alloc.o)
    0x08000ef4   0x08000ef4   0x0000004e   Code   RO          898    .text               c_w.l(h1_free.o)
    0x08000f42   0x08000f42   0x00000046   Code   RO          958    .text               c_w.l(setvbuf.o)
    0x08000f88   0x08000f88   0x000000f0   Code   RO          960    .text               c_w.l(stdio.o)
    0x08001078   0x08001078   0x000000f0   Code   RO          965    .text               c_w.l(fopen.o)
    0x08001168   0x08001168   0x0000004c   Code   RO          967    .text               c_w.l(fclose.o)
    0x080011b4   0x080011b4   0x00000012   Code   RO          980    .text               c_w.l(exit.o)
    0x080011c6   0x080011c6   0x0000000e   Code   RO          982    .text               c_w.l(defsig_rtred_outer.o)
    0x080011d4   0x080011d4   0x00000080   Code   RO          988    .text               c_w.l(strcmpv7m.o)
    0x08001254   0x08001254   0x00000002   Code   RO         1059    .text               c_w.l(use_no_semi.o)
    0x08001256   0x08001256   0x00000000   Code   RO         1061    .text               c_w.l(indicate_semi.o)
    0x08001256   0x08001256   0x00000002   PAD
    0x08001258   0x08001258   0x00000008   Code   RO         1069    .text               c_w.l(rt_heap_descriptor_intlibspace.o)
    0x08001260   0x08001260   0x00000004   Code   RO         1071    .text               c_w.l(hguard.o)
    0x08001264   0x08001264   0x0000008a   Code   RO         1073    .text               c_w.l(init_alloc.o)
    0x080012ee   0x080012ee   0x0000000e   Code   RO         1077    .text               c_w.l(h1_init.o)
    0x080012fc   0x080012fc   0x000000f8   Code   RO         1095    .text               c_w.l(fseek.o)
    0x080013f4   0x080013f4   0x0000000a   Code   RO         1101    .text               c_w.l(defsig_exit.o)
    0x080013fe   0x080013fe   0x00000002   PAD
    0x08001400   0x08001400   0x00000034   Code   RO         1103    .text               c_w.l(defsig_rtred_inner.o)
    0x08001434   0x08001434   0x0000000c   Code   RO         1113    .text               c_w.l(sys_exit.o)
    0x08001440   0x08001440   0x00000000   Code   RO         1128    .text               c_w.l(maybetermalloc1.o)
    0x08001440   0x08001440   0x00000034   Code   RO         1130    .text               c_w.l(h1_extend.o)
    0x08001474   0x08001474   0x00000042   Code   RO         1134    .text               c_w.l(ftell.o)
    0x080014b6   0x080014b6   0x00000032   Code   RO         1138    .text               c_w.l(defsig_general.o)
    0x080014e8   0x080014e8   0x0000000e   Code   RO         1140    .text               c_w.l(defsig_rtmem_outer.o)
    0x080014f6   0x080014f6   0x0000000e   Code   RO         1151    .text               c_w.l(sys_wrch.o)
    0x08001504   0x08001504   0x00000008   Code   RO         1158    .text               c_w.l(rt_errno_addr_intlibspace.o)
    0x0800150c   0x0800150c   0x00000050   Code   RO         1162    .text               c_w.l(defsig_rtmem_inner.o)
    0x0800155c   0x0800155c   0x00000002   Code   RO          116    .text.BusFault_Handler  stm32f1xx_it.o
    0x0800155e   0x0800155e   0x00000002   PAD
    0x08001560   0x08001560   0x00000002   Code   RO          122    .text.DebugMon_Handler  stm32f1xx_it.o
    0x08001562   0x08001562   0x00000002   PAD
    0x08001564   0x08001564   0x0000000a   Code   RO           55    .text.Error_Handler  main.o
    0x0800156e   0x0800156e   0x00000002   PAD
    0x08001570   0x08001570   0x0000002a   Code   RO          164    .text.HAL_CRC_Init  stm32f1xx_hal_crc.o
    0x0800159a   0x0800159a   0x00000002   PAD
    0x0800159c   0x0800159c   0x00000032   Code   RO           76    .text.HAL_CRC_MspInit  crc.o
    0x080015ce   0x080015ce   0x00000002   PAD
    0x080015d0   0x080015d0   0x00000046   Code   RO          330    .text.HAL_DMA_Abort  stm32f1xx_hal_dma.o
    0x08001616   0x08001616   0x00000002   PAD
    0x08001618   0x08001618   0x000000b2   Code   RO          332    .text.HAL_DMA_Abort_IT  stm32f1xx_hal_dma.o
    0x080016ca   0x080016ca   0x00000002   PAD
    0x080016cc   0x080016cc   0x00000212   Code   RO          298    .text.HAL_GPIO_Init  stm32f1xx_hal_gpio.o
    0x080018de   0x080018de   0x00000002   PAD
    0x080018e0   0x080018e0   0x0000000a   Code   RO          304    .text.HAL_GPIO_WritePin  stm32f1xx_hal_gpio.o
    0x080018ea   0x080018ea   0x00000002   PAD
    0x080018ec   0x080018ec   0x0000000c   Code   RO          198    .text.HAL_GetTick   stm32f1xx_hal.o
    0x080018f8   0x080018f8   0x0000001a   Code   RO          196    .text.HAL_IncTick   stm32f1xx_hal.o
    0x08001912   0x08001912   0x00000002   PAD
    0x08001914   0x08001914   0x00000026   Code   RO          186    .text.HAL_Init      stm32f1xx_hal.o
    0x0800193a   0x0800193a   0x00000002   PAD
    0x0800193c   0x0800193c   0x00000048   Code   RO          188    .text.HAL_InitTick  stm32f1xx_hal.o
    0x08001984   0x08001984   0x00000042   Code   RO          141    .text.HAL_MspInit   stm32f1xx_hal_msp.o
    0x080019c6   0x080019c6   0x00000002   PAD
    0x080019c8   0x080019c8   0x00000020   Code   RO          358    .text.HAL_NVIC_EnableIRQ  stm32f1xx_hal_cortex.o
    0x080019e8   0x080019e8   0x00000056   Code   RO          356    .text.HAL_NVIC_SetPriority  stm32f1xx_hal_cortex.o
    0x08001a3e   0x08001a3e   0x00000002   PAD
    0x08001a40   0x08001a40   0x00000020   Code   RO          354    .text.HAL_NVIC_SetPriorityGrouping  stm32f1xx_hal_cortex.o
    0x08001a60   0x08001a60   0x000001be   Code   RO          250    .text.HAL_RCC_ClockConfig  stm32f1xx_hal_rcc.o
    0x08001c1e   0x08001c1e   0x00000002   PAD
    0x08001c20   0x08001c20   0x00000026   Code   RO          262    .text.HAL_RCC_GetPCLK1Freq  stm32f1xx_hal_rcc.o
    0x08001c46   0x08001c46   0x00000002   PAD
    0x08001c48   0x08001c48   0x00000026   Code   RO          264    .text.HAL_RCC_GetPCLK2Freq  stm32f1xx_hal_rcc.o
    0x08001c6e   0x08001c6e   0x00000002   PAD
    0x08001c70   0x08001c70   0x000003b4   Code   RO          248    .text.HAL_RCC_OscConfig  stm32f1xx_hal_rcc.o
    0x08002024   0x08002024   0x0000002c   Code   RO          366    .text.HAL_SYSTICK_Config  stm32f1xx_hal_cortex.o
    0x08002050   0x08002050   0x00000002   Code   RO          605    .text.HAL_UARTEx_RxEventCallback  stm32f1xx_hal_uart.o
    0x08002052   0x08002052   0x00000002   PAD
    0x08002054   0x08002054   0x00000002   Code   RO          603    .text.HAL_UART_ErrorCallback  stm32f1xx_hal_uart.o
    0x08002056   0x08002056   0x00000002   PAD
    0x08002058   0x08002058   0x00000564   Code   RO          597    .text.HAL_UART_IRQHandler  stm32f1xx_hal_uart.o
    0x080025bc   0x080025bc   0x000000de   Code   RO          521    .text.HAL_UART_Init  stm32f1xx_hal_uart.o
    0x0800269a   0x0800269a   0x00000002   PAD
    0x0800269c   0x0800269c   0x00000154   Code   RO           95    .text.HAL_UART_MspInit  usart.o
    0x080027f0   0x080027f0   0x0000021e   Code   RO          537    .text.HAL_UART_Receive  stm32f1xx_hal_uart.o
    0x08002a0e   0x08002a0e   0x00000002   PAD
    0x08002a10   0x08002a10   0x00000002   Code   RO          611    .text.HAL_UART_RxCpltCallback  stm32f1xx_hal_uart.o
    0x08002a12   0x08002a12   0x00000002   PAD
    0x08002a14   0x08002a14   0x00000166   Code   RO          535    .text.HAL_UART_Transmit  stm32f1xx_hal_uart.o
    0x08002b7a   0x08002b7a   0x00000002   PAD
    0x08002b7c   0x08002b7c   0x00000002   Code   RO          607    .text.HAL_UART_TxCpltCallback  stm32f1xx_hal_uart.o
    0x08002b7e   0x08002b7e   0x00000002   PAD
    0x08002b80   0x08002b80   0x00000002   Code   RO          112    .text.HardFault_Handler  stm32f1xx_it.o
    0x08002b82   0x08002b82   0x00000002   PAD
    0x08002b84   0x08002b84   0x00000026   Code   RO           74    .text.MX_CRC_Init   crc.o
    0x08002baa   0x08002baa   0x00000002   PAD
    0x08002bac   0x08002bac   0x00000086   Code   RO           65    .text.MX_GPIO_Init  gpio.o
    0x08002c32   0x08002c32   0x00000002   PAD
    0x08002c34   0x08002c34   0x0000003c   Code   RO           89    .text.MX_USART1_UART_Init  usart.o
    0x08002c70   0x08002c70   0x0000003c   Code   RO           91    .text.MX_USART2_UART_Init  usart.o
    0x08002cac   0x08002cac   0x0000003c   Code   RO           93    .text.MX_USART3_UART_Init  usart.o
    0x08002ce8   0x08002ce8   0x00000002   Code   RO          114    .text.MemManage_Handler  stm32f1xx_it.o
    0x08002cea   0x08002cea   0x00000002   PAD
    0x08002cec   0x08002cec   0x000001d4   Code   RO           39    .text.Modbus_Read_Register  cod.o
    0x08002ec0   0x08002ec0   0x000001b4   Code   RO           41    .text.Modbus_Receive_Response  cod.o
    0x08003074   0x08003074   0x00000002   Code   RO          110    .text.NMI_Handler   stm32f1xx_it.o
    0x08003076   0x08003076   0x00000002   PAD
    0x08003078   0x08003078   0x00000002   Code   RO          124    .text.PendSV_Handler  stm32f1xx_it.o
    0x0800307a   0x0800307a   0x00000002   PAD
    0x0800307c   0x0800307c   0x00000002   Code   RO          120    .text.SVC_Handler   stm32f1xx_it.o
    0x0800307e   0x0800307e   0x00000002   PAD
    0x08003080   0x08003080   0x00000004   Code   RO          126    .text.SysTick_Handler  stm32f1xx_it.o
    0x08003084   0x08003084   0x00000002   Code   RO          641    .text.SystemInit    system_stm32f1xx.o
    0x08003086   0x08003086   0x00000002   PAD
    0x08003088   0x08003088   0x0000000c   Code   RO          601    .text.UART_DMAAbortOnError  stm32f1xx_hal_uart.o
    0x08003094   0x08003094   0x000000fe   Code   RO          599    .text.UART_Receive_IT  stm32f1xx_hal_uart.o
    0x08003192   0x08003192   0x00000002   PAD
    0x08003194   0x08003194   0x0000000c   Code   RO          128    .text.USART1_IRQHandler  stm32f1xx_it.o
    0x080031a0   0x080031a0   0x0000000c   Code   RO          130    .text.USART2_IRQHandler  stm32f1xx_it.o
    0x080031ac   0x080031ac   0x0000000c   Code   RO          132    .text.USART3_IRQHandler  stm32f1xx_it.o
    0x080031b8   0x080031b8   0x00000002   Code   RO          118    .text.UsageFault_Handler  stm32f1xx_it.o
    0x080031ba   0x080031ba   0x00000002   PAD
    0x080031bc   0x080031bc   0x0000008e   Code   RO           51    .text.main          main.o
    0x0800324a   0x0800324a   0x0000003e   Code   RO          835    CL$$btod_d2e        c_w.l(btod.o)
    0x08003288   0x08003288   0x00000046   Code   RO          837    CL$$btod_d2e_denorm_low  c_w.l(btod.o)
    0x080032ce   0x080032ce   0x00000060   Code   RO          836    CL$$btod_d2e_norm_op1  c_w.l(btod.o)
    0x0800332e   0x0800332e   0x00000002   PAD
    0x08003330   0x08003330   0x00000338   Code   RO          845    CL$$btod_div_common  c_w.l(btod.o)
    0x08003668   0x08003668   0x000000dc   Code   RO          842    CL$$btod_e2e        c_w.l(btod.o)
    0x08003744   0x08003744   0x0000002a   Code   RO          839    CL$$btod_ediv       c_w.l(btod.o)
    0x0800376e   0x0800376e   0x0000002a   Code   RO          838    CL$$btod_emul       c_w.l(btod.o)
    0x08003798   0x08003798   0x00000244   Code   RO          844    CL$$btod_mult_common  c_w.l(btod.o)
    0x080039dc   0x080039dc   0x00000028   Code   RO          876    i.__ARM_fpclassify  m_ws.l(fpclassify.o)
    0x08003a04   0x08003a04   0x0000000e   Code   RO          715    i._is_digit         c_w.l(__printf_wp.o)
    0x08003a12   0x08003a12   0x0000001c   Code   RO          784    i.fputc             c_w.l(fputc.o)
    0x08003a2e   0x08003a2e   0x00000002   PAD
    0x08003a30   0x08003a30   0x0000002c   Code   RO          870    locale$$code        c_w.l(lc_numeric_c.o)
    0x08003a5c   0x08003a5c   0x0000000c   Code   RO          797    x$fpl$dretinf       fz_ws.l(dretinf.o)
    0x08003a68   0x08003a68   0x00000056   Code   RO          750    x$fpl$f2d           fz_ws.l(f2d.o)
    0x08003abe   0x08003abe   0x00000002   PAD
    0x08003ac0   0x08003ac0   0x00000184   Code   RO          753    x$fpl$fdiv          fz_ws.l(fdiv.o)
    0x08003c44   0x08003c44   0x00000030   Code   RO          757    x$fpl$fflt          fz_ws.l(fflt_clz.o)
    0x08003c74   0x08003c74   0x0000008c   Code   RO          799    x$fpl$fnaninf       fz_ws.l(fnaninf.o)
    0x08003d00   0x08003d00   0x0000000a   Code   RO          801    x$fpl$fretinf       fz_ws.l(fretinf.o)
    0x08003d0a   0x08003d0a   0x00000004   Code   RO          762    x$fpl$printf1       fz_ws.l(printf1.o)
    0x08003d0e   0x08003d0e   0x00000000   Code   RO          803    x$fpl$usenofp       fz_ws.l(usenofp.o)
    0x08003d0e   0x08003d0e   0x00000011   Data   RO          723    .constdata          c_w.l(__printf_flags_ss_wp.o)
    0x08003d1f   0x08003d1f   0x00000001   PAD
    0x08003d20   0x08003d20   0x00000094   Data   RO          833    .constdata          c_w.l(bigflt0.o)
    0x08003db4   0x08003db4   0x00000004   Data   RO          880    .constdata          c_w.l(sys_io_names.o)
    0x08003db8   0x08003db8   0x00000004   Data   RO          881    .constdata          c_w.l(sys_io_names.o)
    0x08003dbc   0x08003dbc   0x00000004   Data   RO          882    .constdata          c_w.l(sys_io_names.o)
    0x08003dc0   0x08003dc0   0x00000010   Data   RO          646    .rodata.AHBPrescTable  system_stm32f1xx.o
    0x08003dd0   0x08003dd0   0x00000008   Data   RO          647    .rodata.APBPrescTable  system_stm32f1xx.o
    0x08003dd8   0x08003dd8   0x00000002   Data   RO          275    .rodata.HAL_RCC_GetSysClockFreq.aPredivFactorTable  stm32f1xx_hal_rcc.o
    0x08003dda   0x08003dda   0x00000010   Data   RO          274    .rodata.cst16       stm32f1xx_hal_rcc.o
    0x08003dea   0x08003dea   0x00000002   PAD
    0x08003dec   0x08003dec   0x00000020   Data   RO         1188    Region$$Table       anon$$obj.o
    0x08003e0c   0x08003e0c   0x0000001c   Data   RO          869    locale$$data        c_w.l(lc_numeric_c.o)


    Execution Region RW_IRAM1 (Exec base: 0x20000000, Load base: 0x08003e28, Size: 0x00000858, Max: 0x00005000, ABSOLUTE)

    Exec Addr    Load Addr    Size         Type   Attr      Idx    E Section Name        Object

    0x20000000   0x08003e28   0x00000004   Data   RW          790    .data               c_w.l(stdio_streams.o)
    0x20000004   0x08003e2c   0x00000004   Data   RW          791    .data               c_w.l(stdio_streams.o)
    0x20000008   0x08003e30   0x00000004   Data   RW          792    .data               c_w.l(stdio_streams.o)
    0x2000000c   0x08003e34   0x00000008   Data   RW          237    .data..L_MergedGlobals  stm32f1xx_hal.o
    0x20000014   0x08003e3c   0x00000004   Data   RW          645    .data.SystemCoreClock  system_stm32f1xx.o
    0x20000018        -       0x00000054   Zero   RW          787    .bss                c_w.l(stdio_streams.o)
    0x2000006c        -       0x00000054   Zero   RW          788    .bss                c_w.l(stdio_streams.o)
    0x200000c0        -       0x00000054   Zero   RW          789    .bss                c_w.l(stdio_streams.o)
    0x20000114        -       0x00000060   Zero   RW          886    .bss                c_w.l(libspace.o)
    0x20000174        -       0x00000008   Zero   RW           80    .bss.hcrc           crc.o
    0x2000017c        -       0x00000048   Zero   RW           99    .bss.huart1         usart.o
    0x200001c4        -       0x00000048   Zero   RW          100    .bss.huart2         usart.o
    0x2000020c        -       0x00000048   Zero   RW          101    .bss.huart3         usart.o
    0x20000254        -       0x00000004   Zero   RW          236    .bss.uwTick         stm32f1xx_hal.o
    0x20000258        -       0x00000200   Zero   RW            2    HEAP                startup_stm32f103xb.o
    0x20000458        -       0x00000400   Zero   RW            1    STACK               startup_stm32f103xb.o


==============================================================================

Image component sizes


      Code (inc. data)   RO Data    RW Data    ZI Data      Debug   Object Name

       904         72          0          0          0       7082   cod.o
        88          0          0          0          8       2197   crc.o
       134          0          0          0          0       1593   gpio.o
       152          0          0          0          0       2375   main.o
        64         26        236          0       1536        832   startup_stm32f103xb.o
       148          0          0          8          4       5779   stm32f1xx_hal.o
       194          0          0          0          0       8505   stm32f1xx_hal_cortex.o
        42          0          0          0          0       3847   stm32f1xx_hal_crc.o
       248          0          0          0          0       8458   stm32f1xx_hal_dma.o
       540         22          0          0          0       4646   stm32f1xx_hal_gpio.o
        66          0          0          0          0       1234   stm32f1xx_hal_msp.o
      1470          0         18          0          0       7688   stm32f1xx_hal_rcc.o
      2776          0          0          0          0      32560   stm32f1xx_hal_uart.o
        56          0          0          0          0       4062   stm32f1xx_it.o
         2          0         24          4          0       1659   system_stm32f1xx.o
       520          0          0          0        216       5992   usart.o

    ----------------------------------------------------------------------
      7470        120        312         12       1764      98509   Object Totals
         0          0         32          0          0          0   (incl. Generated)
        66          0          2          0          0          0   (incl. Padding)

    ----------------------------------------------------------------------

      Code (inc. data)   RO Data    RW Data    ZI Data      Debug   Library Member Name

         8          0          0          0          0         68   __main.o
       392          4         17          0          0         92   __printf_flags_ss_wp.o
        14          0          0          0          0         68   __printf_wp.o
         0          0          0          0          0          0   __rtentry.o
        12          0          0          0          0          0   __rtentry2.o
         6          0          0          0          0          0   __rtentry4.o
        52          8          0          0          0          0   __scatter.o
        26          0          0          0          0          0   __scatter_copy.o
        28          0          0          0          0          0   __scatter_zi.o
        48          6          0          0          0         96   _printf_char_common.o
        36          4          0          0          0         80   _printf_char_file.o
         6          0          0          0          0          0   _printf_f.o
      1052          0          0          0          0        148   _printf_fp_dec.o
       128         16          0          0          0         84   _printf_fp_infnan.o
         0          0          0          0          0          0   _printf_percent.o
         4          0          0          0          0          0   _printf_percent_end.o
       228          4        148          0          0         96   bigflt0.o
      1936        128          0          0          0        668   btod.o
        10          0          0          0          0         68   defsig_exit.o
        50          0          0          0          0         88   defsig_general.o
        80         58          0          0          0         76   defsig_rtmem_inner.o
        14          0          0          0          0         80   defsig_rtmem_outer.o
        52         38          0          0          0         76   defsig_rtred_inner.o
        14          0          0          0          0         80   defsig_rtred_outer.o
        18          0          0          0          0         80   exit.o
        76          0          0          0          0         88   fclose.o
         8          0          0          0          0         68   ferror.o
       482          0          0          0          0         92   flsbuf.o
       240          6          0          0          0        128   fopen.o
        28          0          0          0          0         68   fputc.o
       248          6          0          0          0         84   fseek.o
        66          0          0          0          0         76   ftell.o
        94          0          0          0          0         80   h1_alloc.o
        52          0          0          0          0         68   h1_extend.o
        78          0          0          0          0         80   h1_free.o
        14          0          0          0          0         84   h1_init.o
         6          0          0          0          0        152   heapauxi.o
         4          0          0          0          0        136   hguard.o
         0          0          0          0          0          0   indicate_semi.o
       138          0          0          0          0        168   init_alloc.o
       312         46          0          0          0        112   initio.o
        44         10         28          0          0         76   lc_numeric_c.o
         2          0          0          0          0          0   libinit.o
        30          0          0          0          0          0   libinit2.o
         2          0          0          0          0          0   libshutdown.o
         6          0          0          0          0          0   libshutdown2.o
         8          4          0          0         96         68   libspace.o
       138          0          0          0          0         80   lludiv10.o
         0          0          0          0          0          0   maybetermalloc1.o
        24          4          0          0          0         84   noretval__2printf.o
        44          4          0          0          0         84   puts.o
         8          4          0          0          0         68   rt_errno_addr_intlibspace.o
         8          4          0          0          0         68   rt_heap_descriptor_intlibspace.o
         8          4          0          0          0         68   rt_locale_intlibspace.o
        78          0          0          0          0         80   rt_memclr_w.o
         2          0          0          0          0          0   rtexit.o
        10          0          0          0          0          0   rtexit2.o
        70          0          0          0          0         80   setvbuf.o
       240          6          0          0          0        156   stdio.o
         0          0          0         12        252          0   stdio_streams.o
       128          0          0          0          0         68   strcmpv7m.o
        62          0          0          0          0         76   strlen.o
        12          4          0          0          0         68   sys_exit.o
       102          0          0          0          0        240   sys_io.o
         0          0         12          0          0          0   sys_io_names.o
        74          0          0          0          0         80   sys_stackheap_outer.o
        14          0          0          0          0         76   sys_wrch.o
         2          0          0          0          0         68   use_no_semi.o
        12          0          0          0          0         68   dretinf.o
        86          4          0          0          0         84   f2d.o
       388         76          0          0          0         96   fdiv.o
        48          0          0          0          0         68   fflt_clz.o
       140          4          0          0          0         84   fnaninf.o
        10          0          0          0          0         68   fretinf.o
         4          0          0          0          0         68   printf1.o
         0          0          0          0          0          0   usenofp.o
        40          0          0          0          0         68   fpclassify.o

    ----------------------------------------------------------------------
      7924        452        206         12        348       5624   Library Totals
        20          0          1          0          0          0   (incl. Padding)

    ----------------------------------------------------------------------

      Code (inc. data)   RO Data    RW Data    ZI Data      Debug   Library Name

      7176        368        205         12        348       5020   c_w.l
       688         84          0          0          0        536   fz_ws.l
        40          0          0          0          0         68   m_ws.l

    ----------------------------------------------------------------------
      7924        452        206         12        348       5624   Library Totals

    ----------------------------------------------------------------------

==============================================================================


      Code (inc. data)   RO Data    RW Data    ZI Data      Debug   

     15394        572        518         24       2112     100729   Grand Totals
     15394        572        518         24       2112     100729   ELF Image Totals
     15394        572        518         24          0          0   ROM Totals

==============================================================================

    Total RO  Size (Code + RO Data)                15912 (  15.54kB)
    Total RW  Size (RW Data + ZI Data)              2136 (   2.09kB)
    Total ROM Size (Code + RO Data + RW Data)      15936 (  15.56kB)

==============================================================================

